Archive member included to satisfy reference by file (symbol)

C:/ST/STM32CubeIDE_1.13.2/STM32CubeIDE/plugins/com.st.stm32cube.ide.mcu.externaltools.gnu-tools-for-stm32.11.3.rel1.win32_1.1.1.202309131626/tools/bin/../lib/gcc/arm-none-eabi/11.3.1/../../../../arm-none-eabi/lib/thumb/v7-m/nofp\libc_nano.a(libc_a-exit.o)
                              C:/ST/STM32CubeIDE_1.13.2/STM32CubeIDE/plugins/com.st.stm32cube.ide.mcu.externaltools.gnu-tools-for-stm32.11.3.rel1.win32_1.1.1.202309131626/tools/bin/../lib/gcc/arm-none-eabi/11.3.1/../../../../arm-none-eabi/lib/thumb/v7-m/nofp/crt0.o (exit)
C:/ST/STM32CubeIDE_1.13.2/STM32CubeIDE/plugins/com.st.stm32cube.ide.mcu.externaltools.gnu-tools-for-stm32.11.3.rel1.win32_1.1.1.202309131626/tools/bin/../lib/gcc/arm-none-eabi/11.3.1/../../../../arm-none-eabi/lib/thumb/v7-m/nofp\libc_nano.a(libc_a-itoa.o)
                              ./HAL/LCD.o (itoa)
C:/ST/STM32CubeIDE_1.13.2/STM32CubeIDE/plugins/com.st.stm32cube.ide.mcu.externaltools.gnu-tools-for-stm32.11.3.rel1.win32_1.1.1.202309131626/tools/bin/../lib/gcc/arm-none-eabi/11.3.1/../../../../arm-none-eabi/lib/thumb/v7-m/nofp\libc_nano.a(libc_a-utoa.o)
                              C:/ST/STM32CubeIDE_1.13.2/STM32CubeIDE/plugins/com.st.stm32cube.ide.mcu.externaltools.gnu-tools-for-stm32.11.3.rel1.win32_1.1.1.202309131626/tools/bin/../lib/gcc/arm-none-eabi/11.3.1/../../../../arm-none-eabi/lib/thumb/v7-m/nofp\libc_nano.a(libc_a-itoa.o) (__utoa)
C:/ST/STM32CubeIDE_1.13.2/STM32CubeIDE/plugins/com.st.stm32cube.ide.mcu.externaltools.gnu-tools-for-stm32.11.3.rel1.win32_1.1.1.202309131626/tools/bin/../lib/gcc/arm-none-eabi/11.3.1/../../../../arm-none-eabi/lib/thumb/v7-m/nofp\libc_nano.a(libc_a-findfp.o)
                              C:/ST/STM32CubeIDE_1.13.2/STM32CubeIDE/plugins/com.st.stm32cube.ide.mcu.externaltools.gnu-tools-for-stm32.11.3.rel1.win32_1.1.1.202309131626/tools/bin/../lib/gcc/arm-none-eabi/11.3.1/../../../../arm-none-eabi/lib/thumb/v7-m/nofp\libc_nano.a(libc_a-exit.o) (__stdio_exit_handler)
C:/ST/STM32CubeIDE_1.13.2/STM32CubeIDE/plugins/com.st.stm32cube.ide.mcu.externaltools.gnu-tools-for-stm32.11.3.rel1.win32_1.1.1.202309131626/tools/bin/../lib/gcc/arm-none-eabi/11.3.1/../../../../arm-none-eabi/lib/thumb/v7-m/nofp\libc_nano.a(libc_a-fwalk.o)
                              C:/ST/STM32CubeIDE_1.13.2/STM32CubeIDE/plugins/com.st.stm32cube.ide.mcu.externaltools.gnu-tools-for-stm32.11.3.rel1.win32_1.1.1.202309131626/tools/bin/../lib/gcc/arm-none-eabi/11.3.1/../../../../arm-none-eabi/lib/thumb/v7-m/nofp\libc_nano.a(libc_a-findfp.o) (_fwalk_sglue)
C:/ST/STM32CubeIDE_1.13.2/STM32CubeIDE/plugins/com.st.stm32cube.ide.mcu.externaltools.gnu-tools-for-stm32.11.3.rel1.win32_1.1.1.202309131626/tools/bin/../lib/gcc/arm-none-eabi/11.3.1/../../../../arm-none-eabi/lib/thumb/v7-m/nofp\libc_nano.a(libc_a-stdio.o)
                              C:/ST/STM32CubeIDE_1.13.2/STM32CubeIDE/plugins/com.st.stm32cube.ide.mcu.externaltools.gnu-tools-for-stm32.11.3.rel1.win32_1.1.1.202309131626/tools/bin/../lib/gcc/arm-none-eabi/11.3.1/../../../../arm-none-eabi/lib/thumb/v7-m/nofp\libc_nano.a(libc_a-findfp.o) (__sread)
C:/ST/STM32CubeIDE_1.13.2/STM32CubeIDE/plugins/com.st.stm32cube.ide.mcu.externaltools.gnu-tools-for-stm32.11.3.rel1.win32_1.1.1.202309131626/tools/bin/../lib/gcc/arm-none-eabi/11.3.1/../../../../arm-none-eabi/lib/thumb/v7-m/nofp\libc_nano.a(libc_a-memset.o)
                              C:/ST/STM32CubeIDE_1.13.2/STM32CubeIDE/plugins/com.st.stm32cube.ide.mcu.externaltools.gnu-tools-for-stm32.11.3.rel1.win32_1.1.1.202309131626/tools/bin/../lib/gcc/arm-none-eabi/11.3.1/../../../../arm-none-eabi/lib/thumb/v7-m/nofp/crt0.o (memset)
C:/ST/STM32CubeIDE_1.13.2/STM32CubeIDE/plugins/com.st.stm32cube.ide.mcu.externaltools.gnu-tools-for-stm32.11.3.rel1.win32_1.1.1.202309131626/tools/bin/../lib/gcc/arm-none-eabi/11.3.1/../../../../arm-none-eabi/lib/thumb/v7-m/nofp\libc_nano.a(libc_a-closer.o)
                              C:/ST/STM32CubeIDE_1.13.2/STM32CubeIDE/plugins/com.st.stm32cube.ide.mcu.externaltools.gnu-tools-for-stm32.11.3.rel1.win32_1.1.1.202309131626/tools/bin/../lib/gcc/arm-none-eabi/11.3.1/../../../../arm-none-eabi/lib/thumb/v7-m/nofp\libc_nano.a(libc_a-stdio.o) (_close_r)
C:/ST/STM32CubeIDE_1.13.2/STM32CubeIDE/plugins/com.st.stm32cube.ide.mcu.externaltools.gnu-tools-for-stm32.11.3.rel1.win32_1.1.1.202309131626/tools/bin/../lib/gcc/arm-none-eabi/11.3.1/../../../../arm-none-eabi/lib/thumb/v7-m/nofp\libc_nano.a(libc_a-reent.o)
                              C:/ST/STM32CubeIDE_1.13.2/STM32CubeIDE/plugins/com.st.stm32cube.ide.mcu.externaltools.gnu-tools-for-stm32.11.3.rel1.win32_1.1.1.202309131626/tools/bin/../lib/gcc/arm-none-eabi/11.3.1/../../../../arm-none-eabi/lib/thumb/v7-m/nofp\libc_nano.a(libc_a-closer.o) (errno)
[...]
Memory Configuration

Name             Origin             Length             Attributes
RAM              0x0000000020000000 0x0000000000005000 xrw
FLASH            0x0000000008000000 0x0000000000020000 xr
*default*        0x0000000000000000 0xffffffffffffffff

Linker script and memory map

LOAD C:/ST/STM32CubeIDE_1.13.2/STM32CubeIDE/plugins/com.st.stm32cube.ide.mcu.externaltools.gnu-tools-for-stm32.11.3.rel1.win32_1.1.1.202309131626/tools/bin/../lib/gcc/arm-none-eabi/11.3.1/thumb/v7-m/nofp/crti.o
LOAD C:/ST/STM32CubeIDE_1.13.2/STM32CubeIDE/plugins/com.st.stm32cube.ide.mcu.externaltools.gnu-tools-for-stm32.11.3.rel1.win32_1.1.1.202309131626/tools/bin/../lib/gcc/arm-none-eabi/11.3.1/thumb/v7-m/nofp/crtbegin.o
LOAD C:/ST/STM32CubeIDE_1.13.2/STM32CubeIDE/plugins/com.st.stm32cube.ide.mcu.externaltools.gnu-tools-for-stm32.11.3.rel1.win32_1.1.1.202309131626/tools/bin/../lib/gcc/arm-none-eabi/11.3.1/../../../../arm-none-eabi/lib/thumb/v7-m/nofp/crt0.o
LOAD ./FreeRTOS/croutine.o
LOAD ./FreeRTOS/event_groups.o
LOAD ./FreeRTOS/list.o
LOAD ./FreeRTOS/queue.o
LOAD ./FreeRTOS/stream_buffer.o
LOAD ./FreeRTOS/tasks.o
LOAD ./FreeRTOS/timers.o
LOAD ./FreeRTOS/portable/ARM_CM3/port.o
LOAD ./FreeRTOS/portable/MemMang/heap_1.o
LOAD ./HAL/DMS.o
LOAD ./HAL/KEYPAD.o
LOAD ./HAL/LCD.o
LOAD ./HAL/LUNA_LIDAR.o
LOAD ./HAL/SPI_EEPROM.o
LOAD ./HAL/Servo.o
LOAD ./HAL/TFT.o
LOAD ./MCAL/ADC.o
LOAD ./MCAL/CAN.o
LOAD ./MCAL/EEPROM.o
LOAD ./MCAL/EXTI_Driver.o
LOAD ./MCAL/GPIO_Driver.o
LOAD ./MCAL/GP_Timers.o
LOAD ./MCAL/I2C.o
LOAD ./MCAL/RCC.o
LOAD ./MCAL/SPI.o
LOAD ./MCAL/Timer.o
LOAD ./MCAL/Timer1_8.o
LOAD ./MCAL/USART_Driver.o
LOAD ./Src/main.o
LOAD ./Src/syscalls.o
LOAD ./Src/sysmem.o
LOAD ./Startup/startup_stm32f103cbtx.o
START GROUP
LOAD C:/ST/STM32CubeIDE_1.13.2/STM32CubeIDE/plugins/com.st.stm32cube.ide.mcu.externaltools.gnu-tools-for-stm32.11.3.rel1.win32_1.1.1.202309131626/tools/bin/../lib/gcc/arm-none-eabi/11.3.1/../../../../arm-none-eabi/lib/thumb/v7-m/nofp\libc_nano.a
LOAD C:/ST/STM32CubeIDE_1.13.2/STM32CubeIDE/plugins/com.st.stm32cube.ide.mcu.externaltools.gnu-tools-for-stm32.11.3.rel1.win32_1.1.1.202309131626/tools/bin/../lib/gcc/arm-none-eabi/11.3.1/../../../../arm-none-eabi/lib/thumb/v7-m/nofp\libm.a
END GROUP
START GROUP
LOAD C:/ST/STM32CubeIDE_1.13.2/STM32CubeIDE/plugins/com.st.stm32cube.ide.mcu.externaltools.gnu-tools-for-stm32.11.3.rel1.win32_1.1.1.202309131626/tools/bin/../lib/gcc/arm-none-eabi/11.3.1/thumb/v7-m/nofp\libgcc.a
LOAD C:/ST/STM32CubeIDE_1.13.2/STM32CubeIDE/plugins/com.st.stm32cube.ide.mcu.externaltools.gnu-tools-for-stm32.11.3.rel1.win32_1.1.1.202309131626/tools/bin/../lib/gcc/arm-none-eabi/11.3.1/../../../../arm-none-eabi/lib/thumb/v7-m/nofp\libg_nano.a
LOAD C:/ST/STM32CubeIDE_1.13.2/STM32CubeIDE/plugins/com.st.stm32cube.ide.mcu.externaltools.gnu-tools-for-stm32.11.3.rel1.win32_1.1.1.202309131626/tools/bin/../lib/gcc/arm-none-eabi/11.3.1/../../../../arm-none-eabi/lib/thumb/v7-m/nofp\libc_nano.a
END GROUP
START GROUP
LOAD C:/ST/STM32CubeIDE_1.13.2/STM32CubeIDE/plugins/com.st.stm32cube.ide.mcu.externaltools.gnu-tools-for-stm32.11.3.rel1.win32_1.1.1.202309131626/tools/bin/../lib/gcc/arm-none-eabi/11.3.1/thumb/v7-m/nofp\libgcc.a
LOAD C:/ST/STM32CubeIDE_1.13.2/STM32CubeIDE/plugins/com.st.stm32cube.ide.mcu.externaltools.gnu-tools-for-stm32.11.3.rel1.win32_1.1.1.202309131626/tools/bin/../lib/gcc/arm-none-eabi/11.3.1/../../../../arm-none-eabi/lib/thumb/v7-m/nofp\libc_nano.a
LOAD C:/ST/STM32CubeIDE_1.13.2/STM32CubeIDE/plugins/com.st.stm32cube.ide.mcu.externaltools.gnu-tools-for-stm32.11.3.rel1.win32_1.1.1.202309131626/tools/bin/../lib/gcc/arm-none-eabi/11.3.1/../../../../arm-none-eabi/lib/thumb/v7-m/nofp\libnosys.a
END GROUP
START GROUP
LOAD C:/ST/STM32CubeIDE_1.13.2/STM32CubeIDE/plugins/com.st.stm32cube.ide.mcu.externaltools.gnu-tools-for-stm32.11.3.rel1.win32_1.1.1.202309131626/tools/bin/../lib/gcc/arm-none-eabi/11.3.1/thumb/v7-m/nofp\libgcc.a
LOAD C:/ST/STM32CubeIDE_1.13.2/STM32CubeIDE/plugins/com.st.stm32cube.ide.mcu.externaltools.gnu-tools-for-stm32.11.3.rel1.win32_1.1.1.202309131626/tools/bin/../lib/gcc/arm-none-eabi/11.3.1/../../../../arm-none-eabi/lib/thumb/v7-m/nofp\libc_nano.a
LOAD C:/ST/STM32CubeIDE_1.13.2/STM32CubeIDE/plugins/com.st.stm32cube.ide.mcu.externaltools.gnu-tools-for-stm32.11.3.rel1.win32_1.1.1.202309131626/tools/bin/../lib/gcc/arm-none-eabi/11.3.1/../../../../arm-none-eabi/lib/thumb/v7-m/nofp\libnosys.a
END GROUP
LOAD C:/ST/STM32CubeIDE_1.13.2/STM32CubeIDE/plugins/com.st.stm32cube.ide.mcu.externaltools.gnu-tools-for-stm32.11.3.rel1.win32_1.1.1.202309131626/tools/bin/../lib/gcc/arm-none-eabi/11.3.1/thumb/v7-m/nofp/crtend.o
LOAD C:/ST/STM32CubeIDE_1.13.2/STM32CubeIDE/plugins/com.st.stm32cube.ide.mcu.externaltools.gnu-tools-for-stm32.11.3.rel1.win32_1.1.1.202309131626/tools/bin/../lib/gcc/arm-none-eabi/11.3.1/thumb/v7-m/nofp/crtn.o
                0x0000000020005000                _estack = (ORIGIN (RAM) + LENGTH (RAM))
                0x0000000000000200                _Min_Heap_Size = 0x200
                0x0000000000000400                _Min_Stack_Size = 0x400

.isr_vector     0x0000000008000000      0x130
                0x0000000008000000                . = ALIGN (0x4)
 *(.isr_vector)
 .isr_vector    0x0000000008000000      0x130 ./Startup/startup_stm32f103cbtx.o
                0x0000000008000000                g_pfnVectors
                0x0000000008000130                . = ALIGN (0x4)

.text           0x0000000008000130     0x51b0
                0x0000000008000130                . = ALIGN (0x4)
 *(.text)
 .text          0x0000000008000130       0x40 C:/ST/STM32CubeIDE_1.13.2/STM32CubeIDE/plugins/com.st.stm32cube.ide.mcu.externaltools.gnu-tools-for-stm32.11.3.rel1.win32_1.1.1.202309131626/tools/bin/../lib/gcc/arm-none-eabi/11.3.1/thumb/v7-m/nofp/crtbegin.o
 *(.text*)
 .text.vListInitialise
                0x0000000008000170       0x3e ./FreeRTOS/list.o
                0x0000000008000170                vListInitialise
 .text.vListInitialiseItem
                0x00000000080001ae       0x18 ./FreeRTOS/list.o
                0x00000000080001ae                vListInitialiseItem
 .text.vListInsertEnd
                0x00000000080001c6       0x46 ./FreeRTOS/list.o
                0x00000000080001c6                vListInsertEnd
 .text.uxListRemove
                0x000000000800020c       0x52 ./FreeRTOS/list.o
                0x000000000800020c                uxListRemove
 .text.xTaskCreate
                0x000000000800025e       0x8c ./FreeRTOS/tasks.o
                0x000000000800025e                xTaskCreate
 .text.prvInitialiseNewTask
                0x00000000080002ea       0xd0 ./FreeRTOS/tasks.o
 *fill*         0x00000000080003ba        0x2 
 .text.prvAddNewTaskToReadyList
                0x00000000080003bc      0x124 ./FreeRTOS/tasks.o
 .text.vTaskPrioritySet
                0x00000000080004e0      0x188 ./FreeRTOS/tasks.o
                0x00000000080004e0                vTaskPrioritySet
 .text.vTaskSuspend
                0x0000000008000668      0x11c ./FreeRTOS/tasks.o
                0x0000000008000668                vTaskSuspend
 .text.prvTaskIsTaskSuspended
                0x0000000008000784       0x44 ./FreeRTOS/tasks.o
 .text.vTaskResume
                0x00000000080007c8       0xf0 ./FreeRTOS/tasks.o
                0x00000000080007c8                vTaskResume
 .text.vTaskStartScheduler
                0x00000000080008b8       0x78 ./FreeRTOS/tasks.o
                0x00000000080008b8                vTaskStartScheduler
 .text.vTaskSuspendAll
                0x0000000008000930       0x1c ./FreeRTOS/tasks.o
                0x0000000008000930                vTaskSuspendAll
 .text.xTaskResumeAll
                0x000000000800094c      0x1d8 ./FreeRTOS/tasks.o
                0x000000000800094c                xTaskResumeAll
 .text.xTaskIncrementTick
                0x0000000008000b24      0x20c ./FreeRTOS/tasks.o
                0x0000000008000b24                xTaskIncrementTick
 .text.vTaskSwitchContext
                0x0000000008000d30       0x8c ./FreeRTOS/tasks.o
                0x0000000008000d30                vTaskSwitchContext
 .text.prvIdleTask
                0x0000000008000dbc       0x30 ./FreeRTOS/tasks.o
 .text.prvInitialiseTaskLists
                0x0000000008000dec       0x80 ./FreeRTOS/tasks.o
 .text.prvCheckTasksWaitingTermination
                0x0000000008000e6c       0x5c ./FreeRTOS/tasks.o
 .text.prvDeleteTCB
                0x0000000008000ec8       0x20 ./FreeRTOS/tasks.o
 .text.prvResetNextTaskUnblockTime
                0x0000000008000ee8       0x34 ./FreeRTOS/tasks.o
 .text.pxPortInitialiseStack
                0x0000000008000f1c       0x58 ./FreeRTOS/portable/ARM_CM3/port.o
                0x0000000008000f1c                pxPortInitialiseStack
 .text.prvTaskExitError
                0x0000000008000f74       0x32 ./FreeRTOS/portable/ARM_CM3/port.o
 *fill*         0x0000000008000fa6        0xa 
 .text.SVC_Handler
                0x0000000008000fb0       0x28 ./FreeRTOS/portable/ARM_CM3/port.o
                0x0000000008000fb0                SVC_Handler
 .text.prvPortStartFirstTask
                0x0000000008000fd8       0x24 ./FreeRTOS/portable/ARM_CM3/port.o
 .text.xPortStartScheduler
                0x0000000008000ffc       0x40 ./FreeRTOS/portable/ARM_CM3/port.o
                0x0000000008000ffc                xPortStartScheduler
 .text.vPortEnterCritical
                0x000000000800103c       0x34 ./FreeRTOS/portable/ARM_CM3/port.o
                0x000000000800103c                vPortEnterCritical
 .text.vPortExitCritical
                0x0000000008001070       0x34 ./FreeRTOS/portable/ARM_CM3/port.o
                0x0000000008001070                vPortExitCritical
 *fill*         0x00000000080010a4        0xc 
 .text.PendSV_Handler
                0x00000000080010b0       0x48 ./FreeRTOS/portable/ARM_CM3/port.o
                0x00000000080010b0                PendSV_Handler
 .text.SysTick_Handler
                0x00000000080010f8       0x44 ./FreeRTOS/portable/ARM_CM3/port.o
                0x00000000080010f8                SysTick_Handler
 .text.vPortSetupTimerInterrupt
                0x000000000800113c       0x34 ./FreeRTOS/portable/ARM_CM3/port.o
                0x000000000800113c                vPortSetupTimerInterrupt
 .text.pvPortMalloc
                0x0000000008001170       0xa4 ./FreeRTOS/portable/MemMang/heap_1.o
                0x0000000008001170                pvPortMalloc
 .text.vPortFree
                0x0000000008001214       0x12 ./FreeRTOS/portable/MemMang/heap_1.o
                0x0000000008001214                vPortFree
 *fill*         0x0000000008001226        0x2 
 .text.DMS_init
                0x0000000008001228       0x6c ./HAL/DMS.o
                0x0000000008001228                DMS_init
 .text.DMS_read
                0x0000000008001294       0x4c ./HAL/DMS.o
                0x0000000008001294                DMS_read
 .text.LUNA_CallBack
                0x00000000080012e0      0x198 ./HAL/LUNA_LIDAR.o
                0x00000000080012e0                LUNA_CallBack
 .text.LUNA_INIT
                0x0000000008001478      0x254 ./HAL/LUNA_LIDAR.o
                0x0000000008001478                LUNA_INIT
 .text.TFT_init
                0x00000000080016cc      0x100 ./HAL/TFT.o
                0x00000000080016cc                TFT_init
 .text.TFT_SET_LOCATION
                0x00000000080017cc       0x92 ./HAL/TFT.o
                0x00000000080017cc                TFT_SET_LOCATION
 .text.TFT_SEND_Image
                0x000000000800185e       0xa0 ./HAL/TFT.o
                0x000000000800185e                TFT_SEND_Image
 .text.TFT_SET_BACKGROUND
                0x00000000080018fe       0x86 ./HAL/TFT.o
                0x00000000080018fe                TFT_SET_BACKGROUND
 .text.TFT_send_command
                0x0000000008001984       0x44 ./HAL/TFT.o
                0x0000000008001984                TFT_send_command
 .text.TFT_send_data
                0x00000000080019c8       0x44 ./HAL/TFT.o
                0x00000000080019c8                TFT_send_data
 .text.TFT_SPEED_ICON_Print
                0x0000000008001a0c       0x38 ./HAL/TFT.o
                0x0000000008001a0c                TFT_SPEED_ICON_Print
 .text.TFT_Welcome_ICON_Print
                0x0000000008001a44       0x58 ./HAL/TFT.o
                0x0000000008001a44                TFT_Welcome_ICON_Print
 .text.TFT_KM_H_ICON_Print
                0x0000000008001a9c       0x20 ./HAL/TFT.o
                0x0000000008001a9c                TFT_KM_H_ICON_Print
 .text.TFT_cruise_control_ICON_Print
                0x0000000008001abc       0x48 ./HAL/TFT.o
                0x0000000008001abc                TFT_cruise_control_ICON_Print
 .text.TFT_HOD_ICON_Print
                0x0000000008001b04       0x48 ./HAL/TFT.o
                0x0000000008001b04                TFT_HOD_ICON_Print
 .text.TFT_send_TSR_image
                0x0000000008001b4c       0xc8 ./HAL/TFT.o
                0x0000000008001b4c                TFT_send_TSR_image
 .text.TFT_send_ACC_image
                0x0000000008001c14      0x158 ./HAL/TFT.o
                0x0000000008001c14                TFT_send_ACC_image
 .text.ADC_ERROR_HANDLER
                0x0000000008001d6c        0x6 ./MCAL/ADC.o
                0x0000000008001d6c                ADC_ERROR_HANDLER
 *fill*         0x0000000008001d72        0x2 
 .text.ADC_GPIO_CONFIG
                0x0000000008001d74      0x1ec ./MCAL/ADC.o
                0x0000000008001d74                ADC_GPIO_CONFIG
 .text.ADC_init
                0x0000000008001f60      0x318 ./MCAL/ADC.o
                0x0000000008001f60                ADC_init
 .text.ADC_read
                0x0000000008002278       0xe0 ./MCAL/ADC.o
                0x0000000008002278                ADC_read
 .text.ADC1_2_IRQHandler
                0x0000000008002358       0x60 ./MCAL/ADC.o
                0x0000000008002358                ADC1_2_IRQHandler
 .text.ERROR_HANDLER
                0x00000000080023b8        0x6 ./MCAL/CAN.o
                0x00000000080023b8                ERROR_HANDLER
 *fill*         0x00000000080023be        0x2 
 .text.MCAL_CAN_SET_GPIO
                0x00000000080023c0       0x3c ./MCAL/CAN.o
                0x00000000080023c0                MCAL_CAN_SET_GPIO
 .text.MCAL_CAN_init
                0x00000000080023fc      0x2e4 ./MCAL/CAN.o
                0x00000000080023fc                MCAL_CAN_init
 .text.MCAL_CAN_RESET
                0x00000000080026e0       0x28 ./MCAL/CAN.o
                0x00000000080026e0                MCAL_CAN_RESET
 .text.USB_LP_CAN_RX0_IRQHandler
                0x0000000008002708       0x14 ./MCAL/CAN.o
                0x0000000008002708                USB_LP_CAN_RX0_IRQHandler
 .text.CAN_RX1_IRQHandler
                0x000000000800271c       0x14 ./MCAL/CAN.o
                0x000000000800271c                CAN_RX1_IRQHandler
 .text.CAN_SCE_IRQHandler
                0x0000000008002730       0x18 ./MCAL/CAN.o
                0x0000000008002730                CAN_SCE_IRQHandler
 .text.NVIC_ENABLE
                0x0000000008002748       0xcc ./MCAL/EXTI_Driver.o
                0x0000000008002748                NVIC_ENABLE
 .text.NVIC_DISABLE
                0x0000000008002814       0xcc ./MCAL/EXTI_Driver.o
                0x0000000008002814                NVIC_DISABLE
 .text.MCAL_EXTI_init
                0x00000000080028e0      0x1c0 ./MCAL/EXTI_Driver.o
                0x00000000080028e0                MCAL_EXTI_init
 .text.EXTI0_IRQHandler
                0x0000000008002aa0       0x24 ./MCAL/EXTI_Driver.o
                0x0000000008002aa0                EXTI0_IRQHandler
 .text.EXTI1_IRQHandler
                0x0000000008002ac4       0x24 ./MCAL/EXTI_Driver.o
                0x0000000008002ac4                EXTI1_IRQHandler
 .text.EXTI2_IRQHandler
                0x0000000008002ae8       0x24 ./MCAL/EXTI_Driver.o
                0x0000000008002ae8                EXTI2_IRQHandler
 .text.EXTI3_IRQHandler
                0x0000000008002b0c       0x24 ./MCAL/EXTI_Driver.o
                0x0000000008002b0c                EXTI3_IRQHandler
 .text.EXTI4_IRQHandler
                0x0000000008002b30       0x24 ./MCAL/EXTI_Driver.o
                0x0000000008002b30                EXTI4_IRQHandler
 .text.EXTI9_5_IRQHandler
                0x0000000008002b54       0xa8 ./MCAL/EXTI_Driver.o
                0x0000000008002b54                EXTI9_5_IRQHandler
 .text.EXTI15_10_IRQHandler
                0x0000000008002bfc       0xc4 ./MCAL/EXTI_Driver.o
                0x0000000008002bfc                EXTI15_10_IRQHandler
 .text.Get_PIN_Positon
                0x0000000008002cc0       0x30 ./MCAL/GPIO_Driver.o
                0x0000000008002cc0                Get_PIN_Positon
 .text.MCAL_GPIO_init
                0x0000000008002cf0      0x1d4 ./MCAL/GPIO_Driver.o
                0x0000000008002cf0                MCAL_GPIO_init
 .text.MCAL_write_PIN
                0x0000000008002ec4       0x50 ./MCAL/GPIO_Driver.o
                0x0000000008002ec4                MCAL_write_PIN
 .text.MCAL_Read_PIN
                0x0000000008002f14       0x28 ./MCAL/GPIO_Driver.o
                0x0000000008002f14                MCAL_Read_PIN
 .text.GP_ERROR_HANDLER
                0x0000000008002f3c        0x6 ./MCAL/GP_Timers.o
                0x0000000008002f3c                GP_ERROR_HANDLER
 *fill*         0x0000000008002f42        0x2 
 .text.MCAL_SET_GP_TIMx_GPIO
                0x0000000008002f44      0x3cc ./MCAL/GP_Timers.o
                0x0000000008002f44                MCAL_SET_GP_TIMx_GPIO
 .text.GP_TIMx_start
                0x0000000008003310      0x1bc ./MCAL/GP_Timers.o
                0x0000000008003310                GP_TIMx_start
 .text.GP_TIMx_Deint
                0x00000000080034cc      0x10c ./MCAL/GP_Timers.o
                0x00000000080034cc                GP_TIMx_Deint
 .text.TIM2_IRQHandler
                0x00000000080035d8       0xe0 ./MCAL/GP_Timers.o
                0x00000000080035d8                TIM2_IRQHandler
 .text.TIM3_IRQHandler
                0x00000000080036b8       0xd0 ./MCAL/GP_Timers.o
                0x00000000080036b8                TIM3_IRQHandler
 .text.TIM4_IRQHandler
                0x0000000008003788       0xdc ./MCAL/GP_Timers.o
                0x0000000008003788                TIM4_IRQHandler
 .text.MCAL_GET_SYS_CLCK
                0x0000000008003864       0x44 ./MCAL/RCC.o
                0x0000000008003864                MCAL_GET_SYS_CLCK
 .text.MCAL_GET_H_CLCK
                0x00000000080038a8       0x28 ./MCAL/RCC.o
                0x00000000080038a8                MCAL_GET_H_CLCK
 .text.MCAL_GET_PCLCK1
                0x00000000080038d0       0x28 ./MCAL/RCC.o
                0x00000000080038d0                MCAL_GET_PCLCK1
 .text.MCAL_GET_PCLCK2
                0x00000000080038f8       0x28 ./MCAL/RCC.o
                0x00000000080038f8                MCAL_GET_PCLCK2
 .text.MCAL_SPI_init
                0x0000000008003920      0x180 ./MCAL/SPI.o
                0x0000000008003920                MCAL_SPI_init
 .text.MCAL_SPI_SendData
                0x0000000008003aa0       0x74 ./MCAL/SPI.o
                0x0000000008003aa0                MCAL_SPI_SendData
 .text.MCAL_SET_GPIO
                0x0000000008003b14      0x21c ./MCAL/SPI.o
                0x0000000008003b14                MCAL_SET_GPIO
 .text.SPI1_IRQHandler
                0x0000000008003d30       0x28 ./MCAL/SPI.o
                0x0000000008003d30                SPI1_IRQHandler
 .text.get_flag_source
                0x0000000008003d58       0x6e ./MCAL/SPI.o
                0x0000000008003d58                get_flag_source
 *fill*         0x0000000008003dc6        0x2 
 .text.MCAL_SET_TIMx_GPIO
                0x0000000008003dc8       0x2c ./MCAL/Timer1_8.o
                0x0000000008003dc8                MCAL_SET_TIMx_GPIO
 .text.TIMER_1_8_start
                0x0000000008003df4      0x114 ./MCAL/Timer1_8.o
                0x0000000008003df4                TIMER_1_8_start
 .text.TIM1_UP_IRQHandler
                0x0000000008003f08       0x24 ./MCAL/Timer1_8.o
                0x0000000008003f08                TIM1_UP_IRQHandler
 .text.TIM1_CC_IRQHandler
                0x0000000008003f2c       0x24 ./MCAL/Timer1_8.o
                0x0000000008003f2c                TIM1_CC_IRQHandler
 .text.TIM1_BRK_IRQHandler
                0x0000000008003f50       0x24 ./MCAL/Timer1_8.o
                0x0000000008003f50                TIM1_BRK_IRQHandler
 .text.TIM1_TRG_COM_IRQHandler
                0x0000000008003f74       0x24 ./MCAL/Timer1_8.o
                0x0000000008003f74                TIM1_TRG_COM_IRQHandler
 .text._TIM1_delay_us
                0x0000000008003f98       0x58 ./MCAL/Timer1_8.o
                0x0000000008003f98                _TIM1_delay_us
 .text._TIM1_delay_ms
                0x0000000008003ff0       0x30 ./MCAL/Timer1_8.o
                0x0000000008003ff0                _TIM1_delay_ms
 .text.MCAL_USART_init
                0x0000000008004020      0x2d8 ./MCAL/USART_Driver.o
                0x0000000008004020                MCAL_USART_init
 .text.MCAL_USART_SendData
                0x00000000080042f8       0x80 ./MCAL/USART_Driver.o
                0x00000000080042f8                MCAL_USART_SendData
 .text.MCAL_USART_ReciveData
                0x0000000008004378       0x94 ./MCAL/USART_Driver.o
                0x0000000008004378                MCAL_USART_ReciveData
 .text.SET_GPIO
                0x000000000800440c       0xec ./MCAL/USART_Driver.o
                0x000000000800440c                SET_GPIO
 .text.USART1_IRQHandler
                0x00000000080044f8       0x24 ./MCAL/USART_Driver.o
                0x00000000080044f8                USART1_IRQHandler
 .text.USART2_IRQHandler
                0x000000000800451c       0x24 ./MCAL/USART_Driver.o
                0x000000000800451c                USART2_IRQHandler
 .text.USART3_IRQHandler
                0x0000000008004540       0x24 ./MCAL/USART_Driver.o
                0x0000000008004540                USART3_IRQHandler
 .text.Error_Handller
                0x0000000008004564        0x6 ./Src/main.o
                0x0000000008004564                Error_Handller
 *fill*         0x000000000800456a        0x2 
 .text.Sys_Clk_init
                0x000000000800456c       0x34 ./Src/main.o
                0x000000000800456c                Sys_Clk_init
 .text.HALL_EFFECT_TIMER_ENABLE
                0x00000000080045a0       0x20 ./Src/main.o
                0x00000000080045a0                HALL_EFFECT_TIMER_ENABLE
 .text.HALL_EFFECT_HANDLLER
                0x00000000080045c0       0x94 ./Src/main.o
                0x00000000080045c0                HALL_EFFECT_HANDLLER
 .text.HALL_EFECT_Init
                0x0000000008004654       0x90 ./Src/main.o
                0x0000000008004654                HALL_EFECT_Init
 .text.DMS_Handller_TASK
                0x00000000080046e4       0x70 ./Src/main.o
                0x00000000080046e4                DMS_Handller_TASK
 .text.ACC_CONVERT_ADC_TODICMAL
                0x0000000008004754       0x40 ./Src/main.o
                0x0000000008004754                ACC_CONVERT_ADC_TODICMAL
 .text.ACC_ADC_CallBack
                0x0000000008004794       0x1c ./Src/main.o
                0x0000000008004794                ACC_ADC_CallBack
 .text.ACC_throtel_init
                0x00000000080047b0       0x60 ./Src/main.o
                0x00000000080047b0                ACC_throtel_init
 .text.ACC_DAC_init
                0x0000000008004810       0xc8 ./Src/main.o
                0x0000000008004810                ACC_DAC_init
 .text.ACC_FROM_ADC_TO_DAC
                0x00000000080048d8       0xd8 ./Src/main.o
                0x00000000080048d8                ACC_FROM_ADC_TO_DAC
 .text.ACC_Handller_TASK
                0x00000000080049b0       0x70 ./Src/main.o
                0x00000000080049b0                ACC_Handller_TASK
 .text.ACC_throttel_Handller_TASK
                0x0000000008004a20       0xe0 ./Src/main.o
                0x0000000008004a20                ACC_throttel_Handller_TASK
 .text.ACC_STATE_READ_TASK
                0x0000000008004b00       0xa8 ./Src/main.o
                0x0000000008004b00                ACC_STATE_READ_TASK
 .text.TFT_Handller_TASK
                0x0000000008004ba8       0x5c ./Src/main.o
                0x0000000008004ba8                TFT_Handller_TASK
 .text.TSR_call_Back
                0x0000000008004c04      0x2d0 ./Src/main.o
                0x0000000008004c04                TSR_call_Back
 .text.TSR_init
                0x0000000008004ed4       0x2c ./Src/main.o
                0x0000000008004ed4                TSR_init
 .text.CAR_ON_Handler
                0x0000000008004f00       0xc0 ./Src/main.o
                0x0000000008004f00                CAR_ON_Handler
 .text.CAR_ON_init
                0x0000000008004fc0       0x58 ./Src/main.o
                0x0000000008004fc0                CAR_ON_init
 .text.FACE_ID_TASK
                0x0000000008005018       0x90 ./Src/main.o
                0x0000000008005018                FACE_ID_TASK
 .text.HW_init  0x00000000080050a8       0x68 ./Src/main.o
                0x00000000080050a8                HW_init
 .text.main     0x0000000008005110      0x10c ./Src/main.o
                0x0000000008005110                main
 .text.Reset_Handler
                0x000000000800521c       0x50 ./Startup/startup_stm32f103cbtx.o
                0x000000000800521c                Reset_Handler
 .text.Default_Handler
                0x000000000800526c        0x2 ./Startup/startup_stm32f103cbtx.o
                0x000000000800526c                TIM8_TRG_COM_IRQHandler
                0x000000000800526c                TIM8_CC_IRQHandler
                0x000000000800526c                DebugMon_Handler
                0x000000000800526c                HardFault_Handler
                0x000000000800526c                TIM6_IRQHandler
                0x000000000800526c                PVD_IRQHandler
                0x000000000800526c                SDIO_IRQHandler
                0x000000000800526c                NMI_Handler
                0x000000000800526c                USB_HP_CAN_TX_IRQHandler
                0x000000000800526c                I2C2_EV_IRQHandler
                0x000000000800526c                UsageFault_Handler
                0x000000000800526c                TAMPER_IRQHandler
                0x000000000800526c                TIM8_UP_IRQHandler
                0x000000000800526c                DMA2_Channel2_IRQHandler
                0x000000000800526c                DMA1_Channel4_IRQHandler
                0x000000000800526c                RTC_IRQHandler
                0x000000000800526c                DMA1_Channel7_IRQHandler
                0x000000000800526c                UART5_IRQHandler
                0x000000000800526c                ADC3_IRQHandler
                0x000000000800526c                DMA2_Channel1_IRQHandler
                0x000000000800526c                I2C1_EV_IRQHandler
                0x000000000800526c                DMA1_Channel6_IRQHandler
                0x000000000800526c                UART4_IRQHandler
                0x000000000800526c                RCC_IRQHandler
                0x000000000800526c                DMA1_Channel1_IRQHandler
                0x000000000800526c                Default_Handler
                0x000000000800526c                TIM7_IRQHandler
                0x000000000800526c                TIM5_IRQHandler
                0x000000000800526c                SPI2_IRQHandler
                0x000000000800526c                MemManage_Handler
                0x000000000800526c                DMA1_Channel5_IRQHandler
                0x000000000800526c                DMA1_Channel3_IRQHandler
                0x000000000800526c                FSMC_IRQHandler
                0x000000000800526c                WWDG_IRQHandler
                0x000000000800526c                RTCAlarm_IRQHandler
                0x000000000800526c                DMA2_Channel4_5_IRQHandler
                0x000000000800526c                I2C2_ER_IRQHandler
                0x000000000800526c                DMA1_Channel2_IRQHandler
                0x000000000800526c                TIM8_BRK_IRQHandler
                0x000000000800526c                FLASH_IRQHandler
                0x000000000800526c                BusFault_Handler
                0x000000000800526c                SPI3_IRQHandler
                0x000000000800526c                I2C1_ER_IRQHandler
                0x000000000800526c                DMA2_Channel3_IRQHandler
 .text.memset   0x000000000800526e       0x10 C:/ST/STM32CubeIDE_1.13.2/STM32CubeIDE/plugins/com.st.stm32cube.ide.mcu.externaltools.gnu-tools-for-stm32.11.3.rel1.win32_1.1.1.202309131626/tools/bin/../lib/gcc/arm-none-eabi/11.3.1/../../../../arm-none-eabi/lib/thumb/v7-m/nofp\libc_nano.a(libc_a-memset.o)
                0x000000000800526e                memset
 *fill*         0x000000000800527e        0x2 
 .text.__libc_init_array
                0x0000000008005280       0x48 C:/ST/STM32CubeIDE_1.13.2/STM32CubeIDE/plugins/com.st.stm32cube.ide.mcu.externaltools.gnu-tools-for-stm32.11.3.rel1.win32_1.1.1.202309131626/tools/bin/../lib/gcc/arm-none-eabi/11.3.1/../../../../arm-none-eabi/lib/thumb/v7-m/nofp\libc_nano.a(libc_a-init.o)
                0x0000000008005280                __libc_init_array
 *(.glue_7)
 .glue_7        0x00000000080052c8        0x0 linker stubs
 *(.glue_7t)
 .glue_7t       0x00000000080052c8        0x0 linker stubs
 *(.eh_frame)
 .eh_frame      0x00000000080052c8        0x0 C:/ST/STM32CubeIDE_1.13.2/STM32CubeIDE/plugins/com.st.stm32cube.ide.mcu.externaltools.gnu-tools-for-stm32.11.3.rel1.win32_1.1.1.202309131626/tools/bin/../lib/gcc/arm-none-eabi/11.3.1/thumb/v7-m/nofp/crtbegin.o
 *(.init)
 .init          0x00000000080052c8        0x4 C:/ST/STM32CubeIDE_1.13.2/STM32CubeIDE/plugins/com.st.stm32cube.ide.mcu.externaltools.gnu-tools-for-stm32.11.3.rel1.win32_1.1.1.202309131626/tools/bin/../lib/gcc/arm-none-eabi/11.3.1/thumb/v7-m/nofp/crti.o
                0x00000000080052c8                _init
 .init          0x00000000080052cc        0x8 C:/ST/STM32CubeIDE_1.13.2/STM32CubeIDE/plugins/com.st.stm32cube.ide.mcu.externaltools.gnu-tools-for-stm32.11.3.rel1.win32_1.1.1.202309131626/tools/bin/../lib/gcc/arm-none-eabi/11.3.1/thumb/v7-m/nofp/crtn.o
 *(.fini)
 .fini          0x00000000080052d4        0x4 C:/ST/STM32CubeIDE_1.13.2/STM32CubeIDE/plugins/com.st.stm32cube.ide.mcu.externaltools.gnu-tools-for-stm32.11.3.rel1.win32_1.1.1.202309131626/tools/bin/../lib/gcc/arm-none-eabi/11.3.1/thumb/v7-m/nofp/crti.o
                0x00000000080052d4                _fini
 .fini          0x00000000080052d8        0x8 C:/ST/STM32CubeIDE_1.13.2/STM32CubeIDE/plugins/com.st.stm32cube.ide.mcu.externaltools.gnu-tools-for-stm32.11.3.rel1.win32_1.1.1.202309131626/tools/bin/../lib/gcc/arm-none-eabi/11.3.1/thumb/v7-m/nofp/crtn.o
                0x00000000080052e0                . = ALIGN (0x4)
                0x00000000080052e0                _etext = .

.vfp11_veneer   0x00000000080052e0        0x0
 .vfp11_veneer  0x00000000080052e0        0x0 linker stubs

.v4_bx          0x00000000080052e0        0x0
 .v4_bx         0x00000000080052e0        0x0 linker stubs

.iplt           0x00000000080052e0        0x0
 .iplt          0x00000000080052e0        0x0 C:/ST/STM32CubeIDE_1.13.2/STM32CubeIDE/plugins/com.st.stm32cube.ide.mcu.externaltools.gnu-tools-for-stm32.11.3.rel1.win32_1.1.1.202309131626/tools/bin/../lib/gcc/arm-none-eabi/11.3.1/thumb/v7-m/nofp/crtbegin.o

.rodata         0x00000000080052e0    0x14404
                0x00000000080052e0                . = ALIGN (0x4)
 *(.rodata)
 .rodata        0x00000000080052e0        0x5 ./FreeRTOS/tasks.o
 *fill*         0x00000000080052e5        0x3 
 .rodata        0x00000000080052e8       0x10 ./HAL/DMS.o
 .rodata        0x00000000080052f8       0x10 ./HAL/LUNA_LIDAR.o
 .rodata        0x0000000008005308        0x4 ./HAL/TFT.o
 .rodata        0x000000000800530c        0x8 ./MCAL/CAN.o
 .rodata        0x0000000008005314       0x3c ./MCAL/GP_Timers.o
 .rodata        0x0000000008005350       0x44 ./MCAL/SPI.o
 .rodata        0x0000000008005394        0x4 ./MCAL/Timer1_8.o
 .rodata        0x0000000008005398       0x18 ./MCAL/USART_Driver.o
 .rodata        0x00000000080053b0       0xa1 ./Src/main.o
 *(.rodata*)
 *fill*         0x0000000008005451        0x3 
 .rodata.NO_WAITING_SIGN
                0x0000000008005454     0x2bf2 ./HAL/TFT.o
 *fill*         0x0000000008008046        0x2 
 .rodata._40_KM_SIGN
                0x0000000008008048     0x2bf2 ./HAL/TFT.o
 *fill*         0x000000000800ac3a        0x2 
 .rodata._NO_SIGN
                0x000000000800ac3c     0x2bf2 ./HAL/TFT.o
 *fill*         0x000000000800d82e        0x2 
 .rodata._120_KM_SIGN
                0x000000000800d830     0x2bf2 ./HAL/TFT.o
 *fill*         0x0000000008010422        0x2 
 .rodata._100_KM_SIGN
                0x0000000008010424     0x2bf2 ./HAL/TFT.o
 *fill*         0x0000000008013016        0x2 
 .rodata.image_data_0
                0x0000000008013018      0x320 ./HAL/TFT.o
 .rodata.image_data_1
                0x0000000008013338      0x320 ./HAL/TFT.o
 .rodata.image_data_2
                0x0000000008013658      0x320 ./HAL/TFT.o
 .rodata.image_data_3
                0x0000000008013978      0x320 ./HAL/TFT.o
 .rodata.image_data_4
                0x0000000008013c98      0x320 ./HAL/TFT.o
 .rodata.image_data_5
                0x0000000008013fb8      0x320 ./HAL/TFT.o
 .rodata.image_data_6
                0x00000000080142d8      0x320 ./HAL/TFT.o
 .rodata.image_data_7
                0x00000000080145f8      0x320 ./HAL/TFT.o
 .rodata.image_data_8
                0x0000000008014918      0x320 ./HAL/TFT.o
 .rodata.image_data_9
                0x0000000008014c38      0x320 ./HAL/TFT.o
 .rodata.KM_H   0x0000000008014f58      0x708 ./HAL/TFT.o
 .rodata.SPEED  0x0000000008015660      0x992 ./HAL/TFT.o
 *fill*         0x0000000008015ff2        0x2 
 .rodata.image_data_cruisecontrol
                0x0000000008015ff4      0x548 ./HAL/TFT.o
 .rodata.image_data_hod
                0x000000000801653c      0x5b2 ./HAL/TFT.o
 *fill*         0x0000000008016aee        0x2 
 .rodata.Welcome
                0x0000000008016af0     0x2bf2 ./HAL/TFT.o
                0x00000000080196e4                . = ALIGN (0x4)
 *fill*         0x00000000080196e2        0x2 

.rel.dyn        0x00000000080196e4        0x0
 .rel.iplt      0x00000000080196e4        0x0 C:/ST/STM32CubeIDE_1.13.2/STM32CubeIDE/plugins/com.st.stm32cube.ide.mcu.externaltools.gnu-tools-for-stm32.11.3.rel1.win32_1.1.1.202309131626/tools/bin/../lib/gcc/arm-none-eabi/11.3.1/thumb/v7-m/nofp/crtbegin.o

.ARM.extab      0x00000000080196e4        0x0
                0x00000000080196e4                . = ALIGN (0x4)
 *(.ARM.extab* .gnu.linkonce.armextab.*)
                0x00000000080196e4                . = ALIGN (0x4)

.ARM            0x00000000080196e4        0x0
                0x00000000080196e4                . = ALIGN (0x4)
                0x00000000080196e4                __exidx_start = .
 *(.ARM.exidx*)
                0x00000000080196e4                __exidx_end = .
                0x00000000080196e4                . = ALIGN (0x4)

.preinit_array  0x00000000080196e4        0x0
                0x00000000080196e4                . = ALIGN (0x4)
                0x00000000080196e4                PROVIDE (__preinit_array_start = .)
 *(.preinit_array*)
                0x00000000080196e4                PROVIDE (__preinit_array_end = .)
                0x00000000080196e4                . = ALIGN (0x4)

.init_array     0x00000000080196e4        0x4
                0x00000000080196e4                . = ALIGN (0x4)
                0x00000000080196e4                PROVIDE (__init_array_start = .)
 *(SORT_BY_NAME(.init_array.*))
 *(.init_array*)
 .init_array    0x00000000080196e4        0x4 C:/ST/STM32CubeIDE_1.13.2/STM32CubeIDE/plugins/com.st.stm32cube.ide.mcu.externaltools.gnu-tools-for-stm32.11.3.rel1.win32_1.1.1.202309131626/tools/bin/../lib/gcc/arm-none-eabi/11.3.1/thumb/v7-m/nofp/crtbegin.o
                0x00000000080196e8                PROVIDE (__init_array_end = .)
                0x00000000080196e8                . = ALIGN (0x4)

.fini_array     0x00000000080196e8        0x4
                0x00000000080196e8                . = ALIGN (0x4)
                [!provide]                        PROVIDE (__fini_array_start = .)
 *(SORT_BY_NAME(.fini_array.*))
 *(.fini_array*)
 .fini_array    0x00000000080196e8        0x4 C:/ST/STM32CubeIDE_1.13.2/STM32CubeIDE/plugins/com.st.stm32cube.ide.mcu.externaltools.gnu-tools-for-stm32.11.3.rel1.win32_1.1.1.202309131626/tools/bin/../lib/gcc/arm-none-eabi/11.3.1/thumb/v7-m/nofp/crtbegin.o
                [!provide]                        PROVIDE (__fini_array_end = .)
                0x00000000080196ec                . = ALIGN (0x4)
                0x00000000080196ec                _sidata = LOADADDR (.data)

.data           0x0000000020000000       0x4c load address 0x00000000080196ec
                0x0000000020000000                . = ALIGN (0x4)
                0x0000000020000000                _sdata = .
 *(.data)
 *(.data*)
 .data.uxTopUsedPriority
                0x0000000020000000        0x4 ./FreeRTOS/tasks.o
                0x0000000020000000                uxTopUsedPriority
 .data.uxCriticalNesting
                0x0000000020000004        0x4 ./FreeRTOS/portable/ARM_CM3/port.o
 .data.numbers_ptr
                0x0000000020000008       0x28 ./HAL/TFT.o
                0x0000000020000008                numbers_ptr
 .data.APB_Prescaler
                0x0000000020000030        0x8 ./MCAL/RCC.o
                0x0000000020000030                APB_Prescaler
 .data.AHB_Prescaler
                0x0000000020000038       0x11 ./MCAL/RCC.o
                0x0000000020000038                AHB_Prescaler
 .data.ACC_ACTION
                0x0000000020000049        0x1 ./Src/main.o
                0x0000000020000049                ACC_ACTION
 *(.RamFunc)
 *(.RamFunc*)
                0x000000002000004c                . = ALIGN (0x4)
 *fill*         0x000000002000004a        0x2 
                0x000000002000004c                _edata = .

.igot.plt       0x000000002000004c        0x0 load address 0x0000000008019738
 .igot.plt      0x000000002000004c        0x0 C:/ST/STM32CubeIDE_1.13.2/STM32CubeIDE/plugins/com.st.stm32cube.ide.mcu.externaltools.gnu-tools-for-stm32.11.3.rel1.win32_1.1.1.202309131626/tools/bin/../lib/gcc/arm-none-eabi/11.3.1/thumb/v7-m/nofp/crtbegin.o
                0x000000002000004c                . = ALIGN (0x4)

.bss            0x000000002000004c     0x4254 load address 0x0000000008019738
                0x000000002000004c                _sbss = .
                0x000000002000004c                __bss_start__ = _sbss
 *(.bss)
 .bss           0x000000002000004c       0x1c C:/ST/STM32CubeIDE_1.13.2/STM32CubeIDE/plugins/com.st.stm32cube.ide.mcu.externaltools.gnu-tools-for-stm32.11.3.rel1.win32_1.1.1.202309131626/tools/bin/../lib/gcc/arm-none-eabi/11.3.1/thumb/v7-m/nofp/crtbegin.o
 *(.bss*)
 .bss.pxCurrentTCB
                0x0000000020000068        0x4 ./FreeRTOS/tasks.o
                0x0000000020000068                pxCurrentTCB
 .bss.pxReadyTasksLists
                0x000000002000006c       0x64 ./FreeRTOS/tasks.o
 .bss.xDelayedTaskList1
                0x00000000200000d0       0x14 ./FreeRTOS/tasks.o
 .bss.xDelayedTaskList2
                0x00000000200000e4       0x14 ./FreeRTOS/tasks.o
 .bss.pxDelayedTaskList
                0x00000000200000f8        0x4 ./FreeRTOS/tasks.o
 .bss.pxOverflowDelayedTaskList
                0x00000000200000fc        0x4 ./FreeRTOS/tasks.o
 .bss.xPendingReadyList
                0x0000000020000100       0x14 ./FreeRTOS/tasks.o
 .bss.xTasksWaitingTermination
                0x0000000020000114       0x14 ./FreeRTOS/tasks.o
 .bss.uxDeletedTasksWaitingCleanUp
                0x0000000020000128        0x4 ./FreeRTOS/tasks.o
 .bss.xSuspendedTaskList
                0x000000002000012c       0x14 ./FreeRTOS/tasks.o
 .bss.uxCurrentNumberOfTasks
                0x0000000020000140        0x4 ./FreeRTOS/tasks.o
 .bss.xTickCount
                0x0000000020000144        0x4 ./FreeRTOS/tasks.o
 .bss.uxTopReadyPriority
                0x0000000020000148        0x4 ./FreeRTOS/tasks.o
 .bss.xSchedulerRunning
                0x000000002000014c        0x4 ./FreeRTOS/tasks.o
 .bss.xPendedTicks
                0x0000000020000150        0x4 ./FreeRTOS/tasks.o
 .bss.xYieldPending
                0x0000000020000154        0x4 ./FreeRTOS/tasks.o
 .bss.xNumOfOverflows
                0x0000000020000158        0x4 ./FreeRTOS/tasks.o
 .bss.uxTaskNumber
                0x000000002000015c        0x4 ./FreeRTOS/tasks.o
 .bss.xNextTaskUnblockTime
                0x0000000020000160        0x4 ./FreeRTOS/tasks.o
 .bss.xIdleTaskHandle
                0x0000000020000164        0x4 ./FreeRTOS/tasks.o
 .bss.uxSchedulerSuspended
                0x0000000020000168        0x4 ./FreeRTOS/tasks.o
 .bss.ucHeap    0x000000002000016c     0x3e80 ./FreeRTOS/portable/MemMang/heap_1.o
 .bss.xNextFreeByte
                0x0000000020003fec        0x4 ./FreeRTOS/portable/MemMang/heap_1.o
 .bss.pucAlignedHeap.0
                0x0000000020003ff0        0x4 ./FreeRTOS/portable/MemMang/heap_1.o
 .bss.LUNA_dis  0x0000000020003ff4        0x2 ./HAL/LUNA_LIDAR.o
                0x0000000020003ff4                LUNA_dis
 .bss.LUNA_AMP  0x0000000020003ff6        0x2 ./HAL/LUNA_LIDAR.o
                0x0000000020003ff6                LUNA_AMP
 .bss.LUNA_TEMP
                0x0000000020003ff8        0x2 ./HAL/LUNA_LIDAR.o
                0x0000000020003ff8                LUNA_TEMP
 .bss.LUNA_CheckSum
                0x0000000020003ffa        0x1 ./HAL/LUNA_LIDAR.o
                0x0000000020003ffa                LUNA_CheckSum
 .bss.x.0       0x0000000020003ffb        0x1 ./HAL/LUNA_LIDAR.o
 .bss.clear_times.0
                0x0000000020003ffc        0x1 ./HAL/TFT.o
 *fill*         0x0000000020003ffd        0x3 
 .bss.G_ADC_config
                0x0000000020004000      0x180 ./MCAL/ADC.o
                0x0000000020004000                G_ADC_config
 .bss.CAN_SITTING
                0x0000000020004180        0xc ./MCAL/CAN.o
                0x0000000020004180                CAN_SITTING
 .bss.g_P_CALLBACK_f
                0x000000002000418c       0x3c ./MCAL/EXTI_Driver.o
                0x000000002000418c                g_P_CALLBACK_f
 .bss.g_GP_Sitting
                0x00000000200041c8       0x30 ./MCAL/GP_Timers.o
                0x00000000200041c8                g_GP_Sitting
 .bss.g_GP_TIMX
                0x00000000200041f8        0x4 ./MCAL/GP_Timers.o
                0x00000000200041f8                g_GP_TIMX
 .bss.G_P_Config_t
                0x00000000200041fc       0x20 ./MCAL/SPI.o
                0x00000000200041fc                G_P_Config_t
 .bss.g_Sitting
                0x000000002000421c       0x10 ./MCAL/Timer1_8.o
                0x000000002000421c                g_Sitting
 .bss.g_TIMX    0x000000002000422c        0x4 ./MCAL/Timer1_8.o
                0x000000002000422c                g_TIMX
 .bss.G_P_config
                0x0000000020004230       0x30 ./MCAL/USART_Driver.o
                0x0000000020004230                G_P_config
 .bss.HALL_TIMER_EN
                0x0000000020004260        0x1 ./Src/main.o
                0x0000000020004260                HALL_TIMER_EN
 *fill*         0x0000000020004261        0x3 
 .bss.HALL_EFFECT_COUNTER
                0x0000000020004264        0x4 ./Src/main.o
                0x0000000020004264                HALL_EFFECT_COUNTER
 .bss.HALL_EFFECT_N_PULSES
                0x0000000020004268        0x4 ./Src/main.o
                0x0000000020004268                HALL_EFFECT_N_PULSES
 .bss.HALL_EFFECT_RPS
                0x000000002000426c        0x4 ./Src/main.o
                0x000000002000426c                HALL_EFFECT_RPS
 .bss.HALL_EFFECT_RPM
                0x0000000020004270        0x4 ./Src/main.o
                0x0000000020004270                HALL_EFFECT_RPM
 .bss.HALL_EFFECT_KM_H
                0x0000000020004274        0x4 ./Src/main.o
                0x0000000020004274                HALL_EFFECT_KM_H
 .bss.GR_TSR_FLAG_OLED
                0x0000000020004278        0x2 ./Src/main.o
                0x0000000020004278                GR_TSR_FLAG_OLED
 .bss.GR_TSR_FLAG_OLED_send
                0x000000002000427a        0x1 ./Src/main.o
                0x000000002000427a                GR_TSR_FLAG_OLED_send
 .bss.PC_Counter
                0x000000002000427b        0x1 ./Src/main.o
                0x000000002000427b                PC_Counter
 .bss.PC_Uart_Flag
                0x000000002000427c        0x1 ./Src/main.o
                0x000000002000427c                PC_Uart_Flag
 .bss.TSR_START_Flag
                0x000000002000427d        0x1 ./Src/main.o
                0x000000002000427d                TSR_START_Flag
 .bss.TSR_END_Flag
                0x000000002000427e        0x1 ./Src/main.o
                0x000000002000427e                TSR_END_Flag
 .bss.FACE_START_Flag
                0x000000002000427f        0x1 ./Src/main.o
                0x000000002000427f                FACE_START_Flag
 .bss.FACE_END_Flag
                0x0000000020004280        0x1 ./Src/main.o
                0x0000000020004280                FACE_END_Flag
 *fill*         0x0000000020004281        0x1 
 .bss.GR_FACE_FLAG_
                0x0000000020004282        0x2 ./Src/main.o
                0x0000000020004282                GR_FACE_FLAG_
 .bss.GR_FACE_FLAG_send
                0x0000000020004284        0x1 ./Src/main.o
                0x0000000020004284                GR_FACE_FLAG_send
 .bss.ACC_ST    0x0000000020004285        0x1 ./Src/main.o
                0x0000000020004285                ACC_ST
 .bss.ACC_THROTTEL_DATA
                0x0000000020004286        0x2 ./Src/main.o
                0x0000000020004286                ACC_THROTTEL_DATA
 .bss.ACC_DICIMAL_VAL
                0x0000000020004288        0x1 ./Src/main.o
                0x0000000020004288                ACC_DICIMAL_VAL
 .bss.CAR_ON_counter
                0x0000000020004289        0x1 ./Src/main.o
                0x0000000020004289                CAR_ON_counter
 .bss.CAR_login_counter
                0x000000002000428a        0x1 ./Src/main.o
                0x000000002000428a                CAR_login_counter
 .bss.DMS__zero_COUNTER
                0x000000002000428b        0x1 ./Src/main.o
                0x000000002000428b                DMS__zero_COUNTER
 .bss.DMS__one_COUNTER
                0x000000002000428c        0x1 ./Src/main.o
                0x000000002000428c                DMS__one_COUNTER
 .bss.DMS_DATA  0x000000002000428d        0x1 ./Src/main.o
                0x000000002000428d                DMS_DATA
 .bss.DMS_START_OF_FRAME
                0x000000002000428e        0x1 ./Src/main.o
                0x000000002000428e                DMS_START_OF_FRAME
 .bss.DMS_END_OF_FRAME
                0x000000002000428f        0x1 ./Src/main.o
                0x000000002000428f                DMS_END_OF_FRAME
 .bss.GR_DMS_FLAG_
                0x0000000020004290        0x2 ./Src/main.o
                0x0000000020004290                GR_DMS_FLAG_
 .bss.GR_DMS_FLAG_send
                0x0000000020004292        0x1 ./Src/main.o
                0x0000000020004292                GR_DMS_FLAG_send
 *fill*         0x0000000020004293        0x1 
 .bss.FACE_ID_TASK_Handle
                0x0000000020004294        0x4 ./Src/main.o
                0x0000000020004294                FACE_ID_TASK_Handle
 .bss.TSR_Handller_TASK_Handle
                0x0000000020004298        0x4 ./Src/main.o
                0x0000000020004298                TSR_Handller_TASK_Handle
 .bss.ACC_STATE_READ_TASK_Handle
                0x000000002000429c        0x4 ./Src/main.o
                0x000000002000429c                ACC_STATE_READ_TASK_Handle
 *(COMMON)
                0x00000000200042a0                . = ALIGN (0x4)
                0x00000000200042a0                _ebss = .
                0x00000000200042a0                __bss_end__ = _ebss

._user_heap_stack
                0x00000000200042a0      0x600 load address 0x0000000008019738
                0x00000000200042a0                . = ALIGN (0x8)
                [!provide]                        PROVIDE (end = .)
                0x00000000200042a0                PROVIDE (_end = .)
                0x00000000200044a0                . = (. + _Min_Heap_Size)
 *fill*         0x00000000200042a0      0x200 
                0x00000000200048a0                . = (. + _Min_Stack_Size)
 *fill*         0x00000000200044a0      0x400 
                0x00000000200048a0                . = ALIGN (0x8)

/DISCARD/
 libc.a(*)
 libm.a(*)
 libgcc.a(*)

.ARM.attributes
                0x0000000000000000       0x29
 *(.ARM.attributes)
 .ARM.attributes
                0x0000000000000000       0x1d C:/ST/STM32CubeIDE_1.13.2/STM32CubeIDE/plugins/com.st.stm32cube.ide.mcu.externaltools.gnu-tools-for-stm32.11.3.rel1.win32_1.1.1.202309131626/tools/bin/../lib/gcc/arm-none-eabi/11.3.1/thumb/v7-m/nofp/crti.o
 .ARM.attributes
                0x000000000000001d       0x2d C:/ST/STM32CubeIDE_1.13.2/STM32CubeIDE/plugins/com.st.stm32cube.ide.mcu.externaltools.gnu-tools-for-stm32.11.3.rel1.win32_1.1.1.202309131626/tools/bin/../lib/gcc/arm-none-eabi/11.3.1/thumb/v7-m/nofp/crtbegin.o
 .ARM.attributes
                0x000000000000004a       0x2d ./FreeRTOS/list.o
 .ARM.attributes
                0x0000000000000077       0x2d ./FreeRTOS/tasks.o
 .ARM.attributes
                0x00000000000000a4       0x2d ./FreeRTOS/portable/ARM_CM3/port.o
 .ARM.attributes
                0x00000000000000d1       0x2d ./FreeRTOS/portable/MemMang/heap_1.o
 .ARM.attributes
                0x00000000000000fe       0x2d ./HAL/DMS.o
 .ARM.attributes
                0x000000000000012b       0x2d ./HAL/LUNA_LIDAR.o
 .ARM.attributes
                0x0000000000000158       0x2d ./HAL/TFT.o
 .ARM.attributes
                0x0000000000000185       0x2d ./MCAL/ADC.o
 .ARM.attributes
                0x00000000000001b2       0x2d ./MCAL/CAN.o
 .ARM.attributes
                0x00000000000001df       0x2d ./MCAL/EXTI_Driver.o
 .ARM.attributes
                0x000000000000020c       0x2d ./MCAL/GPIO_Driver.o
 .ARM.attributes
                0x0000000000000239       0x2d ./MCAL/GP_Timers.o
 .ARM.attributes
                0x0000000000000266       0x2d ./MCAL/RCC.o
 .ARM.attributes
                0x0000000000000293       0x2d ./MCAL/SPI.o
 .ARM.attributes
                0x00000000000002c0       0x2d ./MCAL/Timer1_8.o
 .ARM.attributes
                0x00000000000002ed       0x2d ./MCAL/USART_Driver.o
 .ARM.attributes
                0x000000000000031a       0x2d ./Src/main.o
 .ARM.attributes
                0x0000000000000347       0x21 ./Startup/startup_stm32f103cbtx.o
 .ARM.attributes
                0x0000000000000368       0x2d C:/ST/STM32CubeIDE_1.13.2/STM32CubeIDE/plugins/com.st.stm32cube.ide.mcu.externaltools.gnu-tools-for-stm32.11.3.rel1.win32_1.1.1.202309131626/tools/bin/../lib/gcc/arm-none-eabi/11.3.1/../../../../arm-none-eabi/lib/thumb/v7-m/nofp\libc_nano.a(libc_a-memset.o)
 .ARM.attributes
                0x0000000000000395       0x2d C:/ST/STM32CubeIDE_1.13.2/STM32CubeIDE/plugins/com.st.stm32cube.ide.mcu.externaltools.gnu-tools-for-stm32.11.3.rel1.win32_1.1.1.202309131626/tools/bin/../lib/gcc/arm-none-eabi/11.3.1/../../../../arm-none-eabi/lib/thumb/v7-m/nofp\libc_nano.a(libc_a-init.o)
 .ARM.attributes
                0x00000000000003c2       0x1d C:/ST/STM32CubeIDE_1.13.2/STM32CubeIDE/plugins/com.st.stm32cube.ide.mcu.externaltools.gnu-tools-for-stm32.11.3.rel1.win32_1.1.1.202309131626/tools/bin/../lib/gcc/arm-none-eabi/11.3.1/thumb/v7-m/nofp/crtn.o
OUTPUT(Graduation_Project_Finall.elf elf32-littlearm)
LOAD linker stubs
LOAD C:/ST/STM32CubeIDE_1.13.2/STM32CubeIDE/plugins/com.st.stm32cube.ide.mcu.externaltools.gnu-tools-for-stm32.11.3.rel1.win32_1.1.1.202309131626/tools/bin/../lib/gcc/arm-none-eabi/11.3.1/../../../../arm-none-eabi/lib/thumb/v7-m/nofp\libc.a
LOAD C:/ST/STM32CubeIDE_1.13.2/STM32CubeIDE/plugins/com.st.stm32cube.ide.mcu.externaltools.gnu-tools-for-stm32.11.3.rel1.win32_1.1.1.202309131626/tools/bin/../lib/gcc/arm-none-eabi/11.3.1/../../../../arm-none-eabi/lib/thumb/v7-m/nofp\libm.a
LOAD C:/ST/STM32CubeIDE_1.13.2/STM32CubeIDE/plugins/com.st.stm32cube.ide.mcu.externaltools.gnu-tools-for-stm32.11.3.rel1.win32_1.1.1.202309131626/tools/bin/../lib/gcc/arm-none-eabi/11.3.1/thumb/v7-m/nofp\libgcc.a

.comment        0x0000000000000000       0x43
 .comment       0x0000000000000000       0x43 C:/ST/STM32CubeIDE_1.13.2/STM32CubeIDE/plugins/com.st.stm32cube.ide.mcu.externaltools.gnu-tools-for-stm32.11.3.rel1.win32_1.1.1.202309131626/tools/bin/../lib/gcc/arm-none-eabi/11.3.1/thumb/v7-m/nofp/crtbegin.o
                                         0x44 (size before relaxing)
 .comment       0x0000000000000043       0x44 ./FreeRTOS/list.o
 .comment       0x0000000000000043       0x44 ./FreeRTOS/tasks.o
 .comment       0x0000000000000043       0x44 ./FreeRTOS/portable/ARM_CM3/port.o
 .comment       0x0000000000000043       0x44 ./FreeRTOS/portable/MemMang/heap_1.o
 .comment       0x0000000000000043       0x44 ./HAL/DMS.o
 .comment       0x0000000000000043       0x44 ./HAL/LUNA_LIDAR.o
 .comment       0x0000000000000043       0x44 ./HAL/TFT.o
 .comment       0x0000000000000043       0x44 ./MCAL/ADC.o
 .comment       0x0000000000000043       0x44 ./MCAL/CAN.o
 .comment       0x0000000000000043       0x44 ./MCAL/EXTI_Driver.o
 .comment       0x0000000000000043       0x44 ./MCAL/GPIO_Driver.o
 .comment       0x0000000000000043       0x44 ./MCAL/GP_Timers.o
 .comment       0x0000000000000043       0x44 ./MCAL/RCC.o
 .comment       0x0000000000000043       0x44 ./MCAL/SPI.o
 .comment       0x0000000000000043       0x44 ./MCAL/Timer1_8.o
 .comment       0x0000000000000043       0x44 ./MCAL/USART_Driver.o
 .comment       0x0000000000000043       0x44 ./Src/main.o

.debug_info     0x0000000000000000     0xf716
 .debug_info    0x0000000000000000      0x304 ./FreeRTOS/list.o
 .debug_info    0x0000000000000304     0x1d1c ./FreeRTOS/tasks.o
 .debug_info    0x0000000000002020      0x336 ./FreeRTOS/portable/ARM_CM3/port.o
 .debug_info    0x0000000000002356      0x1cb ./FreeRTOS/portable/MemMang/heap_1.o
 .debug_info    0x0000000000002521      0x2f8 ./HAL/DMS.o
 .debug_info    0x0000000000002819      0x4e5 ./HAL/LUNA_LIDAR.o
 .debug_info    0x0000000000002cfe     0x10a2 ./HAL/TFT.o
 .debug_info    0x0000000000003da0     0x1360 ./MCAL/ADC.o
 .debug_info    0x0000000000005100     0x1ef2 ./MCAL/CAN.o
 .debug_info    0x0000000000006ff2      0x653 ./MCAL/EXTI_Driver.o
 .debug_info    0x0000000000007645      0x586 ./MCAL/GPIO_Driver.o
 .debug_info    0x0000000000007bcb     0x236c ./MCAL/GP_Timers.o
 .debug_info    0x0000000000009f37      0x233 ./MCAL/RCC.o
 .debug_info    0x000000000000a16a      0xca0 ./MCAL/SPI.o
 .debug_info    0x000000000000ae0a     0x15b7 ./MCAL/Timer1_8.o
 .debug_info    0x000000000000c3c1      0x775 ./MCAL/USART_Driver.o
 .debug_info    0x000000000000cb36     0x2bbe ./Src/main.o
 .debug_info    0x000000000000f6f4       0x22 ./Startup/startup_stm32f103cbtx.o

.debug_abbrev   0x0000000000000000     0x22db
 .debug_abbrev  0x0000000000000000       0xf4 ./FreeRTOS/list.o
 .debug_abbrev  0x00000000000000f4      0x33d ./FreeRTOS/tasks.o
 .debug_abbrev  0x0000000000000431      0x22a ./FreeRTOS/portable/ARM_CM3/port.o
 .debug_abbrev  0x000000000000065b      0x129 ./FreeRTOS/portable/MemMang/heap_1.o
 .debug_abbrev  0x0000000000000784      0x111 ./HAL/DMS.o
 .debug_abbrev  0x0000000000000895      0x179 ./HAL/LUNA_LIDAR.o
 .debug_abbrev  0x0000000000000a0e      0x278 ./HAL/TFT.o
 .debug_abbrev  0x0000000000000c86      0x2a6 ./MCAL/ADC.o
 .debug_abbrev  0x0000000000000f2c      0x2e7 ./MCAL/CAN.o
 .debug_abbrev  0x0000000000001213      0x19d ./MCAL/EXTI_Driver.o
 .debug_abbrev  0x00000000000013b0      0x140 ./MCAL/GPIO_Driver.o
 .debug_abbrev  0x00000000000014f0      0x2dd ./MCAL/GP_Timers.o
 .debug_abbrev  0x00000000000017cd       0xcf ./MCAL/RCC.o
 .debug_abbrev  0x000000000000189c      0x204 ./MCAL/SPI.o
 .debug_abbrev  0x0000000000001aa0      0x284 ./MCAL/Timer1_8.o
 .debug_abbrev  0x0000000000001d24      0x1d6 ./MCAL/USART_Driver.o
 .debug_abbrev  0x0000000000001efa      0x3cf ./Src/main.o
 .debug_abbrev  0x00000000000022c9       0x12 ./Startup/startup_stm32f103cbtx.o

.debug_loc      0x0000000000000000     0x39cc
 .debug_loc     0x0000000000000000      0x1cc ./FreeRTOS/list.o
 .debug_loc     0x00000000000001cc     0x103c ./FreeRTOS/tasks.o
 .debug_loc     0x0000000000001208      0x274 ./FreeRTOS/portable/ARM_CM3/port.o
 .debug_loc     0x000000000000147c      0x134 ./FreeRTOS/portable/MemMang/heap_1.o
 .debug_loc     0x00000000000015b0       0x7c ./HAL/DMS.o
 .debug_loc     0x000000000000162c      0x154 ./HAL/LUNA_LIDAR.o
 .debug_loc     0x0000000000001780      0x43c ./HAL/TFT.o
 .debug_loc     0x0000000000001bbc      0x1b2 ./MCAL/ADC.o
 .debug_loc     0x0000000000001d6e      0x2a8 ./MCAL/CAN.o
 .debug_loc     0x0000000000002016      0x23c ./MCAL/EXTI_Driver.o
 .debug_loc     0x0000000000002252      0x38c ./MCAL/GPIO_Driver.o
 .debug_loc     0x00000000000025de      0x546 ./MCAL/GP_Timers.o
 .debug_loc     0x0000000000002b24       0xc8 ./MCAL/RCC.o
 .debug_loc     0x0000000000002bec      0x262 ./MCAL/SPI.o
 .debug_loc     0x0000000000002e4e      0x414 ./MCAL/Timer1_8.o
 .debug_loc     0x0000000000003262      0x238 ./MCAL/USART_Driver.o
 .debug_loc     0x000000000000349a      0x532 ./Src/main.o

.debug_aranges  0x0000000000000000      0x808
 .debug_aranges
                0x0000000000000000       0x40 ./FreeRTOS/list.o
 .debug_aranges
                0x0000000000000040      0x1b0 ./FreeRTOS/tasks.o
 .debug_aranges
                0x00000000000001f0       0x70 ./FreeRTOS/portable/ARM_CM3/port.o
 .debug_aranges
                0x0000000000000260       0x38 ./FreeRTOS/portable/MemMang/heap_1.o
 .debug_aranges
                0x0000000000000298       0x28 ./HAL/DMS.o
 .debug_aranges
                0x00000000000002c0       0x40 ./HAL/LUNA_LIDAR.o
 .debug_aranges
                0x0000000000000300       0x88 ./HAL/TFT.o
 .debug_aranges
                0x0000000000000388       0x48 ./MCAL/ADC.o
 .debug_aranges
                0x00000000000003d0       0x68 ./MCAL/CAN.o
 .debug_aranges
                0x0000000000000438       0x68 ./MCAL/EXTI_Driver.o
 .debug_aranges
                0x00000000000004a0       0x68 ./MCAL/GPIO_Driver.o
 .debug_aranges
                0x0000000000000508       0xa0 ./MCAL/GP_Timers.o
 .debug_aranges
                0x00000000000005a8       0x38 ./MCAL/RCC.o
 .debug_aranges
                0x00000000000005e0       0x50 ./MCAL/SPI.o
 .debug_aranges
                0x0000000000000630       0x90 ./MCAL/Timer1_8.o
 .debug_aranges
                0x00000000000006c0       0x58 ./MCAL/USART_Driver.o
 .debug_aranges
                0x0000000000000718       0xc8 ./Src/main.o
 .debug_aranges
                0x00000000000007e0       0x28 ./Startup/startup_stm32f103cbtx.o

.debug_ranges   0x0000000000000000      0x6f0
 .debug_ranges  0x0000000000000000       0x30 ./FreeRTOS/list.o
 .debug_ranges  0x0000000000000030      0x1a0 ./FreeRTOS/tasks.o
 .debug_ranges  0x00000000000001d0       0x60 ./FreeRTOS/portable/ARM_CM3/port.o
 .debug_ranges  0x0000000000000230       0x28 ./FreeRTOS/portable/MemMang/heap_1.o
 .debug_ranges  0x0000000000000258       0x18 ./HAL/DMS.o
 .debug_ranges  0x0000000000000270       0x30 ./HAL/LUNA_LIDAR.o
 .debug_ranges  0x00000000000002a0       0x78 ./HAL/TFT.o
 .debug_ranges  0x0000000000000318       0x38 ./MCAL/ADC.o
 .debug_ranges  0x0000000000000350       0x58 ./MCAL/CAN.o
 .debug_ranges  0x00000000000003a8       0x58 ./MCAL/EXTI_Driver.o
 .debug_ranges  0x0000000000000400       0x58 ./MCAL/GPIO_Driver.o
 .debug_ranges  0x0000000000000458       0x90 ./MCAL/GP_Timers.o
 .debug_ranges  0x00000000000004e8       0x28 ./MCAL/RCC.o
 .debug_ranges  0x0000000000000510       0x40 ./MCAL/SPI.o
 .debug_ranges  0x0000000000000550       0x80 ./MCAL/Timer1_8.o
 .debug_ranges  0x00000000000005d0       0x48 ./MCAL/USART_Driver.o
 .debug_ranges  0x0000000000000618       0xb8 ./Src/main.o
 .debug_ranges  0x00000000000006d0       0x20 ./Startup/startup_stm32f103cbtx.o

.debug_macro    0x0000000000000000     0x18a9
 .debug_macro   0x0000000000000000      0x198 ./FreeRTOS/list.o
 .debug_macro   0x0000000000000198      0x27e ./FreeRTOS/tasks.o
 .debug_macro   0x0000000000000416       0x17 ./FreeRTOS/tasks.o
 .debug_macro   0x000000000000042d      0x183 ./FreeRTOS/portable/ARM_CM3/port.o
 .debug_macro   0x00000000000005b0      0x1ad ./FreeRTOS/portable/MemMang/heap_1.o
 .debug_macro   0x000000000000075d       0xab ./HAL/DMS.o
 .debug_macro   0x0000000000000808       0x16 ./HAL/DMS.o
 .debug_macro   0x000000000000081e      0x1a3 ./HAL/DMS.o
 .debug_macro   0x00000000000009c1       0x1c ./HAL/DMS.o
 .debug_macro   0x00000000000009dd       0x22 ./HAL/DMS.o
 .debug_macro   0x00000000000009ff       0xb0 ./HAL/LUNA_LIDAR.o
 .debug_macro   0x0000000000000aaf       0x16 ./HAL/LUNA_LIDAR.o
 .debug_macro   0x0000000000000ac5       0x52 ./HAL/LUNA_LIDAR.o
 .debug_macro   0x0000000000000b17       0xbe ./HAL/TFT.o
 .debug_macro   0x0000000000000bd5       0x1c ./HAL/TFT.o
 .debug_macro   0x0000000000000bf1       0xa6 ./HAL/TFT.o
 .debug_macro   0x0000000000000c97       0xa2 ./MCAL/ADC.o
 .debug_macro   0x0000000000000d39       0x9d ./MCAL/CAN.o
 .debug_macro   0x0000000000000dd6       0x10 ./MCAL/CAN.o
 .debug_macro   0x0000000000000de6       0x98 ./MCAL/EXTI_Driver.o
 .debug_macro   0x0000000000000e7e      0x346 ./MCAL/EXTI_Driver.o
 .debug_macro   0x00000000000011c4       0x85 ./MCAL/GPIO_Driver.o
 .debug_macro   0x0000000000001249       0x95 ./MCAL/GP_Timers.o
 .debug_macro   0x00000000000012de       0x8a ./MCAL/RCC.o
 .debug_macro   0x0000000000001368       0x16 ./MCAL/RCC.o
 .debug_macro   0x000000000000137e       0x94 ./MCAL/SPI.o
 .debug_macro   0x0000000000001412       0x98 ./MCAL/Timer1_8.o
 .debug_macro   0x00000000000014aa       0x9d ./MCAL/USART_Driver.o
 .debug_macro   0x0000000000001547       0x4c ./MCAL/USART_Driver.o
 .debug_macro   0x0000000000001593      0x1ac ./Src/main.o
 .debug_macro   0x000000000000173f       0x62 ./Src/main.o
 .debug_macro   0x00000000000017a1       0x10 ./Src/main.o
 .debug_macro   0x00000000000017b1       0x28 ./Src/main.o
 .debug_macro   0x00000000000017d9       0xd0 ./Src/main.o

.debug_line     0x0000000000000000     0xa09c
 .debug_line    0x0000000000000000      0x786 ./FreeRTOS/list.o
 .debug_line    0x0000000000000786     0x1690 ./FreeRTOS/tasks.o
 .debug_line    0x0000000000001e16      0x6f4 ./FreeRTOS/portable/ARM_CM3/port.o
 .debug_line    0x000000000000250a      0x731 ./FreeRTOS/portable/MemMang/heap_1.o
 .debug_line    0x0000000000002c3b      0x531 ./HAL/DMS.o
 .debug_line    0x000000000000316c      0x740 ./HAL/LUNA_LIDAR.o
 .debug_line    0x00000000000038ac      0x75b ./HAL/TFT.o
 .debug_line    0x0000000000004007      0x716 ./MCAL/ADC.o
 .debug_line    0x000000000000471d     0x11e6 ./MCAL/CAN.o
 .debug_line    0x0000000000005903      0x7da ./MCAL/EXTI_Driver.o
 .debug_line    0x00000000000060dd      0x730 ./MCAL/GPIO_Driver.o
 .debug_line    0x000000000000680d     0x10c2 ./MCAL/GP_Timers.o
 .debug_line    0x00000000000078cf      0x4ef ./MCAL/RCC.o
 .debug_line    0x0000000000007dbe      0x78a ./MCAL/SPI.o
 .debug_line    0x0000000000008548      0x7a9 ./MCAL/Timer1_8.o
 .debug_line    0x0000000000008cf1      0x712 ./MCAL/USART_Driver.o
 .debug_line    0x0000000000009403      0xc15 ./Src/main.o
 .debug_line    0x000000000000a018       0x84 ./Startup/startup_stm32f103cbtx.o

.debug_str      0x0000000000000000    0x13f5b
 .debug_str     0x0000000000000000     0xad42 ./FreeRTOS/list.o
                                       0xaf67 (size before relaxing)
 .debug_str     0x000000000000ad42     0x2dfa ./FreeRTOS/tasks.o
                                       0xddb9 (size before relaxing)
 .debug_str     0x000000000000db3c      0x606 ./FreeRTOS/portable/ARM_CM3/port.o
                                       0x95a9 (size before relaxing)
 .debug_str     0x000000000000e142       0xd2 ./FreeRTOS/portable/MemMang/heap_1.o
                                       0xc18f (size before relaxing)
 .debug_str     0x000000000000e214      0x986 ./HAL/DMS.o
                                       0x468c (size before relaxing)
 .debug_str     0x000000000000eb9a      0x53b ./HAL/LUNA_LIDAR.o
                                       0x4a6a (size before relaxing)
 .debug_str     0x000000000000f0d5      0x838 ./HAL/TFT.o
                                       0x4eb8 (size before relaxing)
 .debug_str     0x000000000000f90d      0x5f0 ./MCAL/ADC.o
                                       0x4cb6 (size before relaxing)
 .debug_str     0x000000000000fefd      0x9ba ./MCAL/CAN.o
                                       0x508a (size before relaxing)
 .debug_str     0x00000000000108b7     0x15be ./MCAL/EXTI_Driver.o
                                       0x5b80 (size before relaxing)
 .debug_str     0x0000000000011e75       0xce ./MCAL/GPIO_Driver.o
                                       0x46a7 (size before relaxing)
 .debug_str     0x0000000000011f43      0x790 ./MCAL/GP_Timers.o
                                       0x4f21 (size before relaxing)
 .debug_str     0x00000000000126d3       0x4c ./MCAL/RCC.o
                                       0x4576 (size before relaxing)
 .debug_str     0x000000000001271f       0x95 ./MCAL/SPI.o
                                       0x49b0 (size before relaxing)
 .debug_str     0x00000000000127b4      0x246 ./MCAL/Timer1_8.o
                                       0x4d38 (size before relaxing)
 .debug_str     0x00000000000129fa       0x80 ./MCAL/USART_Driver.o
                                       0x4b21 (size before relaxing)
 .debug_str     0x0000000000012a7a     0x14b2 ./Src/main.o
                                       0xd54a (size before relaxing)
 .debug_str     0x0000000000013f2c       0x2f ./Startup/startup_stm32f103cbtx.o
                                         0x69 (size before relaxing)

.debug_frame    0x0000000000000000     0x1d00
 .debug_frame   0x0000000000000000       0xd8 ./FreeRTOS/list.o
 .debug_frame   0x00000000000000d8      0x75c ./FreeRTOS/tasks.o
 .debug_frame   0x0000000000000834      0x160 ./FreeRTOS/portable/ARM_CM3/port.o
 .debug_frame   0x0000000000000994       0x9c ./FreeRTOS/portable/MemMang/heap_1.o
 .debug_frame   0x0000000000000a30       0x50 ./HAL/DMS.o
 .debug_frame   0x0000000000000a80       0xbc ./HAL/LUNA_LIDAR.o
 .debug_frame   0x0000000000000b3c      0x220 ./HAL/TFT.o
 .debug_frame   0x0000000000000d5c       0xe0 ./MCAL/ADC.o
 .debug_frame   0x0000000000000e3c      0x160 ./MCAL/CAN.o
 .debug_frame   0x0000000000000f9c      0x148 ./MCAL/EXTI_Driver.o
 .debug_frame   0x00000000000010e4      0x1a0 ./MCAL/GPIO_Driver.o
 .debug_frame   0x0000000000001284      0x284 ./MCAL/GP_Timers.o
 .debug_frame   0x0000000000001508       0x84 ./MCAL/RCC.o
 .debug_frame   0x000000000000158c      0x120 ./MCAL/SPI.o
 .debug_frame   0x00000000000016ac      0x214 ./MCAL/Timer1_8.o
 .debug_frame   0x00000000000018c0      0x12c ./MCAL/USART_Driver.o
 .debug_frame   0x00000000000019ec      0x2c8 ./Src/main.o
 .debug_frame   0x0000000000001cb4       0x20 C:/ST/STM32CubeIDE_1.13.2/STM32CubeIDE/plugins/com.st.stm32cube.ide.mcu.externaltools.gnu-tools-for-stm32.11.3.rel1.win32_1.1.1.202309131626/tools/bin/../lib/gcc/arm-none-eabi/11.3.1/../../../../arm-none-eabi/lib/thumb/v7-m/nofp\libc_nano.a(libc_a-memset.o)
 .debug_frame   0x0000000000001cd4       0x2c C:/ST/STM32CubeIDE_1.13.2/STM32CubeIDE/plugins/com.st.stm32cube.ide.mcu.externaltools.gnu-tools-for-stm32.11.3.rel1.win32_1.1.1.202309131626/tools/bin/../lib/gcc/arm-none-eabi/11.3.1/../../../../arm-none-eabi/lib/thumb/v7-m/nofp\libc_nano.a(libc_a-init.o)
