Archive member included to satisfy reference by file (symbol)

C:/ST/STM32CubeIDE_1.13.2/STM32CubeIDE/plugins/com.st.stm32cube.ide.mcu.externaltools.gnu-tools-for-stm32.11.3.rel1.win32_1.1.1.202309131626/tools/bin/../lib/gcc/arm-none-eabi/11.3.1/../../../../arm-none-eabi/lib/thumb/v7-m/nofp\libc_nano.a(libc_a-exit.o)
                              C:/ST/STM32CubeIDE_1.13.2/STM32CubeIDE/plugins/com.st.stm32cube.ide.mcu.externaltools.gnu-tools-for-stm32.11.3.rel1.win32_1.1.1.202309131626/tools/bin/../lib/gcc/arm-none-eabi/11.3.1/../../../../arm-none-eabi/lib/thumb/v7-m/nofp/crt0.o (exit)
C:/ST/STM32CubeIDE_1.13.2/STM32CubeIDE/plugins/com.st.stm32cube.ide.mcu.externaltools.gnu-tools-for-stm32.11.3.rel1.win32_1.1.1.202309131626/tools/bin/../lib/gcc/arm-none-eabi/11.3.1/../../../../arm-none-eabi/lib/thumb/v7-m/nofp\libc_nano.a(libc_a-itoa.o)
                              ./HAL/LCD.o (itoa)
C:/ST/STM32CubeIDE_1.13.2/STM32CubeIDE/plugins/com.st.stm32cube.ide.mcu.externaltools.gnu-tools-for-stm32.11.3.rel1.win32_1.1.1.202309131626/tools/bin/../lib/gcc/arm-none-eabi/11.3.1/../../../../arm-none-eabi/lib/thumb/v7-m/nofp\libc_nano.a(libc_a-utoa.o)
                              C:/ST/STM32CubeIDE_1.13.2/STM32CubeIDE/plugins/com.st.stm32cube.ide.mcu.externaltools.gnu-tools-for-stm32.11.3.rel1.win32_1.1.1.202309131626/tools/bin/../lib/gcc/arm-none-eabi/11.3.1/../../../../arm-none-eabi/lib/thumb/v7-m/nofp\libc_nano.a(libc_a-itoa.o) (__utoa)
C:/ST/STM32CubeIDE_1.13.2/STM32CubeIDE/plugins/com.st.stm32cube.ide.mcu.externaltools.gnu-tools-for-stm32.11.3.rel1.win32_1.1.1.202309131626/tools/bin/../lib/gcc/arm-none-eabi/11.3.1/../../../../arm-none-eabi/lib/thumb/v7-m/nofp\libc_nano.a(libc_a-findfp.o)
                              C:/ST/STM32CubeIDE_1.13.2/STM32CubeIDE/plugins/com.st.stm32cube.ide.mcu.externaltools.gnu-tools-for-stm32.11.3.rel1.win32_1.1.1.202309131626/tools/bin/../lib/gcc/arm-none-eabi/11.3.1/../../../../arm-none-eabi/lib/thumb/v7-m/nofp\libc_nano.a(libc_a-exit.o) (__stdio_exit_handler)
C:/ST/STM32CubeIDE_1.13.2/STM32CubeIDE/plugins/com.st.stm32cube.ide.mcu.externaltools.gnu-tools-for-stm32.11.3.rel1.win32_1.1.1.202309131626/tools/bin/../lib/gcc/arm-none-eabi/11.3.1/../../../../arm-none-eabi/lib/thumb/v7-m/nofp\libc_nano.a(libc_a-fwalk.o)
                              C:/ST/STM32CubeIDE_1.13.2/STM32CubeIDE/plugins/com.st.stm32cube.ide.mcu.externaltools.gnu-tools-for-stm32.11.3.rel1.win32_1.1.1.202309131626/tools/bin/../lib/gcc/arm-none-eabi/11.3.1/../../../../arm-none-eabi/lib/thumb/v7-m/nofp\libc_nano.a(libc_a-findfp.o) (_fwalk_sglue)
C:/ST/STM32CubeIDE_1.13.2/STM32CubeIDE/plugins/com.st.stm32cube.ide.mcu.externaltools.gnu-tools-for-stm32.11.3.rel1.win32_1.1.1.202309131626/tools/bin/../lib/gcc/arm-none-eabi/11.3.1/../../../../arm-none-eabi/lib/thumb/v7-m/nofp\libc_nano.a(libc_a-stdio.o)
                              C:/ST/STM32CubeIDE_1.13.2/STM32CubeIDE/plugins/com.st.stm32cube.ide.mcu.externaltools.gnu-tools-for-stm32.11.3.rel1.win32_1.1.1.202309131626/tools/bin/../lib/gcc/arm-none-eabi/11.3.1/../../../../arm-none-eabi/lib/thumb/v7-m/nofp\libc_nano.a(libc_a-findfp.o) (__sread)
C:/ST/STM32CubeIDE_1.13.2/STM32CubeIDE/plugins/com.st.stm32cube.ide.mcu.externaltools.gnu-tools-for-stm32.11.3.rel1.win32_1.1.1.202309131626/tools/bin/../lib/gcc/arm-none-eabi/11.3.1/../../../../arm-none-eabi/lib/thumb/v7-m/nofp\libc_nano.a(libc_a-memset.o)
                              C:/ST/STM32CubeIDE_1.13.2/STM32CubeIDE/plugins/com.st.stm32cube.ide.mcu.externaltools.gnu-tools-for-stm32.11.3.rel1.win32_1.1.1.202309131626/tools/bin/../lib/gcc/arm-none-eabi/11.3.1/../../../../arm-none-eabi/lib/thumb/v7-m/nofp/crt0.o (memset)
C:/ST/STM32CubeIDE_1.13.2/STM32CubeIDE/plugins/com.st.stm32cube.ide.mcu.externaltools.gnu-tools-for-stm32.11.3.rel1.win32_1.1.1.202309131626/tools/bin/../lib/gcc/arm-none-eabi/11.3.1/../../../../arm-none-eabi/lib/thumb/v7-m/nofp\libc_nano.a(libc_a-closer.o)
                              C:/ST/STM32CubeIDE_1.13.2/STM32CubeIDE/plugins/com.st.stm32cube.ide.mcu.externaltools.gnu-tools-for-stm32.11.3.rel1.win32_1.1.1.202309131626/tools/bin/../lib/gcc/arm-none-eabi/11.3.1/../../../../arm-none-eabi/lib/thumb/v7-m/nofp\libc_nano.a(libc_a-stdio.o) (_close_r)
C:/ST/STM32CubeIDE_1.13.2/STM32CubeIDE/plugins/com.st.stm32cube.ide.mcu.externaltools.gnu-tools-for-stm32.11.3.rel1.win32_1.1.1.202309131626/tools/bin/../lib/gcc/arm-none-eabi/11.3.1/../../../../arm-none-eabi/lib/thumb/v7-m/nofp\libc_nano.a(libc_a-reent.o)
                              C:/ST/STM32CubeIDE_1.13.2/STM32CubeIDE/plugins/com.st.stm32cube.ide.mcu.externaltools.gnu-tools-for-stm32.11.3.rel1.win32_1.1.1.202309131626/tools/bin/../lib/gcc/arm-none-eabi/11.3.1/../../../../arm-none-eabi/lib/thumb/v7-m/nofp\libc_nano.a(libc_a-closer.o) (errno)
[...]
Memory Configuration

Name             Origin             Length             Attributes
RAM              0x0000000020000000 0x0000000000002800 xrw
ROM              0x0000000008000000 0x0000000000008000 xr
*default*        0x0000000000000000 0xffffffffffffffff

Linker script and memory map

LOAD C:/ST/STM32CubeIDE_1.13.2/STM32CubeIDE/plugins/com.st.stm32cube.ide.mcu.externaltools.gnu-tools-for-stm32.11.3.rel1.win32_1.1.1.202309131626/tools/bin/../lib/gcc/arm-none-eabi/11.3.1/thumb/v7-m/nofp/crti.o
LOAD C:/ST/STM32CubeIDE_1.13.2/STM32CubeIDE/plugins/com.st.stm32cube.ide.mcu.externaltools.gnu-tools-for-stm32.11.3.rel1.win32_1.1.1.202309131626/tools/bin/../lib/gcc/arm-none-eabi/11.3.1/thumb/v7-m/nofp/crtbegin.o
LOAD C:/ST/STM32CubeIDE_1.13.2/STM32CubeIDE/plugins/com.st.stm32cube.ide.mcu.externaltools.gnu-tools-for-stm32.11.3.rel1.win32_1.1.1.202309131626/tools/bin/../lib/gcc/arm-none-eabi/11.3.1/../../../../arm-none-eabi/lib/thumb/v7-m/nofp/crt0.o
LOAD ./HAL/KEYPAD.o
LOAD ./HAL/LCD.o
LOAD ./HAL/SPI_EEPROM.o
LOAD ./HAL/Servo_Motor.o
LOAD ./MCAL/EEPROM.o
LOAD ./MCAL/EXTI_Driver.o
LOAD ./MCAL/GPIO_Driver.o
LOAD ./MCAL/GP_Timers.o
LOAD ./MCAL/I2C.o
LOAD ./MCAL/RCC.o
LOAD ./MCAL/SPI.o
LOAD ./MCAL/Timer.o
LOAD ./MCAL/Timer1_8.o
LOAD ./MCAL/USART_Driver.o
LOAD ./Src/main.o
LOAD ./Src/syscalls.o
LOAD ./Src/sysmem.o
LOAD ./Startup/startup_stm32f103c6tx.o
START GROUP
LOAD C:/ST/STM32CubeIDE_1.13.2/STM32CubeIDE/plugins/com.st.stm32cube.ide.mcu.externaltools.gnu-tools-for-stm32.11.3.rel1.win32_1.1.1.202309131626/tools/bin/../lib/gcc/arm-none-eabi/11.3.1/../../../../arm-none-eabi/lib/thumb/v7-m/nofp\libc_nano.a
LOAD C:/ST/STM32CubeIDE_1.13.2/STM32CubeIDE/plugins/com.st.stm32cube.ide.mcu.externaltools.gnu-tools-for-stm32.11.3.rel1.win32_1.1.1.202309131626/tools/bin/../lib/gcc/arm-none-eabi/11.3.1/../../../../arm-none-eabi/lib/thumb/v7-m/nofp\libm.a
END GROUP
START GROUP
LOAD C:/ST/STM32CubeIDE_1.13.2/STM32CubeIDE/plugins/com.st.stm32cube.ide.mcu.externaltools.gnu-tools-for-stm32.11.3.rel1.win32_1.1.1.202309131626/tools/bin/../lib/gcc/arm-none-eabi/11.3.1/thumb/v7-m/nofp\libgcc.a
LOAD C:/ST/STM32CubeIDE_1.13.2/STM32CubeIDE/plugins/com.st.stm32cube.ide.mcu.externaltools.gnu-tools-for-stm32.11.3.rel1.win32_1.1.1.202309131626/tools/bin/../lib/gcc/arm-none-eabi/11.3.1/../../../../arm-none-eabi/lib/thumb/v7-m/nofp\libg_nano.a
LOAD C:/ST/STM32CubeIDE_1.13.2/STM32CubeIDE/plugins/com.st.stm32cube.ide.mcu.externaltools.gnu-tools-for-stm32.11.3.rel1.win32_1.1.1.202309131626/tools/bin/../lib/gcc/arm-none-eabi/11.3.1/../../../../arm-none-eabi/lib/thumb/v7-m/nofp\libc_nano.a
END GROUP
START GROUP
LOAD C:/ST/STM32CubeIDE_1.13.2/STM32CubeIDE/plugins/com.st.stm32cube.ide.mcu.externaltools.gnu-tools-for-stm32.11.3.rel1.win32_1.1.1.202309131626/tools/bin/../lib/gcc/arm-none-eabi/11.3.1/thumb/v7-m/nofp\libgcc.a
LOAD C:/ST/STM32CubeIDE_1.13.2/STM32CubeIDE/plugins/com.st.stm32cube.ide.mcu.externaltools.gnu-tools-for-stm32.11.3.rel1.win32_1.1.1.202309131626/tools/bin/../lib/gcc/arm-none-eabi/11.3.1/../../../../arm-none-eabi/lib/thumb/v7-m/nofp\libc_nano.a
LOAD C:/ST/STM32CubeIDE_1.13.2/STM32CubeIDE/plugins/com.st.stm32cube.ide.mcu.externaltools.gnu-tools-for-stm32.11.3.rel1.win32_1.1.1.202309131626/tools/bin/../lib/gcc/arm-none-eabi/11.3.1/../../../../arm-none-eabi/lib/thumb/v7-m/nofp\libnosys.a
END GROUP
START GROUP
LOAD C:/ST/STM32CubeIDE_1.13.2/STM32CubeIDE/plugins/com.st.stm32cube.ide.mcu.externaltools.gnu-tools-for-stm32.11.3.rel1.win32_1.1.1.202309131626/tools/bin/../lib/gcc/arm-none-eabi/11.3.1/thumb/v7-m/nofp\libgcc.a
LOAD C:/ST/STM32CubeIDE_1.13.2/STM32CubeIDE/plugins/com.st.stm32cube.ide.mcu.externaltools.gnu-tools-for-stm32.11.3.rel1.win32_1.1.1.202309131626/tools/bin/../lib/gcc/arm-none-eabi/11.3.1/../../../../arm-none-eabi/lib/thumb/v7-m/nofp\libc_nano.a
LOAD C:/ST/STM32CubeIDE_1.13.2/STM32CubeIDE/plugins/com.st.stm32cube.ide.mcu.externaltools.gnu-tools-for-stm32.11.3.rel1.win32_1.1.1.202309131626/tools/bin/../lib/gcc/arm-none-eabi/11.3.1/../../../../arm-none-eabi/lib/thumb/v7-m/nofp\libnosys.a
END GROUP
LOAD C:/ST/STM32CubeIDE_1.13.2/STM32CubeIDE/plugins/com.st.stm32cube.ide.mcu.externaltools.gnu-tools-for-stm32.11.3.rel1.win32_1.1.1.202309131626/tools/bin/../lib/gcc/arm-none-eabi/11.3.1/thumb/v7-m/nofp/crtend.o
LOAD C:/ST/STM32CubeIDE_1.13.2/STM32CubeIDE/plugins/com.st.stm32cube.ide.mcu.externaltools.gnu-tools-for-stm32.11.3.rel1.win32_1.1.1.202309131626/tools/bin/../lib/gcc/arm-none-eabi/11.3.1/thumb/v7-m/nofp/crtn.o
                0x0000000020002800                _estack = (ORIGIN (RAM) + LENGTH (RAM))
                0x0000000000000200                _Min_Heap_Size = 0x200
                0x0000000000000400                _Min_Stack_Size = 0x400

.isr_vector     0x0000000008000000      0x130
                0x0000000008000000                . = ALIGN (0x4)
 *(.isr_vector)
 .isr_vector    0x0000000008000000      0x130 ./Startup/startup_stm32f103c6tx.o
                0x0000000008000000                g_pfnVectors
                0x0000000008000130                . = ALIGN (0x4)

.text           0x0000000008000130     0x1d84
                0x0000000008000130                . = ALIGN (0x4)
 *(.text)
 .text          0x0000000008000130       0x40 C:/ST/STM32CubeIDE_1.13.2/STM32CubeIDE/plugins/com.st.stm32cube.ide.mcu.externaltools.gnu-tools-for-stm32.11.3.rel1.win32_1.1.1.202309131626/tools/bin/../lib/gcc/arm-none-eabi/11.3.1/thumb/v7-m/nofp/crtbegin.o
 *(.text*)
 .text.EXTI0_IRQHandler
                0x0000000008000170       0x24 ./MCAL/EXTI_Driver.o
                0x0000000008000170                EXTI0_IRQHandler
 .text.EXTI1_IRQHandler
                0x0000000008000194       0x24 ./MCAL/EXTI_Driver.o
                0x0000000008000194                EXTI1_IRQHandler
 .text.EXTI2_IRQHandler
                0x00000000080001b8       0x24 ./MCAL/EXTI_Driver.o
                0x00000000080001b8                EXTI2_IRQHandler
 .text.EXTI3_IRQHandler
                0x00000000080001dc       0x24 ./MCAL/EXTI_Driver.o
                0x00000000080001dc                EXTI3_IRQHandler
 .text.EXTI4_IRQHandler
                0x0000000008000200       0x24 ./MCAL/EXTI_Driver.o
                0x0000000008000200                EXTI4_IRQHandler
 .text.EXTI9_5_IRQHandler
                0x0000000008000224       0xa8 ./MCAL/EXTI_Driver.o
                0x0000000008000224                EXTI9_5_IRQHandler
 .text.EXTI15_10_IRQHandler
                0x00000000080002cc       0xc4 ./MCAL/EXTI_Driver.o
                0x00000000080002cc                EXTI15_10_IRQHandler
 .text.Get_PIN_Positon
                0x0000000008000390       0x30 ./MCAL/GPIO_Driver.o
                0x0000000008000390                Get_PIN_Positon
 .text.MCAL_GPIO_init
                0x00000000080003c0      0x1d4 ./MCAL/GPIO_Driver.o
                0x00000000080003c0                MCAL_GPIO_init
 .text.MCAL_write_PIN
                0x0000000008000594       0x50 ./MCAL/GPIO_Driver.o
                0x0000000008000594                MCAL_write_PIN
 .text.GP_ERROR_HANDLER
                0x00000000080005e4        0x6 ./MCAL/GP_Timers.o
                0x00000000080005e4                GP_ERROR_HANDLER
 *fill*         0x00000000080005ea        0x2 
 .text.MCAL_SET_GP_TIMx_GPIO
                0x00000000080005ec      0x3cc ./MCAL/GP_Timers.o
                0x00000000080005ec                MCAL_SET_GP_TIMx_GPIO
 .text.GP_TIMx_start
                0x00000000080009b8      0x1bc ./MCAL/GP_Timers.o
                0x00000000080009b8                GP_TIMx_start
 .text.GP_TIMx__CTC_start
                0x0000000008000b74      0xc00 ./MCAL/GP_Timers.o
                0x0000000008000b74                GP_TIMx__CTC_start
 .text.GP_TIMx_Deint
                0x0000000008001774       0xcc ./MCAL/GP_Timers.o
                0x0000000008001774                GP_TIMx_Deint
 .text.TIM2_IRQHandler
                0x0000000008001840       0xe0 ./MCAL/GP_Timers.o
                0x0000000008001840                TIM2_IRQHandler
 .text.TIM3_IRQHandler
                0x0000000008001920       0xd0 ./MCAL/GP_Timers.o
                0x0000000008001920                TIM3_IRQHandler
 .text.TIM4_IRQHandler
                0x00000000080019f0       0xdc ./MCAL/GP_Timers.o
                0x00000000080019f0                TIM4_IRQHandler
 .text._delay_us
                0x0000000008001acc       0x54 ./MCAL/GP_Timers.o
                0x0000000008001acc                _delay_us
 .text._delay_ms
                0x0000000008001b20       0x34 ./MCAL/GP_Timers.o
                0x0000000008001b20                _delay_ms
 .text.SPI1_IRQHandler
                0x0000000008001b54       0x28 ./MCAL/SPI.o
                0x0000000008001b54                SPI1_IRQHandler
 .text.get_flag_source
                0x0000000008001b7c       0x6e ./MCAL/SPI.o
                0x0000000008001b7c                get_flag_source
 .text.ERROR_HANDLER
                0x0000000008001bea        0x6 ./MCAL/Timer1_8.o
                0x0000000008001bea                ERROR_HANDLER
 .text.TIM1_UP_IRQHandler
                0x0000000008001bf0       0x24 ./MCAL/Timer1_8.o
                0x0000000008001bf0                TIM1_UP_IRQHandler
 .text.TIM1_CC_IRQHandler
                0x0000000008001c14       0x24 ./MCAL/Timer1_8.o
                0x0000000008001c14                TIM1_CC_IRQHandler
 .text.TIM1_BRK_IRQHandler
                0x0000000008001c38       0x24 ./MCAL/Timer1_8.o
                0x0000000008001c38                TIM1_BRK_IRQHandler
 .text.TIM1_TRG_COM_IRQHandler
                0x0000000008001c5c       0x24 ./MCAL/Timer1_8.o
                0x0000000008001c5c                TIM1_TRG_COM_IRQHandler
 .text.USART1_IRQHandler
                0x0000000008001c80       0x14 ./MCAL/USART_Driver.o
                0x0000000008001c80                USART1_IRQHandler
 .text.USART2_IRQHandler
                0x0000000008001c94       0x14 ./MCAL/USART_Driver.o
                0x0000000008001c94                USART2_IRQHandler
 .text.USART3_IRQHandler
                0x0000000008001ca8       0x14 ./MCAL/USART_Driver.o
                0x0000000008001ca8                USART3_IRQHandler
 .text.servo_degree
                0x0000000008001cbc       0xe0 ./Src/main.o
                0x0000000008001cbc                servo_degree
 .text.main     0x0000000008001d9c       0x64 ./Src/main.o
                0x0000000008001d9c                main
 .text.Reset_Handler
                0x0000000008001e00       0x50 ./Startup/startup_stm32f103c6tx.o
                0x0000000008001e00                Reset_Handler
 .text.Default_Handler
                0x0000000008001e50        0x2 ./Startup/startup_stm32f103c6tx.o
                0x0000000008001e50                TIM8_TRG_COM_IRQHandler
                0x0000000008001e50                TIM8_CC_IRQHandler
                0x0000000008001e50                DebugMon_Handler
                0x0000000008001e50                HardFault_Handler
                0x0000000008001e50                TIM6_IRQHandler
                0x0000000008001e50                SysTick_Handler
                0x0000000008001e50                PVD_IRQHandler
                0x0000000008001e50                SDIO_IRQHandler
                0x0000000008001e50                PendSV_Handler
                0x0000000008001e50                NMI_Handler
                0x0000000008001e50                USB_HP_CAN_TX_IRQHandler
                0x0000000008001e50                I2C2_EV_IRQHandler
                0x0000000008001e50                UsageFault_Handler
                0x0000000008001e50                ADC1_2_IRQHandler
                0x0000000008001e50                CAN_SCE_IRQHandler
                0x0000000008001e50                TAMPER_IRQHandler
                0x0000000008001e50                TIM8_UP_IRQHandler
                0x0000000008001e50                DMA2_Channel2_IRQHandler
                0x0000000008001e50                DMA1_Channel4_IRQHandler
                0x0000000008001e50                RTC_IRQHandler
                0x0000000008001e50                DMA1_Channel7_IRQHandler
                0x0000000008001e50                UART5_IRQHandler
                0x0000000008001e50                ADC3_IRQHandler
                0x0000000008001e50                CAN_RX1_IRQHandler
                0x0000000008001e50                DMA2_Channel1_IRQHandler
                0x0000000008001e50                I2C1_EV_IRQHandler
                0x0000000008001e50                DMA1_Channel6_IRQHandler
                0x0000000008001e50                UART4_IRQHandler
                0x0000000008001e50                RCC_IRQHandler
                0x0000000008001e50                DMA1_Channel1_IRQHandler
                0x0000000008001e50                Default_Handler
                0x0000000008001e50                TIM7_IRQHandler
                0x0000000008001e50                TIM5_IRQHandler
                0x0000000008001e50                SPI2_IRQHandler
                0x0000000008001e50                USB_LP_CAN_RX0_IRQHandler
                0x0000000008001e50                MemManage_Handler
                0x0000000008001e50                SVC_Handler
                0x0000000008001e50                DMA1_Channel5_IRQHandler
                0x0000000008001e50                DMA1_Channel3_IRQHandler
                0x0000000008001e50                FSMC_IRQHandler
                0x0000000008001e50                WWDG_IRQHandler
                0x0000000008001e50                RTCAlarm_IRQHandler
                0x0000000008001e50                DMA2_Channel4_5_IRQHandler
                0x0000000008001e50                I2C2_ER_IRQHandler
                0x0000000008001e50                DMA1_Channel2_IRQHandler
                0x0000000008001e50                TIM8_BRK_IRQHandler
                0x0000000008001e50                FLASH_IRQHandler
                0x0000000008001e50                BusFault_Handler
                0x0000000008001e50                SPI3_IRQHandler
                0x0000000008001e50                I2C1_ER_IRQHandler
                0x0000000008001e50                DMA2_Channel3_IRQHandler
 *fill*         0x0000000008001e52        0x2 
 .text.__libc_init_array
                0x0000000008001e54       0x48 C:/ST/STM32CubeIDE_1.13.2/STM32CubeIDE/plugins/com.st.stm32cube.ide.mcu.externaltools.gnu-tools-for-stm32.11.3.rel1.win32_1.1.1.202309131626/tools/bin/../lib/gcc/arm-none-eabi/11.3.1/../../../../arm-none-eabi/lib/thumb/v7-m/nofp\libc_nano.a(libc_a-init.o)
                0x0000000008001e54                __libc_init_array
 *(.glue_7)
 .glue_7        0x0000000008001e9c        0x0 linker stubs
 *(.glue_7t)
 .glue_7t       0x0000000008001e9c        0x0 linker stubs
 *(.eh_frame)
 .eh_frame      0x0000000008001e9c        0x0 C:/ST/STM32CubeIDE_1.13.2/STM32CubeIDE/plugins/com.st.stm32cube.ide.mcu.externaltools.gnu-tools-for-stm32.11.3.rel1.win32_1.1.1.202309131626/tools/bin/../lib/gcc/arm-none-eabi/11.3.1/thumb/v7-m/nofp/crtbegin.o
 *(.init)
 .init          0x0000000008001e9c        0x4 C:/ST/STM32CubeIDE_1.13.2/STM32CubeIDE/plugins/com.st.stm32cube.ide.mcu.externaltools.gnu-tools-for-stm32.11.3.rel1.win32_1.1.1.202309131626/tools/bin/../lib/gcc/arm-none-eabi/11.3.1/thumb/v7-m/nofp/crti.o
                0x0000000008001e9c                _init
 .init          0x0000000008001ea0        0x8 C:/ST/STM32CubeIDE_1.13.2/STM32CubeIDE/plugins/com.st.stm32cube.ide.mcu.externaltools.gnu-tools-for-stm32.11.3.rel1.win32_1.1.1.202309131626/tools/bin/../lib/gcc/arm-none-eabi/11.3.1/thumb/v7-m/nofp/crtn.o
 *(.fini)
 .fini          0x0000000008001ea8        0x4 C:/ST/STM32CubeIDE_1.13.2/STM32CubeIDE/plugins/com.st.stm32cube.ide.mcu.externaltools.gnu-tools-for-stm32.11.3.rel1.win32_1.1.1.202309131626/tools/bin/../lib/gcc/arm-none-eabi/11.3.1/thumb/v7-m/nofp/crti.o
                0x0000000008001ea8                _fini
 .fini          0x0000000008001eac        0x8 C:/ST/STM32CubeIDE_1.13.2/STM32CubeIDE/plugins/com.st.stm32cube.ide.mcu.externaltools.gnu-tools-for-stm32.11.3.rel1.win32_1.1.1.202309131626/tools/bin/../lib/gcc/arm-none-eabi/11.3.1/thumb/v7-m/nofp/crtn.o
                0x0000000008001eb4                . = ALIGN (0x4)
                0x0000000008001eb4                _etext = .

.vfp11_veneer   0x0000000008001eb4        0x0
 .vfp11_veneer  0x0000000008001eb4        0x0 linker stubs

.v4_bx          0x0000000008001eb4        0x0
 .v4_bx         0x0000000008001eb4        0x0 linker stubs

.iplt           0x0000000008001eb4        0x0
 .iplt          0x0000000008001eb4        0x0 C:/ST/STM32CubeIDE_1.13.2/STM32CubeIDE/plugins/com.st.stm32cube.ide.mcu.externaltools.gnu-tools-for-stm32.11.3.rel1.win32_1.1.1.202309131626/tools/bin/../lib/gcc/arm-none-eabi/11.3.1/thumb/v7-m/nofp/crtbegin.o

.rodata         0x0000000008001eb4       0x44
                0x0000000008001eb4                . = ALIGN (0x4)
 *(.rodata)
 .rodata        0x0000000008001eb4       0x3c ./MCAL/GP_Timers.o
 .rodata        0x0000000008001ef0        0x8 ./Src/main.o
 *(.rodata*)
                0x0000000008001ef8                . = ALIGN (0x4)

.rel.dyn        0x0000000008001ef8        0x0
 .rel.iplt      0x0000000008001ef8        0x0 C:/ST/STM32CubeIDE_1.13.2/STM32CubeIDE/plugins/com.st.stm32cube.ide.mcu.externaltools.gnu-tools-for-stm32.11.3.rel1.win32_1.1.1.202309131626/tools/bin/../lib/gcc/arm-none-eabi/11.3.1/thumb/v7-m/nofp/crtbegin.o

.ARM.extab      0x0000000008001ef8        0x0
                0x0000000008001ef8                . = ALIGN (0x4)
 *(.ARM.extab* .gnu.linkonce.armextab.*)
                0x0000000008001ef8                . = ALIGN (0x4)

.ARM            0x0000000008001ef8        0x0
                0x0000000008001ef8                . = ALIGN (0x4)
                0x0000000008001ef8                __exidx_start = .
 *(.ARM.exidx*)
                0x0000000008001ef8                __exidx_end = .
                0x0000000008001ef8                . = ALIGN (0x4)

.preinit_array  0x0000000008001ef8        0x0
                0x0000000008001ef8                . = ALIGN (0x4)
                0x0000000008001ef8                PROVIDE (__preinit_array_start = .)
 *(.preinit_array*)
                0x0000000008001ef8                PROVIDE (__preinit_array_end = .)
                0x0000000008001ef8                . = ALIGN (0x4)

.init_array     0x0000000008001ef8        0x4
                0x0000000008001ef8                . = ALIGN (0x4)
                0x0000000008001ef8                PROVIDE (__init_array_start = .)
 *(SORT_BY_NAME(.init_array.*))
 *(.init_array*)
 .init_array    0x0000000008001ef8        0x4 C:/ST/STM32CubeIDE_1.13.2/STM32CubeIDE/plugins/com.st.stm32cube.ide.mcu.externaltools.gnu-tools-for-stm32.11.3.rel1.win32_1.1.1.202309131626/tools/bin/../lib/gcc/arm-none-eabi/11.3.1/thumb/v7-m/nofp/crtbegin.o
                0x0000000008001efc                PROVIDE (__init_array_end = .)
                0x0000000008001efc                . = ALIGN (0x4)

.fini_array     0x0000000008001efc        0x4
                0x0000000008001efc                . = ALIGN (0x4)
                [!provide]                        PROVIDE (__fini_array_start = .)
 *(SORT_BY_NAME(.fini_array.*))
 *(.fini_array*)
 .fini_array    0x0000000008001efc        0x4 C:/ST/STM32CubeIDE_1.13.2/STM32CubeIDE/plugins/com.st.stm32cube.ide.mcu.externaltools.gnu-tools-for-stm32.11.3.rel1.win32_1.1.1.202309131626/tools/bin/../lib/gcc/arm-none-eabi/11.3.1/thumb/v7-m/nofp/crtbegin.o
                [!provide]                        PROVIDE (__fini_array_end = .)
                0x0000000008001f00                . = ALIGN (0x4)
                0x0000000008001f00                _sidata = LOADADDR (.data)

.data           0x0000000020000000        0x0 load address 0x0000000008001f00
                0x0000000020000000                . = ALIGN (0x4)
                0x0000000020000000                _sdata = .
 *(.data)
 *(.data*)
                0x0000000020000000                . = ALIGN (0x4)
                0x0000000020000000                _edata = .

.igot.plt       0x0000000020000000        0x0 load address 0x0000000008001f00
 .igot.plt      0x0000000020000000        0x0 C:/ST/STM32CubeIDE_1.13.2/STM32CubeIDE/plugins/com.st.stm32cube.ide.mcu.externaltools.gnu-tools-for-stm32.11.3.rel1.win32_1.1.1.202309131626/tools/bin/../lib/gcc/arm-none-eabi/11.3.1/thumb/v7-m/nofp/crtbegin.o
                0x0000000020000000                . = ALIGN (0x4)

.bss            0x0000000020000000       0xf0 load address 0x0000000008001f00
                0x0000000020000000                _sbss = .
                0x0000000020000000                __bss_start__ = _sbss
 *(.bss)
 .bss           0x0000000020000000       0x1c C:/ST/STM32CubeIDE_1.13.2/STM32CubeIDE/plugins/com.st.stm32cube.ide.mcu.externaltools.gnu-tools-for-stm32.11.3.rel1.win32_1.1.1.202309131626/tools/bin/../lib/gcc/arm-none-eabi/11.3.1/thumb/v7-m/nofp/crtbegin.o
 *(.bss*)
 .bss.g_P_CALLBACK_f
                0x000000002000001c       0x3c ./MCAL/EXTI_Driver.o
                0x000000002000001c                g_P_CALLBACK_f
 .bss.g_GP_Sitting
                0x0000000020000058       0x30 ./MCAL/GP_Timers.o
                0x0000000020000058                g_GP_Sitting
 .bss.g_GP_TIMX
                0x0000000020000088        0x4 ./MCAL/GP_Timers.o
                0x0000000020000088                g_GP_TIMX
 .bss.G_P_Config_t
                0x000000002000008c       0x20 ./MCAL/SPI.o
                0x000000002000008c                G_P_Config_t
 .bss.g_Sitting
                0x00000000200000ac       0x10 ./MCAL/Timer1_8.o
                0x00000000200000ac                g_Sitting
 .bss.g_TIMX    0x00000000200000bc        0x4 ./MCAL/Timer1_8.o
                0x00000000200000bc                g_TIMX
 .bss.G_P_config
                0x00000000200000c0       0x30 ./MCAL/USART_Driver.o
                0x00000000200000c0                G_P_config
 *(COMMON)
                0x00000000200000f0                . = ALIGN (0x4)
                0x00000000200000f0                _ebss = .
                0x00000000200000f0                __bss_end__ = _ebss

._user_heap_stack
                0x00000000200000f0      0x600 load address 0x0000000008001f00
                0x00000000200000f0                . = ALIGN (0x8)
                [!provide]                        PROVIDE (end = .)
                0x00000000200000f0                PROVIDE (_end = .)
                0x00000000200002f0                . = (. + _Min_Heap_Size)
 *fill*         0x00000000200000f0      0x200 
                0x00000000200006f0                . = (. + _Min_Stack_Size)
 *fill*         0x00000000200002f0      0x400 
                0x00000000200006f0                . = ALIGN (0x8)

/DISCARD/
 libc.a(*)
 libm.a(*)
 libgcc.a(*)

.ARM.attributes
                0x0000000000000000       0x29
 *(.ARM.attributes)
 .ARM.attributes
                0x0000000000000000       0x1d C:/ST/STM32CubeIDE_1.13.2/STM32CubeIDE/plugins/com.st.stm32cube.ide.mcu.externaltools.gnu-tools-for-stm32.11.3.rel1.win32_1.1.1.202309131626/tools/bin/../lib/gcc/arm-none-eabi/11.3.1/thumb/v7-m/nofp/crti.o
 .ARM.attributes
                0x000000000000001d       0x2d C:/ST/STM32CubeIDE_1.13.2/STM32CubeIDE/plugins/com.st.stm32cube.ide.mcu.externaltools.gnu-tools-for-stm32.11.3.rel1.win32_1.1.1.202309131626/tools/bin/../lib/gcc/arm-none-eabi/11.3.1/thumb/v7-m/nofp/crtbegin.o
 .ARM.attributes
                0x000000000000004a       0x2d ./MCAL/EXTI_Driver.o
 .ARM.attributes
                0x0000000000000077       0x2d ./MCAL/GPIO_Driver.o
 .ARM.attributes
                0x00000000000000a4       0x2d ./MCAL/GP_Timers.o
 .ARM.attributes
                0x00000000000000d1       0x2d ./MCAL/SPI.o
 .ARM.attributes
                0x00000000000000fe       0x2d ./MCAL/Timer1_8.o
 .ARM.attributes
                0x000000000000012b       0x2d ./MCAL/USART_Driver.o
 .ARM.attributes
                0x0000000000000158       0x2d ./Src/main.o
 .ARM.attributes
                0x0000000000000185       0x21 ./Startup/startup_stm32f103c6tx.o
 .ARM.attributes
                0x00000000000001a6       0x2d C:/ST/STM32CubeIDE_1.13.2/STM32CubeIDE/plugins/com.st.stm32cube.ide.mcu.externaltools.gnu-tools-for-stm32.11.3.rel1.win32_1.1.1.202309131626/tools/bin/../lib/gcc/arm-none-eabi/11.3.1/../../../../arm-none-eabi/lib/thumb/v7-m/nofp\libc_nano.a(libc_a-init.o)
 .ARM.attributes
                0x00000000000001d3       0x1d C:/ST/STM32CubeIDE_1.13.2/STM32CubeIDE/plugins/com.st.stm32cube.ide.mcu.externaltools.gnu-tools-for-stm32.11.3.rel1.win32_1.1.1.202309131626/tools/bin/../lib/gcc/arm-none-eabi/11.3.1/thumb/v7-m/nofp/crtn.o
OUTPUT(Timers.elf elf32-littlearm)
LOAD linker stubs
LOAD C:/ST/STM32CubeIDE_1.13.2/STM32CubeIDE/plugins/com.st.stm32cube.ide.mcu.externaltools.gnu-tools-for-stm32.11.3.rel1.win32_1.1.1.202309131626/tools/bin/../lib/gcc/arm-none-eabi/11.3.1/../../../../arm-none-eabi/lib/thumb/v7-m/nofp\libc.a
LOAD C:/ST/STM32CubeIDE_1.13.2/STM32CubeIDE/plugins/com.st.stm32cube.ide.mcu.externaltools.gnu-tools-for-stm32.11.3.rel1.win32_1.1.1.202309131626/tools/bin/../lib/gcc/arm-none-eabi/11.3.1/../../../../arm-none-eabi/lib/thumb/v7-m/nofp\libm.a
LOAD C:/ST/STM32CubeIDE_1.13.2/STM32CubeIDE/plugins/com.st.stm32cube.ide.mcu.externaltools.gnu-tools-for-stm32.11.3.rel1.win32_1.1.1.202309131626/tools/bin/../lib/gcc/arm-none-eabi/11.3.1/thumb/v7-m/nofp\libgcc.a

.comment        0x0000000000000000       0x43
 .comment       0x0000000000000000       0x43 C:/ST/STM32CubeIDE_1.13.2/STM32CubeIDE/plugins/com.st.stm32cube.ide.mcu.externaltools.gnu-tools-for-stm32.11.3.rel1.win32_1.1.1.202309131626/tools/bin/../lib/gcc/arm-none-eabi/11.3.1/thumb/v7-m/nofp/crtbegin.o
                                         0x44 (size before relaxing)
 .comment       0x0000000000000043       0x44 ./MCAL/EXTI_Driver.o
 .comment       0x0000000000000043       0x44 ./MCAL/GPIO_Driver.o
 .comment       0x0000000000000043       0x44 ./MCAL/GP_Timers.o
 .comment       0x0000000000000043       0x44 ./MCAL/SPI.o
 .comment       0x0000000000000043       0x44 ./MCAL/Timer1_8.o
 .comment       0x0000000000000043       0x44 ./MCAL/USART_Driver.o
 .comment       0x0000000000000043       0x44 ./Src/main.o

.debug_info     0x0000000000000000     0x6884
 .debug_info    0x0000000000000000      0x58a ./MCAL/EXTI_Driver.o
 .debug_info    0x000000000000058a      0x586 ./MCAL/GPIO_Driver.o
 .debug_info    0x0000000000000b10     0x2386 ./MCAL/GP_Timers.o
 .debug_info    0x0000000000002e96      0xca0 ./MCAL/SPI.o
 .debug_info    0x0000000000003b36     0x14b6 ./MCAL/Timer1_8.o
 .debug_info    0x0000000000004fec      0x775 ./MCAL/USART_Driver.o
 .debug_info    0x0000000000005761     0x1101 ./Src/main.o
 .debug_info    0x0000000000006862       0x22 ./Startup/startup_stm32f103c6tx.o

.debug_abbrev   0x0000000000000000      0xe1a
 .debug_abbrev  0x0000000000000000      0x19d ./MCAL/EXTI_Driver.o
 .debug_abbrev  0x000000000000019d      0x140 ./MCAL/GPIO_Driver.o
 .debug_abbrev  0x00000000000002dd      0x315 ./MCAL/GP_Timers.o
 .debug_abbrev  0x00000000000005f2      0x204 ./MCAL/SPI.o
 .debug_abbrev  0x00000000000007f6      0x22c ./MCAL/Timer1_8.o
 .debug_abbrev  0x0000000000000a22      0x1d6 ./MCAL/USART_Driver.o
 .debug_abbrev  0x0000000000000bf8      0x210 ./Src/main.o
 .debug_abbrev  0x0000000000000e08       0x12 ./Startup/startup_stm32f103c6tx.o

.debug_loc      0x0000000000000000     0x12e0
 .debug_loc     0x0000000000000000      0x23c ./MCAL/EXTI_Driver.o
 .debug_loc     0x000000000000023c      0x38c ./MCAL/GPIO_Driver.o
 .debug_loc     0x00000000000005c8      0x4a6 ./MCAL/GP_Timers.o
 .debug_loc     0x0000000000000a6e      0x262 ./MCAL/SPI.o
 .debug_loc     0x0000000000000cd0      0x350 ./MCAL/Timer1_8.o
 .debug_loc     0x0000000000001020      0x238 ./MCAL/USART_Driver.o
 .debug_loc     0x0000000000001258       0x88 ./Src/main.o

.debug_aranges  0x0000000000000000      0x2d8
 .debug_aranges
                0x0000000000000000       0x68 ./MCAL/EXTI_Driver.o
 .debug_aranges
                0x0000000000000068       0x68 ./MCAL/GPIO_Driver.o
 .debug_aranges
                0x00000000000000d0       0x90 ./MCAL/GP_Timers.o
 .debug_aranges
                0x0000000000000160       0x50 ./MCAL/SPI.o
 .debug_aranges
                0x00000000000001b0       0x80 ./MCAL/Timer1_8.o
 .debug_aranges
                0x0000000000000230       0x58 ./MCAL/USART_Driver.o
 .debug_aranges
                0x0000000000000288       0x28 ./Src/main.o
 .debug_aranges
                0x00000000000002b0       0x28 ./Startup/startup_stm32f103c6tx.o

.debug_ranges   0x0000000000000000      0x260
 .debug_ranges  0x0000000000000000       0x58 ./MCAL/EXTI_Driver.o
 .debug_ranges  0x0000000000000058       0x58 ./MCAL/GPIO_Driver.o
 .debug_ranges  0x00000000000000b0       0x80 ./MCAL/GP_Timers.o
 .debug_ranges  0x0000000000000130       0x40 ./MCAL/SPI.o
 .debug_ranges  0x0000000000000170       0x70 ./MCAL/Timer1_8.o
 .debug_ranges  0x00000000000001e0       0x48 ./MCAL/USART_Driver.o
 .debug_ranges  0x0000000000000228       0x18 ./Src/main.o
 .debug_ranges  0x0000000000000240       0x20 ./Startup/startup_stm32f103c6tx.o

.debug_macro    0x0000000000000000      0x7b3
 .debug_macro   0x0000000000000000       0x98 ./MCAL/EXTI_Driver.o
 .debug_macro   0x0000000000000098      0x346 ./MCAL/EXTI_Driver.o
 .debug_macro   0x00000000000003de       0x85 ./MCAL/GPIO_Driver.o
 .debug_macro   0x0000000000000463       0x95 ./MCAL/GP_Timers.o
 .debug_macro   0x00000000000004f8       0x94 ./MCAL/SPI.o
 .debug_macro   0x000000000000058c       0x8f ./MCAL/Timer1_8.o
 .debug_macro   0x000000000000061b       0x9d ./MCAL/USART_Driver.o
 .debug_macro   0x00000000000006b8       0x46 ./MCAL/USART_Driver.o
 .debug_macro   0x00000000000006fe       0xb5 ./Src/main.o

.debug_line     0x0000000000000000     0x3a84
 .debug_line    0x0000000000000000      0x7bf ./MCAL/EXTI_Driver.o
 .debug_line    0x00000000000007bf      0x727 ./MCAL/GPIO_Driver.o
 .debug_line    0x0000000000000ee6     0x104d ./MCAL/GP_Timers.o
 .debug_line    0x0000000000001f33      0x77e ./MCAL/SPI.o
 .debug_line    0x00000000000026b1      0x71f ./MCAL/Timer1_8.o
 .debug_line    0x0000000000002dd0      0x6f8 ./MCAL/USART_Driver.o
 .debug_line    0x00000000000034c8      0x538 ./Src/main.o
 .debug_line    0x0000000000003a00       0x84 ./Startup/startup_stm32f103c6tx.o

.debug_str      0x0000000000000000     0x6e83
 .debug_str     0x0000000000000000     0x5904 ./MCAL/EXTI_Driver.o
                                       0x5a9f (size before relaxing)
 .debug_str     0x0000000000005904      0x152 ./MCAL/GPIO_Driver.o
                                       0x460e (size before relaxing)
 .debug_str     0x0000000000005a56      0x832 ./MCAL/GP_Timers.o
                                       0x4e4e (size before relaxing)
 .debug_str     0x0000000000006288      0x396 ./MCAL/SPI.o
                                       0x4917 (size before relaxing)
 .debug_str     0x000000000000661e      0x17d ./MCAL/Timer1_8.o
                                       0x4bb6 (size before relaxing)
 .debug_str     0x000000000000679b      0x4a1 ./MCAL/USART_Driver.o
                                       0x4a4b (size before relaxing)
 .debug_str     0x0000000000006c3c      0x218 ./Src/main.o
                                       0x4caf (size before relaxing)
 .debug_str     0x0000000000006e54       0x2f ./Startup/startup_stm32f103c6tx.o
                                         0x5d (size before relaxing)

.debug_frame    0x0000000000000000      0x9b0
 .debug_frame   0x0000000000000000      0x148 ./MCAL/EXTI_Driver.o
 .debug_frame   0x0000000000000148      0x1a0 ./MCAL/GPIO_Driver.o
 .debug_frame   0x00000000000002e8      0x23c ./MCAL/GP_Timers.o
 .debug_frame   0x0000000000000524      0x120 ./MCAL/SPI.o
 .debug_frame   0x0000000000000644      0x1c0 ./MCAL/Timer1_8.o
 .debug_frame   0x0000000000000804      0x12c ./MCAL/USART_Driver.o
 .debug_frame   0x0000000000000930       0x54 ./Src/main.o
 .debug_frame   0x0000000000000984       0x2c C:/ST/STM32CubeIDE_1.13.2/STM32CubeIDE/plugins/com.st.stm32cube.ide.mcu.externaltools.gnu-tools-for-stm32.11.3.rel1.win32_1.1.1.202309131626/tools/bin/../lib/gcc/arm-none-eabi/11.3.1/../../../../arm-none-eabi/lib/thumb/v7-m/nofp\libc_nano.a(libc_a-init.o)
