main.c:48:6:Error_Handller	4	static
main.c:60:6:Sys_Clk_init	4	static
main.c:86:6:HALL_EFFECT_TIMER_ENABLE	4	static
main.c:99:6:HALL_EFFECT_HANDLLER	8	static
main.c:123:6:HALL_EFECT_Init	48	static
main.c:154:6:DMS_Handller_TASK	8	static
main.c:225:9:ACC_CONVERT_ADC_TODICMAL	24	static
main.c:239:6:ACC_ADC_CallBack	8	static
main.c:251:6:ACC_throtel_init	32	static
main.c:268:6:ACC_DAC_init	16	static
main.c:300:6:ACC_FROM_ADC_TO_DAC	16	static
main.c:327:6:ACC_Handller_TASK	4	static
main.c:378:6:ACC_throttel_Handller_TASK	16	static
main.c:427:6:ACC_STATE_READ_TASK	8	static
main.c:511:6:TFT_Handller_TASK	8	static
main.c:535:6:TSR_call_Back	8	static
main.c:662:6:TSR_init	32	static
main.c:693:6:CAR_ON_Handler	24	static
main.c:732:6:CAR_ON_init	32	static
main.c:746:6:FACE_ID_TASK	8	static
main.c:808:6:HW_init	8	static
main.c:843:5:main	16	static
