main.c:48:6:Error_Handller	4	static
main.c:60:6:Sys_Clk_init	4	static
main.c:86:6:HALL_EFFECT_TIMER_ENABLE	4	static
main.c:99:6:HALL_EFFECT_HANDLLER	8	static
main.c:123:6:HALL_EFECT_Init	48	static
main.c:154:6:DMS_Handller_TASK	8	static
main.c:233:9:ACC_CONVERT_ADC_TODICMAL	24	static
main.c:247:6:ACC_ADC_CallBack	8	static
main.c:259:6:ACC_throtel_init	32	static
main.c:276:6:ACC_DAC_init	16	static
main.c:308:6:ACC_FROM_ADC_TO_DAC	16	static
main.c:335:6:ACC_Handller_TASK	4	static
main.c:387:6:ACC_throttel_Handller_TASK	8	static
main.c:436:6:ACC_STATE_READ_TASK	8	static
main.c:527:6:TFT_Handller_TASK	8	static
main.c:560:6:TSR_call_Back	8	static
main.c:726:6:TSR_init	32	static
main.c:757:6:CAR_ON_Handler	24	static
main.c:801:6:CAR_ON_init	32	static
main.c:815:6:FACE_ID_TASK	8	static
main.c:888:6:GESTURE_check	24	static
main.c:932:6:HW_init	8	static
main.c:967:5:main	16	static
