../Src/main.c:48:6:Error_Handller	4	static
../Src/main.c:60:6:Sys_Clk_init	4	static
../Src/main.c:86:6:HALL_EFFECT_TIMER_ENABLE	4	static
../Src/main.c:99:6:HALL_EFFECT_HANDLLER	8	static
../Src/main.c:123:6:HALL_EFECT_Init	64	static
../Src/main.c:154:6:DMS_Handller_TASK	8	static
../Src/main.c:233:9:ACC_CONVERT_ADC_TODICMAL	24	static
../Src/main.c:247:6:ACC_ADC_CallBack	8	static
../Src/main.c:259:6:ACC_throtel_init	32	static
../Src/main.c:276:6:ACC_DAC_init	40	static
../Src/main.c:308:6:ACC_FROM_ADC_TO_DAC	16	static
../Src/main.c:335:6:ACC_Handller_TASK	4	static
../Src/main.c:387:6:ACC_throttel_Handller_TASK	8	static
../Src/main.c:436:6:ACC_STATE_READ_TASK	8	static
../Src/main.c:527:6:TFT_Handller_TASK	8	static
../Src/main.c:560:6:TSR_call_Back	8	static
../Src/main.c:688:6:TSR_init	32	static
../Src/main.c:719:6:CAR_ON_Handler	24	static
../Src/main.c:762:6:CAR_ON_init	48	static
../Src/main.c:776:6:FACE_ID_TASK	8	static
../Src/main.c:839:6:HW_init	8	static
../Src/main.c:874:5:main	16	static
