main.c:48:6:Error_Handller	4	static
main.c:53:6:Sys_Clk_init	4	static
main.c:79:6:DMS_Handller_TASK	8	static
main.c:90:6:DMS_read_TASK	8	static
main.c:135:9:ACC_CONVERT_ADC_TODICMAL	24	static
main.c:141:6:ACC_ADC_CallBack	8	static
main.c:146:6:ACC_throtel_init	32	static
main.c:155:6:ACC_DAC_init	16	static
main.c:187:6:ACC_FROM_ADC_TO_DAC	16	static
main.c:214:6:ACC_Handller_TASK	4	static
main.c:259:6:ACC_throttel_Handller_TASK	16	static
main.c:307:6:ACC_STATE_READ_TASK	8	static
main.c:371:6:TSR_Handller_TASK	8	static
main.c:390:6:TSR_call_Back	8	static
main.c:537:6:TSR_init	32	static
main.c:561:6:CAR_ON_Handler	24	static
main.c:589:6:CAR_ON_init	32	static
main.c:595:6:FACE_ID_TASK	8	static
main.c:647:6:HW_init	8	static
main.c:673:5:main	16	static
