../Src/main.c:48:6:Error_Handller	4	static
../Src/main.c:53:6:Sys_Clk_init	4	static
../Src/main.c:79:6:DMS_Handller_TASK	8	static
../Src/main.c:145:9:ACC_CONVERT_ADC_TODICMAL	24	static
../Src/main.c:151:6:ACC_ADC_CallBack	8	static
../Src/main.c:156:6:ACC_throtel_init	32	static
../Src/main.c:165:6:ACC_DAC_init	40	static
../Src/main.c:197:6:ACC_FROM_ADC_TO_DAC	16	static
../Src/main.c:224:6:ACC_Handller_TASK	4	static
../Src/main.c:269:6:ACC_throttel_Handller_TASK	16	static
../Src/main.c:317:6:ACC_STATE_READ_TASK	8	static
../Src/main.c:382:6:TSR_Handller_TASK	8	static
../Src/main.c:401:6:TSR_call_Back	8	static
../Src/main.c:548:6:TSR_init	32	static
../Src/main.c:572:6:CAR_ON_Handler	24	static
../Src/main.c:603:6:CAR_ON_init	48	static
../Src/main.c:609:6:FACE_ID_TASK	8	static
../Src/main.c:662:6:HW_init	8	static
../Src/main.c:701:5:main	16	static
