Archive member included to satisfy reference by file (symbol)

C:/ST/STM32CubeIDE_1.13.2/STM32CubeIDE/plugins/com.st.stm32cube.ide.mcu.externaltools.gnu-tools-for-stm32.11.3.rel1.win32_1.1.1.202309131626/tools/bin/../lib/gcc/arm-none-eabi/11.3.1/../../../../arm-none-eabi/lib/thumb/v7-m/nofp\libc_nano.a(libc_a-exit.o)
                              C:/ST/STM32CubeIDE_1.13.2/STM32CubeIDE/plugins/com.st.stm32cube.ide.mcu.externaltools.gnu-tools-for-stm32.11.3.rel1.win32_1.1.1.202309131626/tools/bin/../lib/gcc/arm-none-eabi/11.3.1/../../../../arm-none-eabi/lib/thumb/v7-m/nofp/crt0.o (exit)
C:/ST/STM32CubeIDE_1.13.2/STM32CubeIDE/plugins/com.st.stm32cube.ide.mcu.externaltools.gnu-tools-for-stm32.11.3.rel1.win32_1.1.1.202309131626/tools/bin/../lib/gcc/arm-none-eabi/11.3.1/../../../../arm-none-eabi/lib/thumb/v7-m/nofp\libc_nano.a(libc_a-itoa.o)
                              ./HAL/LCD.o (itoa)
C:/ST/STM32CubeIDE_1.13.2/STM32CubeIDE/plugins/com.st.stm32cube.ide.mcu.externaltools.gnu-tools-for-stm32.11.3.rel1.win32_1.1.1.202309131626/tools/bin/../lib/gcc/arm-none-eabi/11.3.1/../../../../arm-none-eabi/lib/thumb/v7-m/nofp\libc_nano.a(libc_a-utoa.o)
                              C:/ST/STM32CubeIDE_1.13.2/STM32CubeIDE/plugins/com.st.stm32cube.ide.mcu.externaltools.gnu-tools-for-stm32.11.3.rel1.win32_1.1.1.202309131626/tools/bin/../lib/gcc/arm-none-eabi/11.3.1/../../../../arm-none-eabi/lib/thumb/v7-m/nofp\libc_nano.a(libc_a-itoa.o) (__utoa)
C:/ST/STM32CubeIDE_1.13.2/STM32CubeIDE/plugins/com.st.stm32cube.ide.mcu.externaltools.gnu-tools-for-stm32.11.3.rel1.win32_1.1.1.202309131626/tools/bin/../lib/gcc/arm-none-eabi/11.3.1/../../../../arm-none-eabi/lib/thumb/v7-m/nofp\libc_nano.a(libc_a-findfp.o)
                              C:/ST/STM32CubeIDE_1.13.2/STM32CubeIDE/plugins/com.st.stm32cube.ide.mcu.externaltools.gnu-tools-for-stm32.11.3.rel1.win32_1.1.1.202309131626/tools/bin/../lib/gcc/arm-none-eabi/11.3.1/../../../../arm-none-eabi/lib/thumb/v7-m/nofp\libc_nano.a(libc_a-exit.o) (__stdio_exit_handler)
C:/ST/STM32CubeIDE_1.13.2/STM32CubeIDE/plugins/com.st.stm32cube.ide.mcu.externaltools.gnu-tools-for-stm32.11.3.rel1.win32_1.1.1.202309131626/tools/bin/../lib/gcc/arm-none-eabi/11.3.1/../../../../arm-none-eabi/lib/thumb/v7-m/nofp\libc_nano.a(libc_a-fwalk.o)
                              C:/ST/STM32CubeIDE_1.13.2/STM32CubeIDE/plugins/com.st.stm32cube.ide.mcu.externaltools.gnu-tools-for-stm32.11.3.rel1.win32_1.1.1.202309131626/tools/bin/../lib/gcc/arm-none-eabi/11.3.1/../../../../arm-none-eabi/lib/thumb/v7-m/nofp\libc_nano.a(libc_a-findfp.o) (_fwalk_sglue)
C:/ST/STM32CubeIDE_1.13.2/STM32CubeIDE/plugins/com.st.stm32cube.ide.mcu.externaltools.gnu-tools-for-stm32.11.3.rel1.win32_1.1.1.202309131626/tools/bin/../lib/gcc/arm-none-eabi/11.3.1/../../../../arm-none-eabi/lib/thumb/v7-m/nofp\libc_nano.a(libc_a-stdio.o)
                              C:/ST/STM32CubeIDE_1.13.2/STM32CubeIDE/plugins/com.st.stm32cube.ide.mcu.externaltools.gnu-tools-for-stm32.11.3.rel1.win32_1.1.1.202309131626/tools/bin/../lib/gcc/arm-none-eabi/11.3.1/../../../../arm-none-eabi/lib/thumb/v7-m/nofp\libc_nano.a(libc_a-findfp.o) (__sread)
C:/ST/STM32CubeIDE_1.13.2/STM32CubeIDE/plugins/com.st.stm32cube.ide.mcu.externaltools.gnu-tools-for-stm32.11.3.rel1.win32_1.1.1.202309131626/tools/bin/../lib/gcc/arm-none-eabi/11.3.1/../../../../arm-none-eabi/lib/thumb/v7-m/nofp\libc_nano.a(libc_a-memset.o)
                              C:/ST/STM32CubeIDE_1.13.2/STM32CubeIDE/plugins/com.st.stm32cube.ide.mcu.externaltools.gnu-tools-for-stm32.11.3.rel1.win32_1.1.1.202309131626/tools/bin/../lib/gcc/arm-none-eabi/11.3.1/../../../../arm-none-eabi/lib/thumb/v7-m/nofp/crt0.o (memset)
C:/ST/STM32CubeIDE_1.13.2/STM32CubeIDE/plugins/com.st.stm32cube.ide.mcu.externaltools.gnu-tools-for-stm32.11.3.rel1.win32_1.1.1.202309131626/tools/bin/../lib/gcc/arm-none-eabi/11.3.1/../../../../arm-none-eabi/lib/thumb/v7-m/nofp\libc_nano.a(libc_a-closer.o)
                              C:/ST/STM32CubeIDE_1.13.2/STM32CubeIDE/plugins/com.st.stm32cube.ide.mcu.externaltools.gnu-tools-for-stm32.11.3.rel1.win32_1.1.1.202309131626/tools/bin/../lib/gcc/arm-none-eabi/11.3.1/../../../../arm-none-eabi/lib/thumb/v7-m/nofp\libc_nano.a(libc_a-stdio.o) (_close_r)
C:/ST/STM32CubeIDE_1.13.2/STM32CubeIDE/plugins/com.st.stm32cube.ide.mcu.externaltools.gnu-tools-for-stm32.11.3.rel1.win32_1.1.1.202309131626/tools/bin/../lib/gcc/arm-none-eabi/11.3.1/../../../../arm-none-eabi/lib/thumb/v7-m/nofp\libc_nano.a(libc_a-reent.o)
                              C:/ST/STM32CubeIDE_1.13.2/STM32CubeIDE/plugins/com.st.stm32cube.ide.mcu.externaltools.gnu-tools-for-stm32.11.3.rel1.win32_1.1.1.202309131626/tools/bin/../lib/gcc/arm-none-eabi/11.3.1/../../../../arm-none-eabi/lib/thumb/v7-m/nofp\libc_nano.a(libc_a-closer.o) (errno)
[...]
Memory Configuration

Name             Origin             Length             Attributes
RAM              0x0000000020000000 0x0000000000005000 xrw
FLASH            0x0000000008000000 0x0000000000020000 xr
*default*        0x0000000000000000 0xffffffffffffffff

Linker script and memory map

LOAD C:/ST/STM32CubeIDE_1.13.2/STM32CubeIDE/plugins/com.st.stm32cube.ide.mcu.externaltools.gnu-tools-for-stm32.11.3.rel1.win32_1.1.1.202309131626/tools/bin/../lib/gcc/arm-none-eabi/11.3.1/thumb/v7-m/nofp/crti.o
LOAD C:/ST/STM32CubeIDE_1.13.2/STM32CubeIDE/plugins/com.st.stm32cube.ide.mcu.externaltools.gnu-tools-for-stm32.11.3.rel1.win32_1.1.1.202309131626/tools/bin/../lib/gcc/arm-none-eabi/11.3.1/thumb/v7-m/nofp/crtbegin.o
LOAD C:/ST/STM32CubeIDE_1.13.2/STM32CubeIDE/plugins/com.st.stm32cube.ide.mcu.externaltools.gnu-tools-for-stm32.11.3.rel1.win32_1.1.1.202309131626/tools/bin/../lib/gcc/arm-none-eabi/11.3.1/../../../../arm-none-eabi/lib/thumb/v7-m/nofp/crt0.o
LOAD ./FreeRTOS/croutine.o
LOAD ./FreeRTOS/event_groups.o
LOAD ./FreeRTOS/list.o
LOAD ./FreeRTOS/queue.o
LOAD ./FreeRTOS/stream_buffer.o
LOAD ./FreeRTOS/tasks.o
LOAD ./FreeRTOS/timers.o
LOAD ./FreeRTOS/portable/ARM_CM3/port.o
LOAD ./FreeRTOS/portable/MemMang/heap_1.o
LOAD ./HAL/DMS.o
LOAD ./HAL/KEYPAD.o
LOAD ./HAL/LCD.o
LOAD ./HAL/LUNA_LIDAR.o
LOAD ./HAL/SPI_EEPROM.o
LOAD ./HAL/Servo.o
LOAD ./HAL/TFT.o
LOAD ./MCAL/ADC.o
LOAD ./MCAL/CAN.o
LOAD ./MCAL/EEPROM.o
LOAD ./MCAL/EXTI_Driver.o
LOAD ./MCAL/GPIO_Driver.o
LOAD ./MCAL/GP_Timers.o
LOAD ./MCAL/I2C.o
LOAD ./MCAL/RCC.o
LOAD ./MCAL/SPI.o
LOAD ./MCAL/Timer.o
LOAD ./MCAL/Timer1_8.o
LOAD ./MCAL/USART_Driver.o
LOAD ./Src/main.o
LOAD ./Src/syscalls.o
LOAD ./Src/sysmem.o
LOAD ./Startup/startup_stm32f103cbtx.o
START GROUP
LOAD C:/ST/STM32CubeIDE_1.13.2/STM32CubeIDE/plugins/com.st.stm32cube.ide.mcu.externaltools.gnu-tools-for-stm32.11.3.rel1.win32_1.1.1.202309131626/tools/bin/../lib/gcc/arm-none-eabi/11.3.1/../../../../arm-none-eabi/lib/thumb/v7-m/nofp\libc_nano.a
LOAD C:/ST/STM32CubeIDE_1.13.2/STM32CubeIDE/plugins/com.st.stm32cube.ide.mcu.externaltools.gnu-tools-for-stm32.11.3.rel1.win32_1.1.1.202309131626/tools/bin/../lib/gcc/arm-none-eabi/11.3.1/../../../../arm-none-eabi/lib/thumb/v7-m/nofp\libm.a
END GROUP
START GROUP
LOAD C:/ST/STM32CubeIDE_1.13.2/STM32CubeIDE/plugins/com.st.stm32cube.ide.mcu.externaltools.gnu-tools-for-stm32.11.3.rel1.win32_1.1.1.202309131626/tools/bin/../lib/gcc/arm-none-eabi/11.3.1/thumb/v7-m/nofp\libgcc.a
LOAD C:/ST/STM32CubeIDE_1.13.2/STM32CubeIDE/plugins/com.st.stm32cube.ide.mcu.externaltools.gnu-tools-for-stm32.11.3.rel1.win32_1.1.1.202309131626/tools/bin/../lib/gcc/arm-none-eabi/11.3.1/../../../../arm-none-eabi/lib/thumb/v7-m/nofp\libg_nano.a
LOAD C:/ST/STM32CubeIDE_1.13.2/STM32CubeIDE/plugins/com.st.stm32cube.ide.mcu.externaltools.gnu-tools-for-stm32.11.3.rel1.win32_1.1.1.202309131626/tools/bin/../lib/gcc/arm-none-eabi/11.3.1/../../../../arm-none-eabi/lib/thumb/v7-m/nofp\libc_nano.a
END GROUP
START GROUP
LOAD C:/ST/STM32CubeIDE_1.13.2/STM32CubeIDE/plugins/com.st.stm32cube.ide.mcu.externaltools.gnu-tools-for-stm32.11.3.rel1.win32_1.1.1.202309131626/tools/bin/../lib/gcc/arm-none-eabi/11.3.1/thumb/v7-m/nofp\libgcc.a
LOAD C:/ST/STM32CubeIDE_1.13.2/STM32CubeIDE/plugins/com.st.stm32cube.ide.mcu.externaltools.gnu-tools-for-stm32.11.3.rel1.win32_1.1.1.202309131626/tools/bin/../lib/gcc/arm-none-eabi/11.3.1/../../../../arm-none-eabi/lib/thumb/v7-m/nofp\libc_nano.a
LOAD C:/ST/STM32CubeIDE_1.13.2/STM32CubeIDE/plugins/com.st.stm32cube.ide.mcu.externaltools.gnu-tools-for-stm32.11.3.rel1.win32_1.1.1.202309131626/tools/bin/../lib/gcc/arm-none-eabi/11.3.1/../../../../arm-none-eabi/lib/thumb/v7-m/nofp\libnosys.a
END GROUP
START GROUP
LOAD C:/ST/STM32CubeIDE_1.13.2/STM32CubeIDE/plugins/com.st.stm32cube.ide.mcu.externaltools.gnu-tools-for-stm32.11.3.rel1.win32_1.1.1.202309131626/tools/bin/../lib/gcc/arm-none-eabi/11.3.1/thumb/v7-m/nofp\libgcc.a
LOAD C:/ST/STM32CubeIDE_1.13.2/STM32CubeIDE/plugins/com.st.stm32cube.ide.mcu.externaltools.gnu-tools-for-stm32.11.3.rel1.win32_1.1.1.202309131626/tools/bin/../lib/gcc/arm-none-eabi/11.3.1/../../../../arm-none-eabi/lib/thumb/v7-m/nofp\libc_nano.a
LOAD C:/ST/STM32CubeIDE_1.13.2/STM32CubeIDE/plugins/com.st.stm32cube.ide.mcu.externaltools.gnu-tools-for-stm32.11.3.rel1.win32_1.1.1.202309131626/tools/bin/../lib/gcc/arm-none-eabi/11.3.1/../../../../arm-none-eabi/lib/thumb/v7-m/nofp\libnosys.a
END GROUP
LOAD C:/ST/STM32CubeIDE_1.13.2/STM32CubeIDE/plugins/com.st.stm32cube.ide.mcu.externaltools.gnu-tools-for-stm32.11.3.rel1.win32_1.1.1.202309131626/tools/bin/../lib/gcc/arm-none-eabi/11.3.1/thumb/v7-m/nofp/crtend.o
LOAD C:/ST/STM32CubeIDE_1.13.2/STM32CubeIDE/plugins/com.st.stm32cube.ide.mcu.externaltools.gnu-tools-for-stm32.11.3.rel1.win32_1.1.1.202309131626/tools/bin/../lib/gcc/arm-none-eabi/11.3.1/thumb/v7-m/nofp/crtn.o
                0x0000000020005000                _estack = (ORIGIN (RAM) + LENGTH (RAM))
                0x0000000000000200                _Min_Heap_Size = 0x200
                0x0000000000000400                _Min_Stack_Size = 0x400

.isr_vector     0x0000000008000000      0x130
                0x0000000008000000                . = ALIGN (0x4)
 *(.isr_vector)
 .isr_vector    0x0000000008000000      0x130 ./Startup/startup_stm32f103cbtx.o
                0x0000000008000000                g_pfnVectors
                0x0000000008000130                . = ALIGN (0x4)

.text           0x0000000008000130     0x4e38
                0x0000000008000130                . = ALIGN (0x4)
 *(.text)
 .text          0x0000000008000130       0x40 C:/ST/STM32CubeIDE_1.13.2/STM32CubeIDE/plugins/com.st.stm32cube.ide.mcu.externaltools.gnu-tools-for-stm32.11.3.rel1.win32_1.1.1.202309131626/tools/bin/../lib/gcc/arm-none-eabi/11.3.1/thumb/v7-m/nofp/crtbegin.o
 *(.text*)
 .text.vListInitialise
                0x0000000008000170       0x3e ./FreeRTOS/list.o
                0x0000000008000170                vListInitialise
 .text.vListInitialiseItem
                0x00000000080001ae       0x18 ./FreeRTOS/list.o
                0x00000000080001ae                vListInitialiseItem
 .text.vListInsertEnd
                0x00000000080001c6       0x46 ./FreeRTOS/list.o
                0x00000000080001c6                vListInsertEnd
 .text.vListInsert
                0x000000000800020c       0x70 ./FreeRTOS/list.o
                0x000000000800020c                vListInsert
 .text.uxListRemove
                0x000000000800027c       0x52 ./FreeRTOS/list.o
                0x000000000800027c                uxListRemove
 *fill*         0x00000000080002ce        0x2 
 .text.xQueueGenericReset
                0x00000000080002d0       0xe8 ./FreeRTOS/queue.o
                0x00000000080002d0                xQueueGenericReset
 .text.xQueueGenericCreate
                0x00000000080003b8       0x7e ./FreeRTOS/queue.o
                0x00000000080003b8                xQueueGenericCreate
 .text.prvInitialiseNewQueue
                0x0000000008000436       0x3e ./FreeRTOS/queue.o
 .text.xQueueGenericSend
                0x0000000008000474      0x154 ./FreeRTOS/queue.o
                0x0000000008000474                xQueueGenericSend
 .text.xQueueReceive
                0x00000000080005c8      0x144 ./FreeRTOS/queue.o
                0x00000000080005c8                xQueueReceive
 .text.xQueueSemaphoreTake
                0x000000000800070c      0x190 ./FreeRTOS/queue.o
                0x000000000800070c                xQueueSemaphoreTake
 .text.prvGetDisinheritPriorityAfterTimeout
                0x000000000800089c       0x2e ./FreeRTOS/queue.o
 .text.prvCopyDataToQueue
                0x00000000080008ca       0xd4 ./FreeRTOS/queue.o
 .text.prvCopyDataFromQueue
                0x000000000800099e       0x4c ./FreeRTOS/queue.o
 .text.prvUnlockQueue
                0x00000000080009ea       0xa4 ./FreeRTOS/queue.o
 .text.prvIsQueueEmpty
                0x0000000008000a8e       0x2c ./FreeRTOS/queue.o
 .text.prvIsQueueFull
                0x0000000008000aba       0x30 ./FreeRTOS/queue.o
 .text.xTaskCreate
                0x0000000008000aea       0x8c ./FreeRTOS/tasks.o
                0x0000000008000aea                xTaskCreate
 .text.prvInitialiseNewTask
                0x0000000008000b76       0xd0 ./FreeRTOS/tasks.o
 *fill*         0x0000000008000c46        0x2 
 .text.prvAddNewTaskToReadyList
                0x0000000008000c48      0x124 ./FreeRTOS/tasks.o
 .text.vTaskSuspend
                0x0000000008000d6c      0x11c ./FreeRTOS/tasks.o
                0x0000000008000d6c                vTaskSuspend
 .text.vTaskStartScheduler
                0x0000000008000e88       0x78 ./FreeRTOS/tasks.o
                0x0000000008000e88                vTaskStartScheduler
 .text.vTaskSuspendAll
                0x0000000008000f00       0x1c ./FreeRTOS/tasks.o
                0x0000000008000f00                vTaskSuspendAll
 .text.xTaskResumeAll
                0x0000000008000f1c      0x1d8 ./FreeRTOS/tasks.o
                0x0000000008000f1c                xTaskResumeAll
 .text.xTaskIncrementTick
                0x00000000080010f4      0x20c ./FreeRTOS/tasks.o
                0x00000000080010f4                xTaskIncrementTick
 .text.vTaskSwitchContext
                0x0000000008001300       0x8c ./FreeRTOS/tasks.o
                0x0000000008001300                vTaskSwitchContext
 .text.vTaskPlaceOnEventList
                0x000000000800138c       0x2c ./FreeRTOS/tasks.o
                0x000000000800138c                vTaskPlaceOnEventList
 .text.xTaskRemoveFromEventList
                0x00000000080013b8      0x190 ./FreeRTOS/tasks.o
                0x00000000080013b8                xTaskRemoveFromEventList
 .text.vTaskInternalSetTimeOutState
                0x0000000008001548       0x2c ./FreeRTOS/tasks.o
                0x0000000008001548                vTaskInternalSetTimeOutState
 .text.xTaskCheckForTimeOut
                0x0000000008001574       0x94 ./FreeRTOS/tasks.o
                0x0000000008001574                xTaskCheckForTimeOut
 .text.vTaskMissedYield
                0x0000000008001608       0x18 ./FreeRTOS/tasks.o
                0x0000000008001608                vTaskMissedYield
 .text.prvIdleTask
                0x0000000008001620       0x30 ./FreeRTOS/tasks.o
 .text.prvInitialiseTaskLists
                0x0000000008001650       0x80 ./FreeRTOS/tasks.o
 .text.prvCheckTasksWaitingTermination
                0x00000000080016d0       0x5c ./FreeRTOS/tasks.o
 .text.prvDeleteTCB
                0x000000000800172c       0x20 ./FreeRTOS/tasks.o
 .text.prvResetNextTaskUnblockTime
                0x000000000800174c       0x34 ./FreeRTOS/tasks.o
 .text.xTaskPriorityInherit
                0x0000000008001780      0x13c ./FreeRTOS/tasks.o
                0x0000000008001780                xTaskPriorityInherit
 .text.xTaskPriorityDisinherit
                0x00000000080018bc      0x104 ./FreeRTOS/tasks.o
                0x00000000080018bc                xTaskPriorityDisinherit
 .text.vTaskPriorityDisinheritAfterTimeout
                0x00000000080019c0      0x12c ./FreeRTOS/tasks.o
                0x00000000080019c0                vTaskPriorityDisinheritAfterTimeout
 .text.pvTaskIncrementMutexHeldCount
                0x0000000008001aec       0x28 ./FreeRTOS/tasks.o
                0x0000000008001aec                pvTaskIncrementMutexHeldCount
 .text.prvAddCurrentTaskToDelayedList
                0x0000000008001b14      0x100 ./FreeRTOS/tasks.o
 .text.pxPortInitialiseStack
                0x0000000008001c14       0x58 ./FreeRTOS/portable/ARM_CM3/port.o
                0x0000000008001c14                pxPortInitialiseStack
 .text.prvTaskExitError
                0x0000000008001c6c       0x32 ./FreeRTOS/portable/ARM_CM3/port.o
 *fill*         0x0000000008001c9e        0x2 
 .text.SVC_Handler
                0x0000000008001ca0       0x28 ./FreeRTOS/portable/ARM_CM3/port.o
                0x0000000008001ca0                SVC_Handler
 .text.prvPortStartFirstTask
                0x0000000008001cc8       0x24 ./FreeRTOS/portable/ARM_CM3/port.o
 .text.xPortStartScheduler
                0x0000000008001cec       0x40 ./FreeRTOS/portable/ARM_CM3/port.o
                0x0000000008001cec                xPortStartScheduler
 .text.vPortEnterCritical
                0x0000000008001d2c       0x34 ./FreeRTOS/portable/ARM_CM3/port.o
                0x0000000008001d2c                vPortEnterCritical
 .text.vPortExitCritical
                0x0000000008001d60       0x34 ./FreeRTOS/portable/ARM_CM3/port.o
                0x0000000008001d60                vPortExitCritical
 *fill*         0x0000000008001d94        0xc 
 .text.PendSV_Handler
                0x0000000008001da0       0x48 ./FreeRTOS/portable/ARM_CM3/port.o
                0x0000000008001da0                PendSV_Handler
 .text.SysTick_Handler
                0x0000000008001de8       0x44 ./FreeRTOS/portable/ARM_CM3/port.o
                0x0000000008001de8                SysTick_Handler
 .text.vPortSetupTimerInterrupt
                0x0000000008001e2c       0x34 ./FreeRTOS/portable/ARM_CM3/port.o
                0x0000000008001e2c                vPortSetupTimerInterrupt
 .text.pvPortMalloc
                0x0000000008001e60       0xa4 ./FreeRTOS/portable/MemMang/heap_1.o
                0x0000000008001e60                pvPortMalloc
 .text.vPortFree
                0x0000000008001f04       0x12 ./FreeRTOS/portable/MemMang/heap_1.o
                0x0000000008001f04                vPortFree
 *fill*         0x0000000008001f16        0x2 
 .text.DMS_read
                0x0000000008001f18       0x4c ./HAL/DMS.o
                0x0000000008001f18                DMS_read
 .text.LUNA_CallBack
                0x0000000008001f64      0x194 ./HAL/LUNA_LIDAR.o
                0x0000000008001f64                LUNA_CallBack
 .text.LUNA_INIT
                0x00000000080020f8      0x254 ./HAL/LUNA_LIDAR.o
                0x00000000080020f8                LUNA_INIT
 .text.TFT_init
                0x000000000800234c       0xdc ./HAL/TFT.o
                0x000000000800234c                TFT_init
 .text.TFT_send_command
                0x0000000008002428       0x44 ./HAL/TFT.o
                0x0000000008002428                TFT_send_command
 .text.TFT_send_data
                0x000000000800246c       0x44 ./HAL/TFT.o
                0x000000000800246c                TFT_send_data
 .text.TFT_send_image
                0x00000000080024b0      0x174 ./HAL/TFT.o
                0x00000000080024b0                TFT_send_image
 .text.ADC_ERROR_HANDLER
                0x0000000008002624        0x6 ./MCAL/ADC.o
                0x0000000008002624                ADC_ERROR_HANDLER
 *fill*         0x000000000800262a        0x2 
 .text.ADC_GPIO_CONFIG
                0x000000000800262c      0x1ec ./MCAL/ADC.o
                0x000000000800262c                ADC_GPIO_CONFIG
 .text.ADC_init
                0x0000000008002818      0x318 ./MCAL/ADC.o
                0x0000000008002818                ADC_init
 .text.ADC_read
                0x0000000008002b30       0xe0 ./MCAL/ADC.o
                0x0000000008002b30                ADC_read
 .text.ADC1_2_IRQHandler
                0x0000000008002c10       0x60 ./MCAL/ADC.o
                0x0000000008002c10                ADC1_2_IRQHandler
 .text.ERROR_HANDLER
                0x0000000008002c70        0x6 ./MCAL/CAN.o
                0x0000000008002c70                ERROR_HANDLER
 *fill*         0x0000000008002c76        0x2 
 .text.MCAL_CAN_SET_GPIO
                0x0000000008002c78       0x3c ./MCAL/CAN.o
                0x0000000008002c78                MCAL_CAN_SET_GPIO
 .text.MCAL_CAN_init
                0x0000000008002cb4      0x2e4 ./MCAL/CAN.o
                0x0000000008002cb4                MCAL_CAN_init
 .text.MCAL_CAN_RESET
                0x0000000008002f98       0x28 ./MCAL/CAN.o
                0x0000000008002f98                MCAL_CAN_RESET
 .text.USB_LP_CAN_RX0_IRQHandler
                0x0000000008002fc0       0x14 ./MCAL/CAN.o
                0x0000000008002fc0                USB_LP_CAN_RX0_IRQHandler
 .text.CAN_RX1_IRQHandler
                0x0000000008002fd4       0x14 ./MCAL/CAN.o
                0x0000000008002fd4                CAN_RX1_IRQHandler
 .text.CAN_SCE_IRQHandler
                0x0000000008002fe8       0x18 ./MCAL/CAN.o
                0x0000000008002fe8                CAN_SCE_IRQHandler
 .text.EXTI0_IRQHandler
                0x0000000008003000       0x24 ./MCAL/EXTI_Driver.o
                0x0000000008003000                EXTI0_IRQHandler
 .text.EXTI1_IRQHandler
                0x0000000008003024       0x24 ./MCAL/EXTI_Driver.o
                0x0000000008003024                EXTI1_IRQHandler
 .text.EXTI2_IRQHandler
                0x0000000008003048       0x24 ./MCAL/EXTI_Driver.o
                0x0000000008003048                EXTI2_IRQHandler
 .text.EXTI3_IRQHandler
                0x000000000800306c       0x24 ./MCAL/EXTI_Driver.o
                0x000000000800306c                EXTI3_IRQHandler
 .text.EXTI4_IRQHandler
                0x0000000008003090       0x24 ./MCAL/EXTI_Driver.o
                0x0000000008003090                EXTI4_IRQHandler
 .text.EXTI9_5_IRQHandler
                0x00000000080030b4       0xa8 ./MCAL/EXTI_Driver.o
                0x00000000080030b4                EXTI9_5_IRQHandler
 .text.EXTI15_10_IRQHandler
                0x000000000800315c       0xc4 ./MCAL/EXTI_Driver.o
                0x000000000800315c                EXTI15_10_IRQHandler
 .text.Get_PIN_Positon
                0x0000000008003220       0x30 ./MCAL/GPIO_Driver.o
                0x0000000008003220                Get_PIN_Positon
 .text.MCAL_GPIO_init
                0x0000000008003250      0x1d4 ./MCAL/GPIO_Driver.o
                0x0000000008003250                MCAL_GPIO_init
 .text.MCAL_write_PIN
                0x0000000008003424       0x50 ./MCAL/GPIO_Driver.o
                0x0000000008003424                MCAL_write_PIN
 .text.MCAL_Read_PIN
                0x0000000008003474       0x28 ./MCAL/GPIO_Driver.o
                0x0000000008003474                MCAL_Read_PIN
 .text.TIM2_IRQHandler
                0x000000000800349c       0xe0 ./MCAL/GP_Timers.o
                0x000000000800349c                TIM2_IRQHandler
 .text.TIM3_IRQHandler
                0x000000000800357c       0xd0 ./MCAL/GP_Timers.o
                0x000000000800357c                TIM3_IRQHandler
 .text.TIM4_IRQHandler
                0x000000000800364c       0xdc ./MCAL/GP_Timers.o
                0x000000000800364c                TIM4_IRQHandler
 .text.MCAL_GET_SYS_CLCK
                0x0000000008003728       0x44 ./MCAL/RCC.o
                0x0000000008003728                MCAL_GET_SYS_CLCK
 .text.MCAL_GET_H_CLCK
                0x000000000800376c       0x28 ./MCAL/RCC.o
                0x000000000800376c                MCAL_GET_H_CLCK
 .text.MCAL_GET_PCLCK1
                0x0000000008003794       0x28 ./MCAL/RCC.o
                0x0000000008003794                MCAL_GET_PCLCK1
 .text.MCAL_GET_PCLCK2
                0x00000000080037bc       0x28 ./MCAL/RCC.o
                0x00000000080037bc                MCAL_GET_PCLCK2
 .text.MCAL_SPI_init
                0x00000000080037e4      0x180 ./MCAL/SPI.o
                0x00000000080037e4                MCAL_SPI_init
 .text.MCAL_SPI_SendData
                0x0000000008003964       0x74 ./MCAL/SPI.o
                0x0000000008003964                MCAL_SPI_SendData
 .text.MCAL_SET_GPIO
                0x00000000080039d8      0x21c ./MCAL/SPI.o
                0x00000000080039d8                MCAL_SET_GPIO
 .text.SPI1_IRQHandler
                0x0000000008003bf4       0x28 ./MCAL/SPI.o
                0x0000000008003bf4                SPI1_IRQHandler
 .text.get_flag_source
                0x0000000008003c1c       0x6e ./MCAL/SPI.o
                0x0000000008003c1c                get_flag_source
 *fill*         0x0000000008003c8a        0x2 
 .text.MCAL_SET_TIMx_GPIO
                0x0000000008003c8c       0x2c ./MCAL/Timer1_8.o
                0x0000000008003c8c                MCAL_SET_TIMx_GPIO
 .text.TIMER_1_8_start
                0x0000000008003cb8      0x114 ./MCAL/Timer1_8.o
                0x0000000008003cb8                TIMER_1_8_start
 .text.TIM1_UP_IRQHandler
                0x0000000008003dcc       0x24 ./MCAL/Timer1_8.o
                0x0000000008003dcc                TIM1_UP_IRQHandler
 .text.TIM1_CC_IRQHandler
                0x0000000008003df0       0x24 ./MCAL/Timer1_8.o
                0x0000000008003df0                TIM1_CC_IRQHandler
 .text.TIM1_BRK_IRQHandler
                0x0000000008003e14       0x24 ./MCAL/Timer1_8.o
                0x0000000008003e14                TIM1_BRK_IRQHandler
 .text.TIM1_TRG_COM_IRQHandler
                0x0000000008003e38       0x24 ./MCAL/Timer1_8.o
                0x0000000008003e38                TIM1_TRG_COM_IRQHandler
 .text._TIM1_delay_us
                0x0000000008003e5c       0x58 ./MCAL/Timer1_8.o
                0x0000000008003e5c                _TIM1_delay_us
 .text._TIM1_delay_ms
                0x0000000008003eb4       0x30 ./MCAL/Timer1_8.o
                0x0000000008003eb4                _TIM1_delay_ms
 .text.MCAL_USART_init
                0x0000000008003ee4      0x2d8 ./MCAL/USART_Driver.o
                0x0000000008003ee4                MCAL_USART_init
 .text.MCAL_USART_SendData
                0x00000000080041bc       0x80 ./MCAL/USART_Driver.o
                0x00000000080041bc                MCAL_USART_SendData
 .text.MCAL_USART_ReciveData
                0x000000000800423c       0x94 ./MCAL/USART_Driver.o
                0x000000000800423c                MCAL_USART_ReciveData
 .text.SET_GPIO
                0x00000000080042d0       0xec ./MCAL/USART_Driver.o
                0x00000000080042d0                SET_GPIO
 .text.USART1_IRQHandler
                0x00000000080043bc       0x14 ./MCAL/USART_Driver.o
                0x00000000080043bc                USART1_IRQHandler
 .text.USART2_IRQHandler
                0x00000000080043d0       0x14 ./MCAL/USART_Driver.o
                0x00000000080043d0                USART2_IRQHandler
 .text.USART3_IRQHandler
                0x00000000080043e4       0x14 ./MCAL/USART_Driver.o
                0x00000000080043e4                USART3_IRQHandler
 .text.Error_Handller
                0x00000000080043f8        0x6 ./Src/main.o
                0x00000000080043f8                Error_Handller
 *fill*         0x00000000080043fe        0x2 
 .text.Sys_Clk_init
                0x0000000008004400       0x34 ./Src/main.o
                0x0000000008004400                Sys_Clk_init
 .text.DMS_Handller_TASK
                0x0000000008004434       0x34 ./Src/main.o
                0x0000000008004434                DMS_Handller_TASK
 .text.DMS_read_TASK
                0x0000000008004468       0x24 ./Src/main.o
                0x0000000008004468                DMS_read_TASK
 .text.ACC_ADC_CallBack
                0x000000000800448c       0x1c ./Src/main.o
                0x000000000800448c                ACC_ADC_CallBack
 .text.ACC_throtel_init
                0x00000000080044a8       0x5c ./Src/main.o
                0x00000000080044a8                ACC_throtel_init
 .text.ACC_DAC_init
                0x0000000008004504       0xc8 ./Src/main.o
                0x0000000008004504                ACC_DAC_init
 .text.ACC_FROM_DAC_TO_ADC
                0x00000000080045cc       0x3c ./Src/main.o
                0x00000000080045cc                ACC_FROM_DAC_TO_ADC
 .text.ACC_FROM_ADC_TO_DAC_DATA
                0x0000000008004608       0x34 ./Src/main.o
                0x0000000008004608                ACC_FROM_ADC_TO_DAC_DATA
 .text.ACC_FROM_ADC_TO_DAC
                0x000000000800463c       0xec ./Src/main.o
                0x000000000800463c                ACC_FROM_ADC_TO_DAC
 .text.ACC_Handller_TASK
                0x0000000008004728       0xb8 ./Src/main.o
                0x0000000008004728                ACC_Handller_TASK
 .text.ACC_LUNA_READ_TASK
                0x00000000080047e0       0x34 ./Src/main.o
                0x00000000080047e0                ACC_LUNA_READ_TASK
 .text.ACC_throttel_Handller_TASK
                0x0000000008004814      0x13c ./Src/main.o
                0x0000000008004814                ACC_throttel_Handller_TASK
 .text.ACC_STATE_READ_TASK
                0x0000000008004950       0x44 ./Src/main.o
                0x0000000008004950                ACC_STATE_READ_TASK
 .text.TSR_Handller_TASK
                0x0000000008004994       0x2c ./Src/main.o
                0x0000000008004994                TSR_Handller_TASK
 .text.TSR_Flag_Read_TASK
                0x00000000080049c0       0x1c ./Src/main.o
                0x00000000080049c0                TSR_Flag_Read_TASK
 .text.TSR_call_Back
                0x00000000080049dc      0x1e0 ./Src/main.o
                0x00000000080049dc                TSR_call_Back
 .text.TSR_init
                0x0000000008004bbc       0x2c ./Src/main.o
                0x0000000008004bbc                TSR_init
 .text.FACE_ID_TASK
                0x0000000008004be8       0x84 ./Src/main.o
                0x0000000008004be8                FACE_ID_TASK
 .text.HW_init  0x0000000008004c6c       0x26 ./Src/main.o
                0x0000000008004c6c                HW_init
 *fill*         0x0000000008004c92        0x2 
 .text.main     0x0000000008004c94      0x1f4 ./Src/main.o
                0x0000000008004c94                main
 .text.Reset_Handler
                0x0000000008004e88       0x50 ./Startup/startup_stm32f103cbtx.o
                0x0000000008004e88                Reset_Handler
 .text.Default_Handler
                0x0000000008004ed8        0x2 ./Startup/startup_stm32f103cbtx.o
                0x0000000008004ed8                TIM8_TRG_COM_IRQHandler
                0x0000000008004ed8                TIM8_CC_IRQHandler
                0x0000000008004ed8                DebugMon_Handler
                0x0000000008004ed8                HardFault_Handler
                0x0000000008004ed8                TIM6_IRQHandler
                0x0000000008004ed8                PVD_IRQHandler
                0x0000000008004ed8                SDIO_IRQHandler
                0x0000000008004ed8                NMI_Handler
                0x0000000008004ed8                USB_HP_CAN_TX_IRQHandler
                0x0000000008004ed8                I2C2_EV_IRQHandler
                0x0000000008004ed8                UsageFault_Handler
                0x0000000008004ed8                TAMPER_IRQHandler
                0x0000000008004ed8                TIM8_UP_IRQHandler
                0x0000000008004ed8                DMA2_Channel2_IRQHandler
                0x0000000008004ed8                DMA1_Channel4_IRQHandler
                0x0000000008004ed8                RTC_IRQHandler
                0x0000000008004ed8                DMA1_Channel7_IRQHandler
                0x0000000008004ed8                UART5_IRQHandler
                0x0000000008004ed8                ADC3_IRQHandler
                0x0000000008004ed8                DMA2_Channel1_IRQHandler
                0x0000000008004ed8                I2C1_EV_IRQHandler
                0x0000000008004ed8                DMA1_Channel6_IRQHandler
                0x0000000008004ed8                UART4_IRQHandler
                0x0000000008004ed8                RCC_IRQHandler
                0x0000000008004ed8                DMA1_Channel1_IRQHandler
                0x0000000008004ed8                Default_Handler
                0x0000000008004ed8                TIM7_IRQHandler
                0x0000000008004ed8                TIM5_IRQHandler
                0x0000000008004ed8                SPI2_IRQHandler
                0x0000000008004ed8                MemManage_Handler
                0x0000000008004ed8                DMA1_Channel5_IRQHandler
                0x0000000008004ed8                DMA1_Channel3_IRQHandler
                0x0000000008004ed8                FSMC_IRQHandler
                0x0000000008004ed8                WWDG_IRQHandler
                0x0000000008004ed8                RTCAlarm_IRQHandler
                0x0000000008004ed8                DMA2_Channel4_5_IRQHandler
                0x0000000008004ed8                I2C2_ER_IRQHandler
                0x0000000008004ed8                DMA1_Channel2_IRQHandler
                0x0000000008004ed8                TIM8_BRK_IRQHandler
                0x0000000008004ed8                FLASH_IRQHandler
                0x0000000008004ed8                BusFault_Handler
                0x0000000008004ed8                SPI3_IRQHandler
                0x0000000008004ed8                I2C1_ER_IRQHandler
                0x0000000008004ed8                DMA2_Channel3_IRQHandler
 .text.memset   0x0000000008004eda       0x10 C:/ST/STM32CubeIDE_1.13.2/STM32CubeIDE/plugins/com.st.stm32cube.ide.mcu.externaltools.gnu-tools-for-stm32.11.3.rel1.win32_1.1.1.202309131626/tools/bin/../lib/gcc/arm-none-eabi/11.3.1/../../../../arm-none-eabi/lib/thumb/v7-m/nofp\libc_nano.a(libc_a-memset.o)
                0x0000000008004eda                memset
 *fill*         0x0000000008004eea        0x2 
 .text.__libc_init_array
                0x0000000008004eec       0x48 C:/ST/STM32CubeIDE_1.13.2/STM32CubeIDE/plugins/com.st.stm32cube.ide.mcu.externaltools.gnu-tools-for-stm32.11.3.rel1.win32_1.1.1.202309131626/tools/bin/../lib/gcc/arm-none-eabi/11.3.1/../../../../arm-none-eabi/lib/thumb/v7-m/nofp\libc_nano.a(libc_a-init.o)
                0x0000000008004eec                __libc_init_array
 .text.memcpy   0x0000000008004f34       0x1c C:/ST/STM32CubeIDE_1.13.2/STM32CubeIDE/plugins/com.st.stm32cube.ide.mcu.externaltools.gnu-tools-for-stm32.11.3.rel1.win32_1.1.1.202309131626/tools/bin/../lib/gcc/arm-none-eabi/11.3.1/../../../../arm-none-eabi/lib/thumb/v7-m/nofp\libc_nano.a(libc_a-memcpy-stub.o)
                0x0000000008004f34                memcpy
 *(.glue_7)
 .glue_7        0x0000000008004f50        0x0 linker stubs
 *(.glue_7t)
 .glue_7t       0x0000000008004f50        0x0 linker stubs
 *(.eh_frame)
 .eh_frame      0x0000000008004f50        0x0 C:/ST/STM32CubeIDE_1.13.2/STM32CubeIDE/plugins/com.st.stm32cube.ide.mcu.externaltools.gnu-tools-for-stm32.11.3.rel1.win32_1.1.1.202309131626/tools/bin/../lib/gcc/arm-none-eabi/11.3.1/thumb/v7-m/nofp/crtbegin.o
 *(.init)
 .init          0x0000000008004f50        0x4 C:/ST/STM32CubeIDE_1.13.2/STM32CubeIDE/plugins/com.st.stm32cube.ide.mcu.externaltools.gnu-tools-for-stm32.11.3.rel1.win32_1.1.1.202309131626/tools/bin/../lib/gcc/arm-none-eabi/11.3.1/thumb/v7-m/nofp/crti.o
                0x0000000008004f50                _init
 .init          0x0000000008004f54        0x8 C:/ST/STM32CubeIDE_1.13.2/STM32CubeIDE/plugins/com.st.stm32cube.ide.mcu.externaltools.gnu-tools-for-stm32.11.3.rel1.win32_1.1.1.202309131626/tools/bin/../lib/gcc/arm-none-eabi/11.3.1/thumb/v7-m/nofp/crtn.o
 *(.fini)
 .fini          0x0000000008004f5c        0x4 C:/ST/STM32CubeIDE_1.13.2/STM32CubeIDE/plugins/com.st.stm32cube.ide.mcu.externaltools.gnu-tools-for-stm32.11.3.rel1.win32_1.1.1.202309131626/tools/bin/../lib/gcc/arm-none-eabi/11.3.1/thumb/v7-m/nofp/crti.o
                0x0000000008004f5c                _fini
 .fini          0x0000000008004f60        0x8 C:/ST/STM32CubeIDE_1.13.2/STM32CubeIDE/plugins/com.st.stm32cube.ide.mcu.externaltools.gnu-tools-for-stm32.11.3.rel1.win32_1.1.1.202309131626/tools/bin/../lib/gcc/arm-none-eabi/11.3.1/thumb/v7-m/nofp/crtn.o
                0x0000000008004f68                . = ALIGN (0x4)
                0x0000000008004f68                _etext = .

.vfp11_veneer   0x0000000008004f68        0x0
 .vfp11_veneer  0x0000000008004f68        0x0 linker stubs

.v4_bx          0x0000000008004f68        0x0
 .v4_bx         0x0000000008004f68        0x0 linker stubs

.iplt           0x0000000008004f68        0x0
 .iplt          0x0000000008004f68        0x0 C:/ST/STM32CubeIDE_1.13.2/STM32CubeIDE/plugins/com.st.stm32cube.ide.mcu.externaltools.gnu-tools-for-stm32.11.3.rel1.win32_1.1.1.202309131626/tools/bin/../lib/gcc/arm-none-eabi/11.3.1/thumb/v7-m/nofp/crtbegin.o

.rodata         0x0000000008004f68    0x187f8
                0x0000000008004f68                . = ALIGN (0x4)
 *(.rodata)
 .rodata        0x0000000008004f68        0x5 ./FreeRTOS/tasks.o
 *fill*         0x0000000008004f6d        0x3 
 .rodata        0x0000000008004f70       0x10 ./HAL/LUNA_LIDAR.o
 .rodata        0x0000000008004f80        0x4 ./HAL/TFT.o
 .rodata        0x0000000008004f84        0x8 ./MCAL/CAN.o
 .rodata        0x0000000008004f8c       0x44 ./MCAL/SPI.o
 .rodata        0x0000000008004fd0        0x4 ./MCAL/Timer1_8.o
 .rodata        0x0000000008004fd4       0x18 ./MCAL/USART_Driver.o
 .rodata        0x0000000008004fec       0xd1 ./Src/main.o
 *(.rodata*)
 *fill*         0x00000000080050bd        0x3 
 .rodata._100_KM_SIGN
                0x00000000080050c0     0x4e20 ./HAL/TFT.o
 .rodata._40_KM_SIGN
                0x0000000008009ee0     0x4e20 ./HAL/TFT.o
 .rodata.NO_WAITING_SIGN
                0x000000000800ed00     0x4e20 ./HAL/TFT.o
 .rodata._120_KM_SIGN
                0x0000000008013b20     0x4e20 ./HAL/TFT.o
 .rodata._NO_SIGN
                0x0000000008018940     0x4e20 ./HAL/TFT.o
                0x000000000801d760                . = ALIGN (0x4)

.rel.dyn        0x000000000801d760        0x0
 .rel.iplt      0x000000000801d760        0x0 C:/ST/STM32CubeIDE_1.13.2/STM32CubeIDE/plugins/com.st.stm32cube.ide.mcu.externaltools.gnu-tools-for-stm32.11.3.rel1.win32_1.1.1.202309131626/tools/bin/../lib/gcc/arm-none-eabi/11.3.1/thumb/v7-m/nofp/crtbegin.o

.ARM.extab      0x000000000801d760        0x0
                0x000000000801d760                . = ALIGN (0x4)
 *(.ARM.extab* .gnu.linkonce.armextab.*)
                0x000000000801d760                . = ALIGN (0x4)

.ARM            0x000000000801d760        0x0
                0x000000000801d760                . = ALIGN (0x4)
                0x000000000801d760                __exidx_start = .
 *(.ARM.exidx*)
                0x000000000801d760                __exidx_end = .
                0x000000000801d760                . = ALIGN (0x4)

.preinit_array  0x000000000801d760        0x0
                0x000000000801d760                . = ALIGN (0x4)
                0x000000000801d760                PROVIDE (__preinit_array_start = .)
 *(.preinit_array*)
                0x000000000801d760                PROVIDE (__preinit_array_end = .)
                0x000000000801d760                . = ALIGN (0x4)

.init_array     0x000000000801d760        0x4
                0x000000000801d760                . = ALIGN (0x4)
                0x000000000801d760                PROVIDE (__init_array_start = .)
 *(SORT_BY_NAME(.init_array.*))
 *(.init_array*)
 .init_array    0x000000000801d760        0x4 C:/ST/STM32CubeIDE_1.13.2/STM32CubeIDE/plugins/com.st.stm32cube.ide.mcu.externaltools.gnu-tools-for-stm32.11.3.rel1.win32_1.1.1.202309131626/tools/bin/../lib/gcc/arm-none-eabi/11.3.1/thumb/v7-m/nofp/crtbegin.o
                0x000000000801d764                PROVIDE (__init_array_end = .)
                0x000000000801d764                . = ALIGN (0x4)

.fini_array     0x000000000801d764        0x4
                0x000000000801d764                . = ALIGN (0x4)
                [!provide]                        PROVIDE (__fini_array_start = .)
 *(SORT_BY_NAME(.fini_array.*))
 *(.fini_array*)
 .fini_array    0x000000000801d764        0x4 C:/ST/STM32CubeIDE_1.13.2/STM32CubeIDE/plugins/com.st.stm32cube.ide.mcu.externaltools.gnu-tools-for-stm32.11.3.rel1.win32_1.1.1.202309131626/tools/bin/../lib/gcc/arm-none-eabi/11.3.1/thumb/v7-m/nofp/crtbegin.o
                [!provide]                        PROVIDE (__fini_array_end = .)
                0x000000000801d768                . = ALIGN (0x4)
                0x000000000801d768                _sidata = LOADADDR (.data)

.data           0x0000000020000000       0x28 load address 0x000000000801d768
                0x0000000020000000                . = ALIGN (0x4)
                0x0000000020000000                _sdata = .
 *(.data)
 *(.data*)
 .data.uxTopUsedPriority
                0x0000000020000000        0x4 ./FreeRTOS/tasks.o
                0x0000000020000000                uxTopUsedPriority
 .data.uxCriticalNesting
                0x0000000020000004        0x4 ./FreeRTOS/portable/ARM_CM3/port.o
 .data.APB_Prescaler
                0x0000000020000008        0x8 ./MCAL/RCC.o
                0x0000000020000008                APB_Prescaler
 .data.AHB_Prescaler
                0x0000000020000010       0x11 ./MCAL/RCC.o
                0x0000000020000010                AHB_Prescaler
 .data.TSR_START_Flag
                0x0000000020000021        0x1 ./Src/main.o
                0x0000000020000021                TSR_START_Flag
 .data.TSR_END_Flag
                0x0000000020000022        0x1 ./Src/main.o
                0x0000000020000022                TSR_END_Flag
 .data.FACE_START_Flag
                0x0000000020000023        0x1 ./Src/main.o
                0x0000000020000023                FACE_START_Flag
 .data.FACE_END_Flag
                0x0000000020000024        0x1 ./Src/main.o
                0x0000000020000024                FACE_END_Flag
 .data.ACC_ACTION
                0x0000000020000025        0x1 ./Src/main.o
                0x0000000020000025                ACC_ACTION
 *(.RamFunc)
 *(.RamFunc*)
                0x0000000020000028                . = ALIGN (0x4)
 *fill*         0x0000000020000026        0x2 
                0x0000000020000028                _edata = .

.igot.plt       0x0000000020000028        0x0 load address 0x000000000801d790
 .igot.plt      0x0000000020000028        0x0 C:/ST/STM32CubeIDE_1.13.2/STM32CubeIDE/plugins/com.st.stm32cube.ide.mcu.externaltools.gnu-tools-for-stm32.11.3.rel1.win32_1.1.1.202309131626/tools/bin/../lib/gcc/arm-none-eabi/11.3.1/thumb/v7-m/nofp/crtbegin.o
                0x0000000020000028                . = ALIGN (0x4)

.bss            0x0000000020000028     0x22fc load address 0x000000000801d790
                0x0000000020000028                _sbss = .
                0x0000000020000028                __bss_start__ = _sbss
 *(.bss)
 .bss           0x0000000020000028       0x1c C:/ST/STM32CubeIDE_1.13.2/STM32CubeIDE/plugins/com.st.stm32cube.ide.mcu.externaltools.gnu-tools-for-stm32.11.3.rel1.win32_1.1.1.202309131626/tools/bin/../lib/gcc/arm-none-eabi/11.3.1/thumb/v7-m/nofp/crtbegin.o
 *(.bss*)
 .bss.pxCurrentTCB
                0x0000000020000044        0x4 ./FreeRTOS/tasks.o
                0x0000000020000044                pxCurrentTCB
 .bss.pxReadyTasksLists
                0x0000000020000048       0x64 ./FreeRTOS/tasks.o
 .bss.xDelayedTaskList1
                0x00000000200000ac       0x14 ./FreeRTOS/tasks.o
 .bss.xDelayedTaskList2
                0x00000000200000c0       0x14 ./FreeRTOS/tasks.o
 .bss.pxDelayedTaskList
                0x00000000200000d4        0x4 ./FreeRTOS/tasks.o
 .bss.pxOverflowDelayedTaskList
                0x00000000200000d8        0x4 ./FreeRTOS/tasks.o
 .bss.xPendingReadyList
                0x00000000200000dc       0x14 ./FreeRTOS/tasks.o
 .bss.xTasksWaitingTermination
                0x00000000200000f0       0x14 ./FreeRTOS/tasks.o
 .bss.uxDeletedTasksWaitingCleanUp
                0x0000000020000104        0x4 ./FreeRTOS/tasks.o
 .bss.xSuspendedTaskList
                0x0000000020000108       0x14 ./FreeRTOS/tasks.o
 .bss.uxCurrentNumberOfTasks
                0x000000002000011c        0x4 ./FreeRTOS/tasks.o
 .bss.xTickCount
                0x0000000020000120        0x4 ./FreeRTOS/tasks.o
 .bss.uxTopReadyPriority
                0x0000000020000124        0x4 ./FreeRTOS/tasks.o
 .bss.xSchedulerRunning
                0x0000000020000128        0x4 ./FreeRTOS/tasks.o
 .bss.xPendedTicks
                0x000000002000012c        0x4 ./FreeRTOS/tasks.o
 .bss.xYieldPending
                0x0000000020000130        0x4 ./FreeRTOS/tasks.o
 .bss.xNumOfOverflows
                0x0000000020000134        0x4 ./FreeRTOS/tasks.o
 .bss.uxTaskNumber
                0x0000000020000138        0x4 ./FreeRTOS/tasks.o
 .bss.xNextTaskUnblockTime
                0x000000002000013c        0x4 ./FreeRTOS/tasks.o
 .bss.xIdleTaskHandle
                0x0000000020000140        0x4 ./FreeRTOS/tasks.o
 .bss.uxSchedulerSuspended
                0x0000000020000144        0x4 ./FreeRTOS/tasks.o
 .bss.ucHeap    0x0000000020000148     0x1f40 ./FreeRTOS/portable/MemMang/heap_1.o
 .bss.xNextFreeByte
                0x0000000020002088        0x4 ./FreeRTOS/portable/MemMang/heap_1.o
 .bss.pucAlignedHeap.0
                0x000000002000208c        0x4 ./FreeRTOS/portable/MemMang/heap_1.o
 .bss.LUNA_dis  0x0000000020002090        0x2 ./HAL/LUNA_LIDAR.o
                0x0000000020002090                LUNA_dis
 .bss.LUNA_AMP  0x0000000020002092        0x2 ./HAL/LUNA_LIDAR.o
                0x0000000020002092                LUNA_AMP
 .bss.LUNA_TEMP
                0x0000000020002094        0x2 ./HAL/LUNA_LIDAR.o
                0x0000000020002094                LUNA_TEMP
 .bss.LUNA_CheckSum
                0x0000000020002096        0x1 ./HAL/LUNA_LIDAR.o
                0x0000000020002096                LUNA_CheckSum
 .bss.x.0       0x0000000020002097        0x1 ./HAL/LUNA_LIDAR.o
 .bss.G_ADC_config
                0x0000000020002098      0x180 ./MCAL/ADC.o
                0x0000000020002098                G_ADC_config
 .bss.CAN_SITTING
                0x0000000020002218        0xc ./MCAL/CAN.o
                0x0000000020002218                CAN_SITTING
 .bss.g_P_CALLBACK_f
                0x0000000020002224       0x3c ./MCAL/EXTI_Driver.o
                0x0000000020002224                g_P_CALLBACK_f
 .bss.g_GP_Sitting
                0x0000000020002260       0x30 ./MCAL/GP_Timers.o
                0x0000000020002260                g_GP_Sitting
 .bss.G_P_Config_t
                0x0000000020002290       0x20 ./MCAL/SPI.o
                0x0000000020002290                G_P_Config_t
 .bss.g_Sitting
                0x00000000200022b0       0x10 ./MCAL/Timer1_8.o
                0x00000000200022b0                g_Sitting
 .bss.g_TIMX    0x00000000200022c0        0x4 ./MCAL/Timer1_8.o
                0x00000000200022c0                g_TIMX
 .bss.G_P_config
                0x00000000200022c4       0x30 ./MCAL/USART_Driver.o
                0x00000000200022c4                G_P_config
 .bss.DMS_Semaphore
                0x00000000200022f4        0x4 ./Src/main.o
                0x00000000200022f4                DMS_Semaphore
 .bss.TSR__Flags_Queue
                0x00000000200022f8        0x4 ./Src/main.o
                0x00000000200022f8                TSR__Flags_Queue
 .bss.ACC__dis_Queue
                0x00000000200022fc        0x4 ./Src/main.o
                0x00000000200022fc                ACC__dis_Queue
 .bss.ACC__AMP_Queue
                0x0000000020002300        0x4 ./Src/main.o
                0x0000000020002300                ACC__AMP_Queue
 .bss.ACC__ACTION_Queue
                0x0000000020002304        0x4 ./Src/main.o
                0x0000000020002304                ACC__ACTION_Queue
 .bss.ACC__STATE_Queue
                0x0000000020002308        0x4 ./Src/main.o
                0x0000000020002308                ACC__STATE_Queue
 .bss.GR_TSR_FLAG_OLED
                0x000000002000230c        0x2 ./Src/main.o
                0x000000002000230c                GR_TSR_FLAG_OLED
 .bss.GR_TSR_FLAG_OLED_send
                0x000000002000230e        0x1 ./Src/main.o
                0x000000002000230e                GR_TSR_FLAG_OLED_send
 .bss.GR_TSR_FLAG_OLED_FINAL
                0x000000002000230f        0x1 ./Src/main.o
                0x000000002000230f                GR_TSR_FLAG_OLED_FINAL
 .bss.PC_Counter
                0x0000000020002310        0x1 ./Src/main.o
                0x0000000020002310                PC_Counter
 .bss.PC_Uart_Flag
                0x0000000020002311        0x1 ./Src/main.o
                0x0000000020002311                PC_Uart_Flag
 .bss.GR_FACE_FLAG_
                0x0000000020002312        0x2 ./Src/main.o
                0x0000000020002312                GR_FACE_FLAG_
 .bss.GR_FACE_FLAG_send
                0x0000000020002314        0x1 ./Src/main.o
                0x0000000020002314                GR_FACE_FLAG_send
 .bss.ACC_ST    0x0000000020002315        0x1 ./Src/main.o
                0x0000000020002315                ACC_ST
 .bss.ACC_dis   0x0000000020002316        0x2 ./Src/main.o
                0x0000000020002316                ACC_dis
 .bss.ACC_AMP   0x0000000020002318        0x2 ./Src/main.o
                0x0000000020002318                ACC_AMP
 *fill*         0x000000002000231a        0x2 
 .bss.FACE_ID_TASK_Handle
                0x000000002000231c        0x4 ./Src/main.o
                0x000000002000231c                FACE_ID_TASK_Handle
 .bss.CAR_ON_counter
                0x0000000020002320        0x1 ./Src/main.o
                0x0000000020002320                CAR_ON_counter
 .bss.CAR_login_counter
                0x0000000020002321        0x1 ./Src/main.o
                0x0000000020002321                CAR_login_counter
 .bss.ACC_THROTTEL_DATA
                0x0000000020002322        0x2 ./Src/main.o
                0x0000000020002322                ACC_THROTTEL_DATA
 *(COMMON)
                0x0000000020002324                . = ALIGN (0x4)
                0x0000000020002324                _ebss = .
                0x0000000020002324                __bss_end__ = _ebss

._user_heap_stack
                0x0000000020002324      0x604 load address 0x000000000801d790
                0x0000000020002328                . = ALIGN (0x8)
 *fill*         0x0000000020002324        0x4 
                [!provide]                        PROVIDE (end = .)
                0x0000000020002328                PROVIDE (_end = .)
                0x0000000020002528                . = (. + _Min_Heap_Size)
 *fill*         0x0000000020002328      0x200 
                0x0000000020002928                . = (. + _Min_Stack_Size)
 *fill*         0x0000000020002528      0x400 
                0x0000000020002928                . = ALIGN (0x8)

/DISCARD/
 libc.a(*)
 libm.a(*)
 libgcc.a(*)

.ARM.attributes
                0x0000000000000000       0x29
 *(.ARM.attributes)
 .ARM.attributes
                0x0000000000000000       0x1d C:/ST/STM32CubeIDE_1.13.2/STM32CubeIDE/plugins/com.st.stm32cube.ide.mcu.externaltools.gnu-tools-for-stm32.11.3.rel1.win32_1.1.1.202309131626/tools/bin/../lib/gcc/arm-none-eabi/11.3.1/thumb/v7-m/nofp/crti.o
 .ARM.attributes
                0x000000000000001d       0x2d C:/ST/STM32CubeIDE_1.13.2/STM32CubeIDE/plugins/com.st.stm32cube.ide.mcu.externaltools.gnu-tools-for-stm32.11.3.rel1.win32_1.1.1.202309131626/tools/bin/../lib/gcc/arm-none-eabi/11.3.1/thumb/v7-m/nofp/crtbegin.o
 .ARM.attributes
                0x000000000000004a       0x2d ./FreeRTOS/list.o
 .ARM.attributes
                0x0000000000000077       0x2d ./FreeRTOS/queue.o
 .ARM.attributes
                0x00000000000000a4       0x2d ./FreeRTOS/tasks.o
 .ARM.attributes
                0x00000000000000d1       0x2d ./FreeRTOS/portable/ARM_CM3/port.o
 .ARM.attributes
                0x00000000000000fe       0x2d ./FreeRTOS/portable/MemMang/heap_1.o
 .ARM.attributes
                0x000000000000012b       0x2d ./HAL/DMS.o
 .ARM.attributes
                0x0000000000000158       0x2d ./HAL/LUNA_LIDAR.o
 .ARM.attributes
                0x0000000000000185       0x2d ./HAL/TFT.o
 .ARM.attributes
                0x00000000000001b2       0x2d ./MCAL/ADC.o
 .ARM.attributes
                0x00000000000001df       0x2d ./MCAL/CAN.o
 .ARM.attributes
                0x000000000000020c       0x2d ./MCAL/EXTI_Driver.o
 .ARM.attributes
                0x0000000000000239       0x2d ./MCAL/GPIO_Driver.o
 .ARM.attributes
                0x0000000000000266       0x2d ./MCAL/GP_Timers.o
 .ARM.attributes
                0x0000000000000293       0x2d ./MCAL/RCC.o
 .ARM.attributes
                0x00000000000002c0       0x2d ./MCAL/SPI.o
 .ARM.attributes
                0x00000000000002ed       0x2d ./MCAL/Timer1_8.o
 .ARM.attributes
                0x000000000000031a       0x2d ./MCAL/USART_Driver.o
 .ARM.attributes
                0x0000000000000347       0x2d ./Src/main.o
 .ARM.attributes
                0x0000000000000374       0x21 ./Startup/startup_stm32f103cbtx.o
 .ARM.attributes
                0x0000000000000395       0x2d C:/ST/STM32CubeIDE_1.13.2/STM32CubeIDE/plugins/com.st.stm32cube.ide.mcu.externaltools.gnu-tools-for-stm32.11.3.rel1.win32_1.1.1.202309131626/tools/bin/../lib/gcc/arm-none-eabi/11.3.1/../../../../arm-none-eabi/lib/thumb/v7-m/nofp\libc_nano.a(libc_a-memset.o)
 .ARM.attributes
                0x00000000000003c2       0x2d C:/ST/STM32CubeIDE_1.13.2/STM32CubeIDE/plugins/com.st.stm32cube.ide.mcu.externaltools.gnu-tools-for-stm32.11.3.rel1.win32_1.1.1.202309131626/tools/bin/../lib/gcc/arm-none-eabi/11.3.1/../../../../arm-none-eabi/lib/thumb/v7-m/nofp\libc_nano.a(libc_a-init.o)
 .ARM.attributes
                0x00000000000003ef       0x2d C:/ST/STM32CubeIDE_1.13.2/STM32CubeIDE/plugins/com.st.stm32cube.ide.mcu.externaltools.gnu-tools-for-stm32.11.3.rel1.win32_1.1.1.202309131626/tools/bin/../lib/gcc/arm-none-eabi/11.3.1/../../../../arm-none-eabi/lib/thumb/v7-m/nofp\libc_nano.a(libc_a-memcpy-stub.o)
 .ARM.attributes
                0x000000000000041c       0x1d C:/ST/STM32CubeIDE_1.13.2/STM32CubeIDE/plugins/com.st.stm32cube.ide.mcu.externaltools.gnu-tools-for-stm32.11.3.rel1.win32_1.1.1.202309131626/tools/bin/../lib/gcc/arm-none-eabi/11.3.1/thumb/v7-m/nofp/crtn.o
OUTPUT(Graduation_Project_Finall.elf elf32-littlearm)
LOAD linker stubs
LOAD C:/ST/STM32CubeIDE_1.13.2/STM32CubeIDE/plugins/com.st.stm32cube.ide.mcu.externaltools.gnu-tools-for-stm32.11.3.rel1.win32_1.1.1.202309131626/tools/bin/../lib/gcc/arm-none-eabi/11.3.1/../../../../arm-none-eabi/lib/thumb/v7-m/nofp\libc.a
LOAD C:/ST/STM32CubeIDE_1.13.2/STM32CubeIDE/plugins/com.st.stm32cube.ide.mcu.externaltools.gnu-tools-for-stm32.11.3.rel1.win32_1.1.1.202309131626/tools/bin/../lib/gcc/arm-none-eabi/11.3.1/../../../../arm-none-eabi/lib/thumb/v7-m/nofp\libm.a
LOAD C:/ST/STM32CubeIDE_1.13.2/STM32CubeIDE/plugins/com.st.stm32cube.ide.mcu.externaltools.gnu-tools-for-stm32.11.3.rel1.win32_1.1.1.202309131626/tools/bin/../lib/gcc/arm-none-eabi/11.3.1/thumb/v7-m/nofp\libgcc.a

.comment        0x0000000000000000       0x43
 .comment       0x0000000000000000       0x43 C:/ST/STM32CubeIDE_1.13.2/STM32CubeIDE/plugins/com.st.stm32cube.ide.mcu.externaltools.gnu-tools-for-stm32.11.3.rel1.win32_1.1.1.202309131626/tools/bin/../lib/gcc/arm-none-eabi/11.3.1/thumb/v7-m/nofp/crtbegin.o
                                         0x44 (size before relaxing)
 .comment       0x0000000000000043       0x44 ./FreeRTOS/list.o
 .comment       0x0000000000000043       0x44 ./FreeRTOS/queue.o
 .comment       0x0000000000000043       0x44 ./FreeRTOS/tasks.o
 .comment       0x0000000000000043       0x44 ./FreeRTOS/portable/ARM_CM3/port.o
 .comment       0x0000000000000043       0x44 ./FreeRTOS/portable/MemMang/heap_1.o
 .comment       0x0000000000000043       0x44 ./HAL/DMS.o
 .comment       0x0000000000000043       0x44 ./HAL/LUNA_LIDAR.o
 .comment       0x0000000000000043       0x44 ./HAL/TFT.o
 .comment       0x0000000000000043       0x44 ./MCAL/ADC.o
 .comment       0x0000000000000043       0x44 ./MCAL/CAN.o
 .comment       0x0000000000000043       0x44 ./MCAL/EXTI_Driver.o
 .comment       0x0000000000000043       0x44 ./MCAL/GPIO_Driver.o
 .comment       0x0000000000000043       0x44 ./MCAL/GP_Timers.o
 .comment       0x0000000000000043       0x44 ./MCAL/RCC.o
 .comment       0x0000000000000043       0x44 ./MCAL/SPI.o
 .comment       0x0000000000000043       0x44 ./MCAL/Timer1_8.o
 .comment       0x0000000000000043       0x44 ./MCAL/USART_Driver.o
 .comment       0x0000000000000043       0x44 ./Src/main.o

.debug_info     0x0000000000000000     0xf6d8
 .debug_info    0x0000000000000000      0x304 ./FreeRTOS/list.o
 .debug_info    0x0000000000000304     0x120d ./FreeRTOS/queue.o
 .debug_info    0x0000000000001511     0x1d1c ./FreeRTOS/tasks.o
 .debug_info    0x000000000000322d      0x336 ./FreeRTOS/portable/ARM_CM3/port.o
 .debug_info    0x0000000000003563      0x1cb ./FreeRTOS/portable/MemMang/heap_1.o
 .debug_info    0x000000000000372e      0x2f8 ./HAL/DMS.o
 .debug_info    0x0000000000003a26      0x475 ./HAL/LUNA_LIDAR.o
 .debug_info    0x0000000000003e9b      0xc86 ./HAL/TFT.o
 .debug_info    0x0000000000004b21     0x136f ./MCAL/ADC.o
 .debug_info    0x0000000000005e90     0x1ef2 ./MCAL/CAN.o
 .debug_info    0x0000000000007d82      0x58a ./MCAL/EXTI_Driver.o
 .debug_info    0x000000000000830c      0x586 ./MCAL/GPIO_Driver.o
 .debug_info    0x0000000000008892     0x23d3 ./MCAL/GP_Timers.o
 .debug_info    0x000000000000ac65      0x233 ./MCAL/RCC.o
 .debug_info    0x000000000000ae98      0xca0 ./MCAL/SPI.o
 .debug_info    0x000000000000bb38     0x15b7 ./MCAL/Timer1_8.o
 .debug_info    0x000000000000d0ef      0x775 ./MCAL/USART_Driver.o
 .debug_info    0x000000000000d864     0x1e52 ./Src/main.o
 .debug_info    0x000000000000f6b6       0x22 ./Startup/startup_stm32f103cbtx.o

.debug_abbrev   0x0000000000000000     0x2527
 .debug_abbrev  0x0000000000000000       0xf4 ./FreeRTOS/list.o
 .debug_abbrev  0x00000000000000f4      0x2af ./FreeRTOS/queue.o
 .debug_abbrev  0x00000000000003a3      0x33d ./FreeRTOS/tasks.o
 .debug_abbrev  0x00000000000006e0      0x22a ./FreeRTOS/portable/ARM_CM3/port.o
 .debug_abbrev  0x000000000000090a      0x129 ./FreeRTOS/portable/MemMang/heap_1.o
 .debug_abbrev  0x0000000000000a33      0x111 ./HAL/DMS.o
 .debug_abbrev  0x0000000000000b44      0x147 ./HAL/LUNA_LIDAR.o
 .debug_abbrev  0x0000000000000c8b      0x226 ./HAL/TFT.o
 .debug_abbrev  0x0000000000000eb1      0x2b9 ./MCAL/ADC.o
 .debug_abbrev  0x000000000000116a      0x2e7 ./MCAL/CAN.o
 .debug_abbrev  0x0000000000001451      0x19d ./MCAL/EXTI_Driver.o
 .debug_abbrev  0x00000000000015ee      0x140 ./MCAL/GPIO_Driver.o
 .debug_abbrev  0x000000000000172e      0x315 ./MCAL/GP_Timers.o
 .debug_abbrev  0x0000000000001a43       0xcf ./MCAL/RCC.o
 .debug_abbrev  0x0000000000001b12      0x204 ./MCAL/SPI.o
 .debug_abbrev  0x0000000000001d16      0x284 ./MCAL/Timer1_8.o
 .debug_abbrev  0x0000000000001f9a      0x1d6 ./MCAL/USART_Driver.o
 .debug_abbrev  0x0000000000002170      0x3a5 ./Src/main.o
 .debug_abbrev  0x0000000000002515       0x12 ./Startup/startup_stm32f103cbtx.o

.debug_loc      0x0000000000000000     0x3db2
 .debug_loc     0x0000000000000000      0x1cc ./FreeRTOS/list.o
 .debug_loc     0x00000000000001cc      0x804 ./FreeRTOS/queue.o
 .debug_loc     0x00000000000009d0     0x103c ./FreeRTOS/tasks.o
 .debug_loc     0x0000000000001a0c      0x274 ./FreeRTOS/portable/ARM_CM3/port.o
 .debug_loc     0x0000000000001c80      0x134 ./FreeRTOS/portable/MemMang/heap_1.o
 .debug_loc     0x0000000000001db4       0x7c ./HAL/DMS.o
 .debug_loc     0x0000000000001e30       0x7c ./HAL/LUNA_LIDAR.o
 .debug_loc     0x0000000000001eac      0x140 ./HAL/TFT.o
 .debug_loc     0x0000000000001fec      0x1b2 ./MCAL/ADC.o
 .debug_loc     0x000000000000219e      0x2a8 ./MCAL/CAN.o
 .debug_loc     0x0000000000002446      0x23c ./MCAL/EXTI_Driver.o
 .debug_loc     0x0000000000002682      0x38c ./MCAL/GPIO_Driver.o
 .debug_loc     0x0000000000002a0e      0x4f6 ./MCAL/GP_Timers.o
 .debug_loc     0x0000000000002f04       0xc8 ./MCAL/RCC.o
 .debug_loc     0x0000000000002fcc      0x262 ./MCAL/SPI.o
 .debug_loc     0x000000000000322e      0x414 ./MCAL/Timer1_8.o
 .debug_loc     0x0000000000003642      0x238 ./MCAL/USART_Driver.o
 .debug_loc     0x000000000000387a      0x538 ./Src/main.o

.debug_aranges  0x0000000000000000      0x880
 .debug_aranges
                0x0000000000000000       0x40 ./FreeRTOS/list.o
 .debug_aranges
                0x0000000000000040       0xe0 ./FreeRTOS/queue.o
 .debug_aranges
                0x0000000000000120      0x1b0 ./FreeRTOS/tasks.o
 .debug_aranges
                0x00000000000002d0       0x70 ./FreeRTOS/portable/ARM_CM3/port.o
 .debug_aranges
                0x0000000000000340       0x38 ./FreeRTOS/portable/MemMang/heap_1.o
 .debug_aranges
                0x0000000000000378       0x28 ./HAL/DMS.o
 .debug_aranges
                0x00000000000003a0       0x28 ./HAL/LUNA_LIDAR.o
 .debug_aranges
                0x00000000000003c8       0x38 ./HAL/TFT.o
 .debug_aranges
                0x0000000000000400       0x48 ./MCAL/ADC.o
 .debug_aranges
                0x0000000000000448       0x68 ./MCAL/CAN.o
 .debug_aranges
                0x00000000000004b0       0x68 ./MCAL/EXTI_Driver.o
 .debug_aranges
                0x0000000000000518       0x68 ./MCAL/GPIO_Driver.o
 .debug_aranges
                0x0000000000000580       0x98 ./MCAL/GP_Timers.o
 .debug_aranges
                0x0000000000000618       0x38 ./MCAL/RCC.o
 .debug_aranges
                0x0000000000000650       0x50 ./MCAL/SPI.o
 .debug_aranges
                0x00000000000006a0       0x90 ./MCAL/Timer1_8.o
 .debug_aranges
                0x0000000000000730       0x58 ./MCAL/USART_Driver.o
 .debug_aranges
                0x0000000000000788       0xd0 ./Src/main.o
 .debug_aranges
                0x0000000000000858       0x28 ./Startup/startup_stm32f103cbtx.o

.debug_ranges   0x0000000000000000      0x758
 .debug_ranges  0x0000000000000000       0x30 ./FreeRTOS/list.o
 .debug_ranges  0x0000000000000030       0xd0 ./FreeRTOS/queue.o
 .debug_ranges  0x0000000000000100      0x1a0 ./FreeRTOS/tasks.o
 .debug_ranges  0x00000000000002a0       0x60 ./FreeRTOS/portable/ARM_CM3/port.o
 .debug_ranges  0x0000000000000300       0x28 ./FreeRTOS/portable/MemMang/heap_1.o
 .debug_ranges  0x0000000000000328       0x18 ./HAL/DMS.o
 .debug_ranges  0x0000000000000340       0x18 ./HAL/LUNA_LIDAR.o
 .debug_ranges  0x0000000000000358       0x28 ./HAL/TFT.o
 .debug_ranges  0x0000000000000380       0x38 ./MCAL/ADC.o
 .debug_ranges  0x00000000000003b8       0x58 ./MCAL/CAN.o
 .debug_ranges  0x0000000000000410       0x58 ./MCAL/EXTI_Driver.o
 .debug_ranges  0x0000000000000468       0x58 ./MCAL/GPIO_Driver.o
 .debug_ranges  0x00000000000004c0       0x88 ./MCAL/GP_Timers.o
 .debug_ranges  0x0000000000000548       0x28 ./MCAL/RCC.o
 .debug_ranges  0x0000000000000570       0x40 ./MCAL/SPI.o
 .debug_ranges  0x00000000000005b0       0x80 ./MCAL/Timer1_8.o
 .debug_ranges  0x0000000000000630       0x48 ./MCAL/USART_Driver.o
 .debug_ranges  0x0000000000000678       0xc0 ./Src/main.o
 .debug_ranges  0x0000000000000738       0x20 ./Startup/startup_stm32f103cbtx.o

.debug_macro    0x0000000000000000     0x1ae7
 .debug_macro   0x0000000000000000      0x198 ./FreeRTOS/list.o
 .debug_macro   0x0000000000000198      0x22f ./FreeRTOS/queue.o
 .debug_macro   0x00000000000003c7       0x16 ./FreeRTOS/queue.o
 .debug_macro   0x00000000000003dd       0x35 ./FreeRTOS/queue.o
 .debug_macro   0x0000000000000412       0x20 ./FreeRTOS/queue.o
 .debug_macro   0x0000000000000432       0x80 ./FreeRTOS/queue.o
 .debug_macro   0x00000000000004b2      0x27e ./FreeRTOS/tasks.o
 .debug_macro   0x0000000000000730       0x17 ./FreeRTOS/tasks.o
 .debug_macro   0x0000000000000747      0x183 ./FreeRTOS/portable/ARM_CM3/port.o
 .debug_macro   0x00000000000008ca      0x1ad ./FreeRTOS/portable/MemMang/heap_1.o
 .debug_macro   0x0000000000000a77       0x94 ./HAL/DMS.o
 .debug_macro   0x0000000000000b0b       0x16 ./HAL/DMS.o
 .debug_macro   0x0000000000000b21      0x1a3 ./HAL/DMS.o
 .debug_macro   0x0000000000000cc4       0x22 ./HAL/DMS.o
 .debug_macro   0x0000000000000ce6       0xac ./HAL/LUNA_LIDAR.o
 .debug_macro   0x0000000000000d92       0x16 ./HAL/LUNA_LIDAR.o
 .debug_macro   0x0000000000000da8       0x1c ./HAL/LUNA_LIDAR.o
 .debug_macro   0x0000000000000dc4       0x46 ./HAL/LUNA_LIDAR.o
 .debug_macro   0x0000000000000e0a       0xbe ./HAL/TFT.o
 .debug_macro   0x0000000000000ec8       0x1c ./HAL/TFT.o
 .debug_macro   0x0000000000000ee4       0xa0 ./HAL/TFT.o
 .debug_macro   0x0000000000000f84       0xa2 ./MCAL/ADC.o
 .debug_macro   0x0000000000001026       0x9d ./MCAL/CAN.o
 .debug_macro   0x00000000000010c3       0x10 ./MCAL/CAN.o
 .debug_macro   0x00000000000010d3       0x98 ./MCAL/EXTI_Driver.o
 .debug_macro   0x000000000000116b      0x346 ./MCAL/EXTI_Driver.o
 .debug_macro   0x00000000000014b1       0x85 ./MCAL/GPIO_Driver.o
 .debug_macro   0x0000000000001536       0x95 ./MCAL/GP_Timers.o
 .debug_macro   0x00000000000015cb       0x8a ./MCAL/RCC.o
 .debug_macro   0x0000000000001655       0x16 ./MCAL/RCC.o
 .debug_macro   0x000000000000166b       0x94 ./MCAL/SPI.o
 .debug_macro   0x00000000000016ff       0x98 ./MCAL/Timer1_8.o
 .debug_macro   0x0000000000001797       0x9d ./MCAL/USART_Driver.o
 .debug_macro   0x0000000000001834      0x19d ./Src/main.o
 .debug_macro   0x00000000000019d1       0x1c ./Src/main.o
 .debug_macro   0x00000000000019ed       0x62 ./Src/main.o
 .debug_macro   0x0000000000001a4f       0x10 ./Src/main.o
 .debug_macro   0x0000000000001a5f       0x88 ./Src/main.o

.debug_line     0x0000000000000000     0xae1d
 .debug_line    0x0000000000000000      0x794 ./FreeRTOS/list.o
 .debug_line    0x0000000000000794      0xf84 ./FreeRTOS/queue.o
 .debug_line    0x0000000000001718     0x169e ./FreeRTOS/tasks.o
 .debug_line    0x0000000000002db6      0x702 ./FreeRTOS/portable/ARM_CM3/port.o
 .debug_line    0x00000000000034b8      0x73f ./FreeRTOS/portable/MemMang/heap_1.o
 .debug_line    0x0000000000003bf7      0x528 ./HAL/DMS.o
 .debug_line    0x000000000000411f      0x6b1 ./HAL/LUNA_LIDAR.o
 .debug_line    0x00000000000047d0      0x63f ./HAL/TFT.o
 .debug_line    0x0000000000004e0f      0x71d ./MCAL/ADC.o
 .debug_line    0x000000000000552c     0x11ed ./MCAL/CAN.o
 .debug_line    0x0000000000006719      0x7d2 ./MCAL/EXTI_Driver.o
 .debug_line    0x0000000000006eeb      0x737 ./MCAL/GPIO_Driver.o
 .debug_line    0x0000000000007622     0x108d ./MCAL/GP_Timers.o
 .debug_line    0x00000000000086af      0x4f6 ./MCAL/RCC.o
 .debug_line    0x0000000000008ba5      0x791 ./MCAL/SPI.o
 .debug_line    0x0000000000009336      0x7b0 ./MCAL/Timer1_8.o
 .debug_line    0x0000000000009ae6      0x707 ./MCAL/USART_Driver.o
 .debug_line    0x000000000000a1ed      0xbac ./Src/main.o
 .debug_line    0x000000000000ad99       0x84 ./Startup/startup_stm32f103cbtx.o

.debug_str      0x0000000000000000    0x14373
 .debug_str     0x0000000000000000     0xad48 ./FreeRTOS/list.o
                                       0xaf6d (size before relaxing)
 .debug_str     0x000000000000ad48     0x24ba ./FreeRTOS/queue.o
                                       0xd430 (size before relaxing)
 .debug_str     0x000000000000d202     0x1916 ./FreeRTOS/tasks.o
                                       0xddbf (size before relaxing)
 .debug_str     0x000000000000eb18      0x606 ./FreeRTOS/portable/ARM_CM3/port.o
                                       0x95af (size before relaxing)
 .debug_str     0x000000000000f11e       0xd2 ./FreeRTOS/portable/MemMang/heap_1.o
                                       0xc195 (size before relaxing)
 .debug_str     0x000000000000f1f0      0x93d ./HAL/DMS.o
                                       0x4636 (size before relaxing)
 .debug_str     0x000000000000fb2d      0x4fd ./HAL/LUNA_LIDAR.o
                                       0x49e9 (size before relaxing)
 .debug_str     0x000000000001002a      0x635 ./HAL/TFT.o
                                       0x4ca0 (size before relaxing)
 .debug_str     0x000000000001065f      0x5f0 ./MCAL/ADC.o
                                       0x4cbd (size before relaxing)
 .debug_str     0x0000000000010c4f      0x9ba ./MCAL/CAN.o
                                       0x5091 (size before relaxing)
 .debug_str     0x0000000000011609     0x15be ./MCAL/EXTI_Driver.o
                                       0x5b3f (size before relaxing)
 .debug_str     0x0000000000012bc7       0xce ./MCAL/GPIO_Driver.o
                                       0x46ae (size before relaxing)
 .debug_str     0x0000000000012c95      0x771 ./MCAL/GP_Timers.o
                                       0x4f17 (size before relaxing)
 .debug_str     0x0000000000013406       0x4c ./MCAL/RCC.o
                                       0x457d (size before relaxing)
 .debug_str     0x0000000000013452       0x95 ./MCAL/SPI.o
                                       0x49b7 (size before relaxing)
 .debug_str     0x00000000000134e7      0x246 ./MCAL/Timer1_8.o
                                       0x4d3f (size before relaxing)
 .debug_str     0x000000000001372d       0x80 ./MCAL/USART_Driver.o
                                       0x4aeb (size before relaxing)
 .debug_str     0x00000000000137ad      0xb97 ./Src/main.o
                                       0xcde8 (size before relaxing)
 .debug_str     0x0000000000014344       0x2f ./Startup/startup_stm32f103cbtx.o
                                         0x70 (size before relaxing)

.debug_frame    0x0000000000000000     0x1ed8
 .debug_frame   0x0000000000000000       0xd8 ./FreeRTOS/list.o
 .debug_frame   0x00000000000000d8      0x3a4 ./FreeRTOS/queue.o
 .debug_frame   0x000000000000047c      0x75c ./FreeRTOS/tasks.o
 .debug_frame   0x0000000000000bd8      0x160 ./FreeRTOS/portable/ARM_CM3/port.o
 .debug_frame   0x0000000000000d38       0x9c ./FreeRTOS/portable/MemMang/heap_1.o
 .debug_frame   0x0000000000000dd4       0x50 ./HAL/DMS.o
 .debug_frame   0x0000000000000e24       0x54 ./HAL/LUNA_LIDAR.o
 .debug_frame   0x0000000000000e78       0xa0 ./HAL/TFT.o
 .debug_frame   0x0000000000000f18       0xe0 ./MCAL/ADC.o
 .debug_frame   0x0000000000000ff8      0x160 ./MCAL/CAN.o
 .debug_frame   0x0000000000001158      0x148 ./MCAL/EXTI_Driver.o
 .debug_frame   0x00000000000012a0      0x1a0 ./MCAL/GPIO_Driver.o
 .debug_frame   0x0000000000001440      0x260 ./MCAL/GP_Timers.o
 .debug_frame   0x00000000000016a0       0x84 ./MCAL/RCC.o
 .debug_frame   0x0000000000001724      0x120 ./MCAL/SPI.o
 .debug_frame   0x0000000000001844      0x214 ./MCAL/Timer1_8.o
 .debug_frame   0x0000000000001a58      0x12c ./MCAL/USART_Driver.o
 .debug_frame   0x0000000000001b84      0x2e0 ./Src/main.o
 .debug_frame   0x0000000000001e64       0x20 C:/ST/STM32CubeIDE_1.13.2/STM32CubeIDE/plugins/com.st.stm32cube.ide.mcu.externaltools.gnu-tools-for-stm32.11.3.rel1.win32_1.1.1.202309131626/tools/bin/../lib/gcc/arm-none-eabi/11.3.1/../../../../arm-none-eabi/lib/thumb/v7-m/nofp\libc_nano.a(libc_a-memset.o)
 .debug_frame   0x0000000000001e84       0x2c C:/ST/STM32CubeIDE_1.13.2/STM32CubeIDE/plugins/com.st.stm32cube.ide.mcu.externaltools.gnu-tools-for-stm32.11.3.rel1.win32_1.1.1.202309131626/tools/bin/../lib/gcc/arm-none-eabi/11.3.1/../../../../arm-none-eabi/lib/thumb/v7-m/nofp\libc_nano.a(libc_a-init.o)
 .debug_frame   0x0000000000001eb0       0x28 C:/ST/STM32CubeIDE_1.13.2/STM32CubeIDE/plugins/com.st.stm32cube.ide.mcu.externaltools.gnu-tools-for-stm32.11.3.rel1.win32_1.1.1.202309131626/tools/bin/../lib/gcc/arm-none-eabi/11.3.1/../../../../arm-none-eabi/lib/thumb/v7-m/nofp\libc_nano.a(libc_a-memcpy-stub.o)
